<html>
<body>
<pre>
<h1>µVision Build Log</h1>
<h2>Tool Versions:</h2>
IDE-Version: ¦ÌVision V5.38.0.0
Copyright (C) 2022 ARM Ltd and ARM Germany GmbH. All rights reserved.
License Information: 23354 2293721550@qq.com, 34, LIC=SDA0P-MGNPU-01QP1-C3RVV-29WMK-7AGBG
 
Tool Versions:
Toolchain:       MDK-ARM Plus  Version: 5.38.0.0
Toolchain Path:  D:\program\keil_5\ARM\ARMCLANG\Bin
C Compiler:      ArmClang.exe V6.19
Assembler:       Armasm.exe V6.19
Linker/Locator:  ArmLink.exe V6.19
Library Manager: ArmAr.exe V6.19
Hex Converter:   FromElf.exe V6.19
CPU DLL:         SARMCM3.DLL V5.38.0.0
Dialog DLL:      DARMCM1.DLL V1.19.6.0
Target DLL:      CMSIS_AGDI.dll V1.33.15.0
Dialog DLL:      TARMCM1.DLL V1.14.6.0
 
<h2>Project:</h2>
C:\ti\mspm0_sdk_2_01_00_03\examples\nortos\LP_MSPM0G3507\driverlib\empty\keil\empty_LP_MSPM0G3507_nortos_keil.uvprojx
Project File Date:  07/05/2024

<h2>Output:</h2>
*** Using Compiler 'V6.19', folder: 'D:\program\keil_5\ARM\ARMCLANG\Bin'
Build target 'empty_LP_MSPM0G3507_nortos_keil'
Before Build - User command #1: cmd.exe /C "C:\ti\mspm0_sdk_2_01_00_03\examples\nortos\LP_MSPM0G3507\driverlib\empty\keil\../../../../../../tools/keil/syscfg.bat 'C:\ti\mspm0_sdk_2_01_00_03\examples\nortos\LP_MSPM0G3507\driverlib\empty\keil\' empty.syscfg"
Using Sysconfig Tool from "C:\ti\sysconfig_1.20.0\sysconfig_cli.bat"
"Update the file located at <sdk path>/tools/keil/syscfg.bat to use a different version"
Running script...
Validating...
warning: /ti/project_config/ProjectConfig deviceSpin: Migrating requires going through the Switch Board or Device menu in the Device View section.
info: /ti/project_config/ProjectConfig deviceSpin: Note: User must select a device after migration. 
info: UART_1(/ti/driverlib/UART) DMA_CHANNEL_TX.channelID: Currently using a Full Channel.
info: UART_4(/ti/driverlib/UART) DMA_CHANNEL_TX.channelID: Currently using a Full Channel.
info: UART_3(/ti/driverlib/UART) DMA_CHANNEL_TX.channelID: Currently using a Full Channel.
info: M_PWM(/ti/driverlib/PWM): Peripheral does not retain register contents in STOP or STANDBY modes. User should take care to save and restore register configuration in application. See Retention Configuration section for more details.
info: SERVO(/ti/driverlib/PWM): Peripheral does not retain register contents in STOP or STANDBY modes. User should take care to save and restore register configuration in application. See Retention Configuration section for more details.
info: UART_1(/ti/driverlib/UART): Peripheral does not retain register contents in STOP or STANDBY modes. User should take care to save and restore register configuration in application. See Retention Configuration section for more details.
0 error(s), 1 warning(s)
Generating Code (empty.syscfg)...
Unchanged C:\ti\mspm0_sdk_2_01_00_03\examples\nortos\LP_MSPM0G3507\driverlib\empty\ti_msp_dl_config.c...
Unchanged C:\ti\mspm0_sdk_2_01_00_03\examples\nortos\LP_MSPM0G3507\driverlib\empty\ti_msp_dl_config.h...
Unchanged C:\ti\mspm0_sdk_2_01_00_03\examples\nortos\LP_MSPM0G3507\driverlib\empty\Event.dot...
../user/gy901.c(58): warning: non-void function does not return a value in all control paths [-Wreturn-type]
}
^
1 warning generated.
compiling gy901.c...
linking...
Program Size: Code=10284 RO-data=420 RW-data=16 ZI-data=1448  
FromELF: creating hex file...
".\Objects\empty_LP_MSPM0G3507_nortos_keil.axf" - 0 Error(s), 1 Warning(s).

<h2>Software Packages used:</h2>

Package Vendor: TexasInstruments
                https://software-dl.ti.com/msp430/esd/MSPM0-CMSIS/MSPM0G1X0X_G3X0X/latest/exports/TexasInstruments.MSPM0G1X0X_G3X0X_DFP.1.3.1.pack
                TexasInstruments.MSPM0G1X0X_G3X0X_DFP.1.3.1
                Device Family Pack for Texas Instruments MSPM0G1X0X_G3X0X Series

<h2>Collection of Component include folders:</h2>

<h2>Collection of Component Files used:</h2>
Build Time Elapsed:  00:00:02
</pre>
</body>
</html>
