<?xml version="1.0" encoding="ISO-8859-1" ?>
<link_info>
   <banner>TI ARM Clang Linker PC v3.2.1.LTS</banner>
   <copyright>Copyright (c) 1996-2018 Texas Instruments Incorporated</copyright>
   <link_time>0x668f744e</link_time>
   <link_errors>0x0</link_errors>
   <output_file>C:\Users\22937\workspace_ccstheia\empty_LP_MSPM0G3507_nortos_ticlang\Debug\empty_LP_MSPM0G3507_nortos_ticlang.out</output_file>
   <entry_point>
      <name>_c_int00_noargs</name>
      <address>0x36cd</address>
   </entry_point>
   <input_file_list>
      <input_file id="fl-1">
         <path>C:\Users\22937\workspace_ccstheia\empty_LP_MSPM0G3507_nortos_ticlang\Debug\.\</path>
         <kind>object</kind>
         <file>empty.o</file>
         <name>empty.o</name>
      </input_file>
      <input_file id="fl-2">
         <path>C:\Users\22937\workspace_ccstheia\empty_LP_MSPM0G3507_nortos_ticlang\Debug\.\</path>
         <kind>object</kind>
         <file>ti_msp_dl_config.o</file>
         <name>ti_msp_dl_config.o</name>
      </input_file>
      <input_file id="fl-3">
         <path>C:\Users\22937\workspace_ccstheia\empty_LP_MSPM0G3507_nortos_ticlang\Debug\.\</path>
         <kind>object</kind>
         <file>startup_mspm0g350x_ticlang.o</file>
         <name>startup_mspm0g350x_ticlang.o</name>
      </input_file>
      <input_file id="fl-4">
         <path>C:\Users\22937\workspace_ccstheia\empty_LP_MSPM0G3507_nortos_ticlang\Debug\.\User\device\</path>
         <kind>object</kind>
         <file>gw_gray.o</file>
         <name>gw_gray.o</name>
      </input_file>
      <input_file id="fl-5">
         <path>C:\Users\22937\workspace_ccstheia\empty_LP_MSPM0G3507_nortos_ticlang\Debug\.\User\device\</path>
         <kind>object</kind>
         <file>gyroscope.o</file>
         <name>gyroscope.o</name>
      </input_file>
      <input_file id="fl-6">
         <path>C:\Users\22937\workspace_ccstheia\empty_LP_MSPM0G3507_nortos_ticlang\Debug\.\User\device\</path>
         <kind>object</kind>
         <file>motor.o</file>
         <name>motor.o</name>
      </input_file>
      <input_file id="fl-7">
         <path>C:\Users\22937\workspace_ccstheia\empty_LP_MSPM0G3507_nortos_ticlang\Debug\.\User\device\</path>
         <kind>object</kind>
         <file>radar.o</file>
         <name>radar.o</name>
      </input_file>
      <input_file id="fl-8">
         <path>C:\Users\22937\workspace_ccstheia\empty_LP_MSPM0G3507_nortos_ticlang\Debug\.\User\device\</path>
         <kind>object</kind>
         <file>servo.o</file>
         <name>servo.o</name>
      </input_file>
      <input_file id="fl-9">
         <path>C:\Users\22937\workspace_ccstheia\empty_LP_MSPM0G3507_nortos_ticlang\Debug\.\User\device\</path>
         <kind>object</kind>
         <file>uart.o</file>
         <name>uart.o</name>
      </input_file>
      <input_file id="fl-a">
         <path>C:\Users\22937\workspace_ccstheia\empty_LP_MSPM0G3507_nortos_ticlang\Debug\.\User\</path>
         <kind>object</kind>
         <file>gyr_iic.o</file>
         <name>gyr_iic.o</name>
      </input_file>
      <input_file id="fl-b">
         <path>C:\Users\22937\workspace_ccstheia\empty_LP_MSPM0G3507_nortos_ticlang\Debug\.\User\</path>
         <kind>object</kind>
         <file>uart_re_driver.o</file>
         <name>uart_re_driver.o</name>
      </input_file>
      <input_file id="fl-c">
         <path>C:\Users\22937\workspace_ccstheia\empty_LP_MSPM0G3507_nortos_ticlang\Debug\.\User\it\</path>
         <kind>object</kind>
         <file>gpio_it.o</file>
         <name>gpio_it.o</name>
      </input_file>
      <input_file id="fl-d">
         <path>C:\Users\22937\workspace_ccstheia\empty_LP_MSPM0G3507_nortos_ticlang\Debug\.\User\it\</path>
         <kind>object</kind>
         <file>timer_it.o</file>
         <name>timer_it.o</name>
      </input_file>
      <input_file id="fl-e">
         <path>C:\Users\22937\workspace_ccstheia\empty_LP_MSPM0G3507_nortos_ticlang\Debug\.\User\it\</path>
         <kind>object</kind>
         <file>uart_it.o</file>
         <name>uart_it.o</name>
      </input_file>
      <input_file id="fl-f">
         <path>C:\Users\22937\workspace_ccstheia\empty_LP_MSPM0G3507_nortos_ticlang\Debug\.\User\status\</path>
         <kind>object</kind>
         <file>rpc.o</file>
         <name>rpc.o</name>
      </input_file>
      <input_file id="fl-10">
         <path>C:\Users\22937\workspace_ccstheia\empty_LP_MSPM0G3507_nortos_ticlang\Debug\.\User\status\</path>
         <kind>object</kind>
         <file>status.o</file>
         <name>status.o</name>
      </input_file>
      <input_file id="fl-11">
         <path>C:\Users\22937\workspace_ccstheia\empty_LP_MSPM0G3507_nortos_ticlang\Debug\.\User\status\</path>
         <kind>object</kind>
         <file>wheel.o</file>
         <name>wheel.o</name>
      </input_file>
      <input_file id="fl-12">
         <path>C:\Users\22937\workspace_ccstheia\empty_LP_MSPM0G3507_nortos_ticlang\Debug\.\User\utils\</path>
         <kind>object</kind>
         <file>log.o</file>
         <name>log.o</name>
      </input_file>
      <input_file id="fl-13">
         <path>C:\Users\22937\workspace_ccstheia\empty_LP_MSPM0G3507_nortos_ticlang\Debug\.\User\utils\</path>
         <kind>object</kind>
         <file>pid.o</file>
         <name>pid.o</name>
      </input_file>
      <input_file id="fl-20">
         <path>C:\Users\22937\workspace_ccstheia\empty_LP_MSPM0G3507_nortos_ticlang\Debug\</path>
         <kind>object</kind>
         <file>&lt;internal&gt;</file>
         <name>&lt;internal&gt;</name>
      </input_file>
      <input_file id="fl-21">
         <path>C:\ti\mspm0_sdk_2_01_00_03\source\ti\driverlib\lib\ticlang\m0p\mspm0g1x0x_g3x0x\</path>
         <kind>archive</kind>
         <file>driverlib.a</file>
         <name>dl_common.o</name>
      </input_file>
      <input_file id="fl-22">
         <path>C:\ti\mspm0_sdk_2_01_00_03\source\ti\driverlib\lib\ticlang\m0p\mspm0g1x0x_g3x0x\</path>
         <kind>archive</kind>
         <file>driverlib.a</file>
         <name>dl_dma.o</name>
      </input_file>
      <input_file id="fl-23">
         <path>C:\ti\mspm0_sdk_2_01_00_03\source\ti\driverlib\lib\ticlang\m0p\mspm0g1x0x_g3x0x\</path>
         <kind>archive</kind>
         <file>driverlib.a</file>
         <name>dl_i2c.o</name>
      </input_file>
      <input_file id="fl-24">
         <path>C:\ti\mspm0_sdk_2_01_00_03\source\ti\driverlib\lib\ticlang\m0p\mspm0g1x0x_g3x0x\</path>
         <kind>archive</kind>
         <file>driverlib.a</file>
         <name>dl_timer.o</name>
      </input_file>
      <input_file id="fl-25">
         <path>C:\ti\mspm0_sdk_2_01_00_03\source\ti\driverlib\lib\ticlang\m0p\mspm0g1x0x_g3x0x\</path>
         <kind>archive</kind>
         <file>driverlib.a</file>
         <name>dl_uart.o</name>
      </input_file>
      <input_file id="fl-34">
         <path>D:\program\CCS\ccs_blue\ccs\tools\compiler\ti-cgt-armllvm_3.2.1.LTS\lib\armv6m-ti-none-eabi\c\</path>
         <kind>archive</kind>
         <file>libc.a</file>
         <name>vsnprintf.c.obj</name>
      </input_file>
      <input_file id="fl-35">
         <path>D:\program\CCS\ccs_blue\ccs\tools\compiler\ti-cgt-armllvm_3.2.1.LTS\lib\armv6m-ti-none-eabi\c\</path>
         <kind>archive</kind>
         <file>libc.a</file>
         <name>copy_zero_init.c.obj</name>
      </input_file>
      <input_file id="fl-36">
         <path>D:\program\CCS\ccs_blue\ccs\tools\compiler\ti-cgt-armllvm_3.2.1.LTS\lib\armv6m-ti-none-eabi\c\</path>
         <kind>archive</kind>
         <file>libc.a</file>
         <name>copy_decompress_none.c.obj</name>
      </input_file>
      <input_file id="fl-37">
         <path>D:\program\CCS\ccs_blue\ccs\tools\compiler\ti-cgt-armllvm_3.2.1.LTS\lib\armv6m-ti-none-eabi\c\</path>
         <kind>archive</kind>
         <file>libc.a</file>
         <name>copy_decompress_lzss.c.obj</name>
      </input_file>
      <input_file id="fl-38">
         <path>D:\program\CCS\ccs_blue\ccs\tools\compiler\ti-cgt-armllvm_3.2.1.LTS\lib\armv6m-ti-none-eabi\c\</path>
         <kind>archive</kind>
         <file>libc.a</file>
         <name>boot_cortex_m.c.obj</name>
      </input_file>
      <input_file id="fl-39">
         <path>D:\program\CCS\ccs_blue\ccs\tools\compiler\ti-cgt-armllvm_3.2.1.LTS\lib\armv6m-ti-none-eabi\c\</path>
         <kind>archive</kind>
         <file>libc.a</file>
         <name>mathacl_init.c.obj</name>
      </input_file>
      <input_file id="fl-3a">
         <path>D:\program\CCS\ccs_blue\ccs\tools\compiler\ti-cgt-armllvm_3.2.1.LTS\lib\armv6m-ti-none-eabi\c\</path>
         <kind>archive</kind>
         <file>libc.a</file>
         <name>_printfi.c.obj</name>
      </input_file>
      <input_file id="fl-3b">
         <path>D:\program\CCS\ccs_blue\ccs\tools\compiler\ti-cgt-armllvm_3.2.1.LTS\lib\armv6m-ti-none-eabi\c\</path>
         <kind>archive</kind>
         <file>libc.a</file>
         <name>s_frexp.c.obj</name>
      </input_file>
      <input_file id="fl-3c">
         <path>D:\program\CCS\ccs_blue\ccs\tools\compiler\ti-cgt-armllvm_3.2.1.LTS\lib\armv6m-ti-none-eabi\c\</path>
         <kind>archive</kind>
         <file>libc.a</file>
         <name>s_scalbn.c.obj</name>
      </input_file>
      <input_file id="fl-3d">
         <path>D:\program\CCS\ccs_blue\ccs\tools\compiler\ti-cgt-armllvm_3.2.1.LTS\lib\armv6m-ti-none-eabi\c\</path>
         <kind>archive</kind>
         <file>libc.a</file>
         <name>aeabi_portable.c.obj</name>
      </input_file>
      <input_file id="fl-3e">
         <path>D:\program\CCS\ccs_blue\ccs\tools\compiler\ti-cgt-armllvm_3.2.1.LTS\lib\armv6m-ti-none-eabi\c\</path>
         <kind>archive</kind>
         <file>libc.a</file>
         <name>exit.c.obj</name>
      </input_file>
      <input_file id="fl-3f">
         <path>D:\program\CCS\ccs_blue\ccs\tools\compiler\ti-cgt-armllvm_3.2.1.LTS\lib\armv6m-ti-none-eabi\c\</path>
         <kind>archive</kind>
         <file>libc.a</file>
         <name>_lock.c.obj</name>
      </input_file>
      <input_file id="fl-40">
         <path>D:\program\CCS\ccs_blue\ccs\tools\compiler\ti-cgt-armllvm_3.2.1.LTS\lib\armv6m-ti-none-eabi\c\</path>
         <kind>archive</kind>
         <file>libc.a</file>
         <name>_ltoa.c.obj</name>
      </input_file>
      <input_file id="fl-41">
         <path>D:\program\CCS\ccs_blue\ccs\tools\compiler\ti-cgt-armllvm_3.2.1.LTS\lib\armv6m-ti-none-eabi\c\</path>
         <kind>archive</kind>
         <file>libc.a</file>
         <name>args_main.c.obj</name>
      </input_file>
      <input_file id="fl-42">
         <path>D:\program\CCS\ccs_blue\ccs\tools\compiler\ti-cgt-armllvm_3.2.1.LTS\lib\armv6m-ti-none-eabi\c\</path>
         <kind>archive</kind>
         <file>libc.a</file>
         <name>assert.c.obj</name>
      </input_file>
      <input_file id="fl-43">
         <path>D:\program\CCS\ccs_blue\ccs\tools\compiler\ti-cgt-armllvm_3.2.1.LTS\lib\armv6m-ti-none-eabi\c\</path>
         <kind>archive</kind>
         <file>libc.a</file>
         <name>atoi.c.obj</name>
      </input_file>
      <input_file id="fl-44">
         <path>D:\program\CCS\ccs_blue\ccs\tools\compiler\ti-cgt-armllvm_3.2.1.LTS\lib\armv6m-ti-none-eabi\c\</path>
         <kind>archive</kind>
         <file>libc.a</file>
         <name>defs.c.obj</name>
      </input_file>
      <input_file id="fl-45">
         <path>D:\program\CCS\ccs_blue\ccs\tools\compiler\ti-cgt-armllvm_3.2.1.LTS\lib\armv6m-ti-none-eabi\c\</path>
         <kind>archive</kind>
         <file>libc.a</file>
         <name>memccpy.c.obj</name>
      </input_file>
      <input_file id="fl-46">
         <path>D:\program\CCS\ccs_blue\ccs\tools\compiler\ti-cgt-armllvm_3.2.1.LTS\lib\armv6m-ti-none-eabi\c\</path>
         <kind>archive</kind>
         <file>libc.a</file>
         <name>memory.c.obj</name>
      </input_file>
      <input_file id="fl-47">
         <path>D:\program\CCS\ccs_blue\ccs\tools\compiler\ti-cgt-armllvm_3.2.1.LTS\lib\armv6m-ti-none-eabi\c\</path>
         <kind>archive</kind>
         <file>libc.a</file>
         <name>autoinit.c.obj</name>
      </input_file>
      <input_file id="fl-48">
         <path>D:\program\CCS\ccs_blue\ccs\tools\compiler\ti-cgt-armllvm_3.2.1.LTS\lib\armv6m-ti-none-eabi\c\</path>
         <kind>archive</kind>
         <file>libc.a</file>
         <name>pre_init.c.obj</name>
      </input_file>
      <input_file id="fl-49">
         <path>D:\program\CCS\ccs_blue\ccs\tools\compiler\ti-cgt-armllvm_3.2.1.LTS\lib\armv6m-ti-none-eabi\c\</path>
         <kind>archive</kind>
         <file>libc.a</file>
         <name>cpy_tbl.c.obj</name>
      </input_file>
      <input_file id="fl-4a">
         <path>D:\program\CCS\ccs_blue\ccs\tools\compiler\ti-cgt-armllvm_3.2.1.LTS\lib\armv6m-ti-none-eabi\c\</path>
         <kind>archive</kind>
         <file>libc.a</file>
         <name>wcslen.c.obj</name>
      </input_file>
      <input_file id="fl-4b">
         <path>D:\program\CCS\ccs_blue\ccs\tools\compiler\ti-cgt-armllvm_3.2.1.LTS\lib\armv6m-ti-none-eabi\c\</path>
         <kind>archive</kind>
         <file>libc.a</file>
         <name>sprintf.c.obj</name>
      </input_file>
      <input_file id="fl-4c">
         <path>D:\program\CCS\ccs_blue\ccs\tools\compiler\ti-cgt-armllvm_3.2.1.LTS\lib\armv6m-ti-none-eabi\c\</path>
         <kind>archive</kind>
         <file>libc.a</file>
         <name>fflush.c.obj</name>
      </input_file>
      <input_file id="fl-4d">
         <path>D:\program\CCS\ccs_blue\ccs\tools\compiler\ti-cgt-armllvm_3.2.1.LTS\lib\armv6m-ti-none-eabi\c\</path>
         <kind>archive</kind>
         <file>libc.a</file>
         <name>fputs.c.obj</name>
      </input_file>
      <input_file id="fl-4e">
         <path>D:\program\CCS\ccs_blue\ccs\tools\compiler\ti-cgt-armllvm_3.2.1.LTS\lib\armv6m-ti-none-eabi\c\</path>
         <kind>archive</kind>
         <file>libc.a</file>
         <name>_io_perm.c.obj</name>
      </input_file>
      <input_file id="fl-4f">
         <path>D:\program\CCS\ccs_blue\ccs\tools\compiler\ti-cgt-armllvm_3.2.1.LTS\lib\armv6m-ti-none-eabi\c\</path>
         <kind>archive</kind>
         <file>libc.a</file>
         <name>setvbuf.c.obj</name>
      </input_file>
      <input_file id="fl-50">
         <path>D:\program\CCS\ccs_blue\ccs\tools\compiler\ti-cgt-armllvm_3.2.1.LTS\lib\armv6m-ti-none-eabi\c\</path>
         <kind>archive</kind>
         <file>libc.a</file>
         <name>aeabi_ctype.S.obj</name>
      </input_file>
      <input_file id="fl-51">
         <path>D:\program\CCS\ccs_blue\ccs\tools\compiler\ti-cgt-armllvm_3.2.1.LTS\lib\armv6m-ti-none-eabi\c\</path>
         <kind>archive</kind>
         <file>libc.a</file>
         <name>fopen.c.obj</name>
      </input_file>
      <input_file id="fl-52">
         <path>D:\program\CCS\ccs_blue\ccs\tools\compiler\ti-cgt-armllvm_3.2.1.LTS\lib\armv6m-ti-none-eabi\c\</path>
         <kind>archive</kind>
         <file>libc.a</file>
         <name>fseek.c.obj</name>
      </input_file>
      <input_file id="fl-53">
         <path>D:\program\CCS\ccs_blue\ccs\tools\compiler\ti-cgt-armllvm_3.2.1.LTS\lib\armv6m-ti-none-eabi\c\</path>
         <kind>archive</kind>
         <file>libc.a</file>
         <name>fclose.c.obj</name>
      </input_file>
      <input_file id="fl-b9">
         <path>D:\program\CCS\ccs_blue\ccs\tools\compiler\ti-cgt-armllvm_3.2.1.LTS\lib\armv6m-ti-none-eabi\c\</path>
         <kind>archive</kind>
         <file>libsysbm.a</file>
         <name>write.c.obj</name>
      </input_file>
      <input_file id="fl-ba">
         <path>D:\program\CCS\ccs_blue\ccs\tools\compiler\ti-cgt-armllvm_3.2.1.LTS\lib\armv6m-ti-none-eabi\c\</path>
         <kind>archive</kind>
         <file>libsysbm.a</file>
         <name>host_device.c.obj</name>
      </input_file>
      <input_file id="fl-bb">
         <path>D:\program\CCS\ccs_blue\ccs\tools\compiler\ti-cgt-armllvm_3.2.1.LTS\lib\armv6m-ti-none-eabi\c\</path>
         <kind>archive</kind>
         <file>libsysbm.a</file>
         <name>remove.c.obj</name>
      </input_file>
      <input_file id="fl-bc">
         <path>D:\program\CCS\ccs_blue\ccs\tools\compiler\ti-cgt-armllvm_3.2.1.LTS\lib\armv6m-ti-none-eabi\c\</path>
         <kind>archive</kind>
         <file>libsysbm.a</file>
         <name>open.c.obj</name>
      </input_file>
      <input_file id="fl-bd">
         <path>D:\program\CCS\ccs_blue\ccs\tools\compiler\ti-cgt-armllvm_3.2.1.LTS\lib\armv6m-ti-none-eabi\c\</path>
         <kind>archive</kind>
         <file>libsysbm.a</file>
         <name>lseek.c.obj</name>
      </input_file>
      <input_file id="fl-be">
         <path>D:\program\CCS\ccs_blue\ccs\tools\compiler\ti-cgt-armllvm_3.2.1.LTS\lib\armv6m-ti-none-eabi\c\</path>
         <kind>archive</kind>
         <file>libsysbm.a</file>
         <name>close.c.obj</name>
      </input_file>
      <input_file id="fl-bf">
         <path>D:\program\CCS\ccs_blue\ccs\tools\compiler\ti-cgt-armllvm_3.2.1.LTS\lib\armv6m-ti-none-eabi\c\</path>
         <kind>archive</kind>
         <file>libsysbm.a</file>
         <name>unlink.c.obj</name>
      </input_file>
      <input_file id="fl-c0">
         <path>D:\program\CCS\ccs_blue\ccs\tools\compiler\ti-cgt-armllvm_3.2.1.LTS\lib\armv6m-ti-none-eabi\c\</path>
         <kind>archive</kind>
         <file>libsysbm.a</file>
         <name>hostclose.c.obj</name>
      </input_file>
      <input_file id="fl-c1">
         <path>D:\program\CCS\ccs_blue\ccs\tools\compiler\ti-cgt-armllvm_3.2.1.LTS\lib\armv6m-ti-none-eabi\c\</path>
         <kind>archive</kind>
         <file>libsysbm.a</file>
         <name>hostlseek.c.obj</name>
      </input_file>
      <input_file id="fl-c2">
         <path>D:\program\CCS\ccs_blue\ccs\tools\compiler\ti-cgt-armllvm_3.2.1.LTS\lib\armv6m-ti-none-eabi\c\</path>
         <kind>archive</kind>
         <file>libsysbm.a</file>
         <name>hostopen.c.obj</name>
      </input_file>
      <input_file id="fl-c3">
         <path>D:\program\CCS\ccs_blue\ccs\tools\compiler\ti-cgt-armllvm_3.2.1.LTS\lib\armv6m-ti-none-eabi\c\</path>
         <kind>archive</kind>
         <file>libsysbm.a</file>
         <name>hostread.c.obj</name>
      </input_file>
      <input_file id="fl-c4">
         <path>D:\program\CCS\ccs_blue\ccs\tools\compiler\ti-cgt-armllvm_3.2.1.LTS\lib\armv6m-ti-none-eabi\c\</path>
         <kind>archive</kind>
         <file>libsysbm.a</file>
         <name>hostrename.c.obj</name>
      </input_file>
      <input_file id="fl-c5">
         <path>D:\program\CCS\ccs_blue\ccs\tools\compiler\ti-cgt-armllvm_3.2.1.LTS\lib\armv6m-ti-none-eabi\c\</path>
         <kind>archive</kind>
         <file>libsysbm.a</file>
         <name>hostunlink.c.obj</name>
      </input_file>
      <input_file id="fl-c6">
         <path>D:\program\CCS\ccs_blue\ccs\tools\compiler\ti-cgt-armllvm_3.2.1.LTS\lib\armv6m-ti-none-eabi\c\</path>
         <kind>archive</kind>
         <file>libsysbm.a</file>
         <name>hostwrite.c.obj</name>
      </input_file>
      <input_file id="fl-c7">
         <path>D:\program\CCS\ccs_blue\ccs\tools\compiler\ti-cgt-armllvm_3.2.1.LTS\lib\armv6m-ti-none-eabi\c\</path>
         <kind>archive</kind>
         <file>libsysbm.a</file>
         <name>trgmsg.c.obj</name>
      </input_file>
      <input_file id="fl-c8">
         <path>D:\program\CCS\ccs_blue\ccs\tools\compiler\ti-cgt-armllvm_3.2.1.LTS\lib\clang\15.0.7\lib\armv6m-ti-none-eabi\</path>
         <kind>archive</kind>
         <file>libclang_rt.builtins.a</file>
         <name>addsf3.S.obj</name>
      </input_file>
      <input_file id="fl-c9">
         <path>D:\program\CCS\ccs_blue\ccs\tools\compiler\ti-cgt-armllvm_3.2.1.LTS\lib\clang\15.0.7\lib\armv6m-ti-none-eabi\</path>
         <kind>archive</kind>
         <file>libclang_rt.builtins.a</file>
         <name>adddf3.S.obj</name>
      </input_file>
      <input_file id="fl-ca">
         <path>D:\program\CCS\ccs_blue\ccs\tools\compiler\ti-cgt-armllvm_3.2.1.LTS\lib\clang\15.0.7\lib\armv6m-ti-none-eabi\</path>
         <kind>archive</kind>
         <file>libclang_rt.builtins.a</file>
         <name>muldf3.S.obj</name>
      </input_file>
      <input_file id="fl-cb">
         <path>D:\program\CCS\ccs_blue\ccs\tools\compiler\ti-cgt-armllvm_3.2.1.LTS\lib\clang\15.0.7\lib\armv6m-ti-none-eabi\</path>
         <kind>archive</kind>
         <file>libclang_rt.builtins.a</file>
         <name>muldsi3.S.obj</name>
      </input_file>
      <input_file id="fl-cc">
         <path>D:\program\CCS\ccs_blue\ccs\tools\compiler\ti-cgt-armllvm_3.2.1.LTS\lib\clang\15.0.7\lib\armv6m-ti-none-eabi\</path>
         <kind>archive</kind>
         <file>libclang_rt.builtins.a</file>
         <name>mulsf3.S.obj</name>
      </input_file>
      <input_file id="fl-cd">
         <path>D:\program\CCS\ccs_blue\ccs\tools\compiler\ti-cgt-armllvm_3.2.1.LTS\lib\clang\15.0.7\lib\armv6m-ti-none-eabi\</path>
         <kind>archive</kind>
         <file>libclang_rt.builtins.a</file>
         <name>divsf3.S.obj</name>
      </input_file>
      <input_file id="fl-ce">
         <path>D:\program\CCS\ccs_blue\ccs\tools\compiler\ti-cgt-armllvm_3.2.1.LTS\lib\clang\15.0.7\lib\armv6m-ti-none-eabi\</path>
         <kind>archive</kind>
         <file>libclang_rt.builtins.a</file>
         <name>divdf3.S.obj</name>
      </input_file>
      <input_file id="fl-cf">
         <path>D:\program\CCS\ccs_blue\ccs\tools\compiler\ti-cgt-armllvm_3.2.1.LTS\lib\clang\15.0.7\lib\armv6m-ti-none-eabi\</path>
         <kind>archive</kind>
         <file>libclang_rt.builtins.a</file>
         <name>extendsfdf2.S.obj</name>
      </input_file>
      <input_file id="fl-d0">
         <path>D:\program\CCS\ccs_blue\ccs\tools\compiler\ti-cgt-armllvm_3.2.1.LTS\lib\clang\15.0.7\lib\armv6m-ti-none-eabi\</path>
         <kind>archive</kind>
         <file>libclang_rt.builtins.a</file>
         <name>fixdfsi.S.obj</name>
      </input_file>
      <input_file id="fl-d1">
         <path>D:\program\CCS\ccs_blue\ccs\tools\compiler\ti-cgt-armllvm_3.2.1.LTS\lib\clang\15.0.7\lib\armv6m-ti-none-eabi\</path>
         <kind>archive</kind>
         <file>libclang_rt.builtins.a</file>
         <name>fixsfsi.S.obj</name>
      </input_file>
      <input_file id="fl-d2">
         <path>D:\program\CCS\ccs_blue\ccs\tools\compiler\ti-cgt-armllvm_3.2.1.LTS\lib\clang\15.0.7\lib\armv6m-ti-none-eabi\</path>
         <kind>archive</kind>
         <file>libclang_rt.builtins.a</file>
         <name>floatsidf.S.obj</name>
      </input_file>
      <input_file id="fl-d3">
         <path>D:\program\CCS\ccs_blue\ccs\tools\compiler\ti-cgt-armllvm_3.2.1.LTS\lib\clang\15.0.7\lib\armv6m-ti-none-eabi\</path>
         <kind>archive</kind>
         <file>libclang_rt.builtins.a</file>
         <name>floatsisf.S.obj</name>
      </input_file>
      <input_file id="fl-d4">
         <path>D:\program\CCS\ccs_blue\ccs\tools\compiler\ti-cgt-armllvm_3.2.1.LTS\lib\clang\15.0.7\lib\armv6m-ti-none-eabi\</path>
         <kind>archive</kind>
         <file>libclang_rt.builtins.a</file>
         <name>floatunsisf.S.obj</name>
      </input_file>
      <input_file id="fl-d5">
         <path>D:\program\CCS\ccs_blue\ccs\tools\compiler\ti-cgt-armllvm_3.2.1.LTS\lib\clang\15.0.7\lib\armv6m-ti-none-eabi\</path>
         <kind>archive</kind>
         <file>libclang_rt.builtins.a</file>
         <name>muldi3.S.obj</name>
      </input_file>
      <input_file id="fl-d6">
         <path>D:\program\CCS\ccs_blue\ccs\tools\compiler\ti-cgt-armllvm_3.2.1.LTS\lib\clang\15.0.7\lib\armv6m-ti-none-eabi\</path>
         <kind>archive</kind>
         <file>libclang_rt.builtins.a</file>
         <name>truncdfsf2.S.obj</name>
      </input_file>
      <input_file id="fl-d7">
         <path>D:\program\CCS\ccs_blue\ccs\tools\compiler\ti-cgt-armllvm_3.2.1.LTS\lib\clang\15.0.7\lib\armv6m-ti-none-eabi\</path>
         <kind>archive</kind>
         <file>libclang_rt.builtins.a</file>
         <name>aeabi_dcmp.S.obj</name>
      </input_file>
      <input_file id="fl-d8">
         <path>D:\program\CCS\ccs_blue\ccs\tools\compiler\ti-cgt-armllvm_3.2.1.LTS\lib\clang\15.0.7\lib\armv6m-ti-none-eabi\</path>
         <kind>archive</kind>
         <file>libclang_rt.builtins.a</file>
         <name>aeabi_fcmp.S.obj</name>
      </input_file>
      <input_file id="fl-d9">
         <path>D:\program\CCS\ccs_blue\ccs\tools\compiler\ti-cgt-armllvm_3.2.1.LTS\lib\clang\15.0.7\lib\armv6m-ti-none-eabi\</path>
         <kind>archive</kind>
         <file>libclang_rt.builtins.a</file>
         <name>aeabi_idivmod.S.obj</name>
      </input_file>
      <input_file id="fl-da">
         <path>D:\program\CCS\ccs_blue\ccs\tools\compiler\ti-cgt-armllvm_3.2.1.LTS\lib\clang\15.0.7\lib\armv6m-ti-none-eabi\</path>
         <kind>archive</kind>
         <file>libclang_rt.builtins.a</file>
         <name>aeabi_memcpy.S.obj</name>
      </input_file>
      <input_file id="fl-db">
         <path>D:\program\CCS\ccs_blue\ccs\tools\compiler\ti-cgt-armllvm_3.2.1.LTS\lib\clang\15.0.7\lib\armv6m-ti-none-eabi\</path>
         <kind>archive</kind>
         <file>libclang_rt.builtins.a</file>
         <name>aeabi_memset.S.obj</name>
      </input_file>
      <input_file id="fl-dc">
         <path>D:\program\CCS\ccs_blue\ccs\tools\compiler\ti-cgt-armllvm_3.2.1.LTS\lib\clang\15.0.7\lib\armv6m-ti-none-eabi\</path>
         <kind>archive</kind>
         <file>libclang_rt.builtins.a</file>
         <name>aeabi_uidivmod.S.obj</name>
      </input_file>
      <input_file id="fl-dd">
         <path>D:\program\CCS\ccs_blue\ccs\tools\compiler\ti-cgt-armllvm_3.2.1.LTS\lib\clang\15.0.7\lib\armv6m-ti-none-eabi\</path>
         <kind>archive</kind>
         <file>libclang_rt.builtins.a</file>
         <name>aeabi_uldivmod.S.obj</name>
      </input_file>
      <input_file id="fl-de">
         <path>D:\program\CCS\ccs_blue\ccs\tools\compiler\ti-cgt-armllvm_3.2.1.LTS\lib\clang\15.0.7\lib\armv6m-ti-none-eabi\</path>
         <kind>archive</kind>
         <file>libclang_rt.builtins.a</file>
         <name>comparesf2.S.obj</name>
      </input_file>
      <input_file id="fl-df">
         <path>D:\program\CCS\ccs_blue\ccs\tools\compiler\ti-cgt-armllvm_3.2.1.LTS\lib\clang\15.0.7\lib\armv6m-ti-none-eabi\</path>
         <kind>archive</kind>
         <file>libclang_rt.builtins.a</file>
         <name>udivmoddi4.S.obj</name>
      </input_file>
      <input_file id="fl-e0">
         <path>D:\program\CCS\ccs_blue\ccs\tools\compiler\ti-cgt-armllvm_3.2.1.LTS\lib\clang\15.0.7\lib\armv6m-ti-none-eabi\</path>
         <kind>archive</kind>
         <file>libclang_rt.builtins.a</file>
         <name>ashldi3.S.obj</name>
      </input_file>
      <input_file id="fl-e1">
         <path>D:\program\CCS\ccs_blue\ccs\tools\compiler\ti-cgt-armllvm_3.2.1.LTS\lib\clang\15.0.7\lib\armv6m-ti-none-eabi\</path>
         <kind>archive</kind>
         <file>libclang_rt.builtins.a</file>
         <name>comparedf2.c.obj</name>
      </input_file>
      <input_file id="fl-e2">
         <path>D:\program\CCS\ccs_blue\ccs\tools\compiler\ti-cgt-armllvm_3.2.1.LTS\lib\clang\15.0.7\lib\armv6m-ti-none-eabi\</path>
         <kind>archive</kind>
         <file>libclang_rt.builtins.a</file>
         <name>aeabi_div0.c.obj</name>
      </input_file>
      <input_file id="fl-e3">
         <path>D:\program\CCS\ccs_blue\ccs\tools\compiler\ti-cgt-armllvm_3.2.1.LTS\lib\armv6m-ti-none-eabi\c\</path>
         <kind>archive</kind>
         <file>libc.a</file>
         <name>getdevice.c.obj</name>
      </input_file>
      <input_file id="fl-e4">
         <path>D:\program\CCS\ccs_blue\ccs\tools\compiler\ti-cgt-armllvm_3.2.1.LTS\lib\armv6m-ti-none-eabi\c\</path>
         <kind>archive</kind>
         <file>libc.a</file>
         <name>memcpy16.S.obj</name>
      </input_file>
      <input_file id="fl-e5">
         <path>D:\program\CCS\ccs_blue\ccs\tools\compiler\ti-cgt-armllvm_3.2.1.LTS\lib\armv6m-ti-none-eabi\c\</path>
         <kind>archive</kind>
         <file>libc.a</file>
         <name>memset16.S.obj</name>
      </input_file>
   </input_file_list>
   <object_component_list>
      <object_component id="oc-18">
         <name>.intvecs</name>
         <load_address>0x0</load_address>
         <readonly>true</readonly>
         <run_address>0x0</run_address>
         <size>0xc0</size>
         <alignment>0x4</alignment>
         <input_file_ref idref="fl-3"/>
      </object_component>
      <object_component id="oc-1c2">
         <name>.text:__TI_printfi</name>
         <load_address>0xc0</load_address>
         <readonly>true</readonly>
         <executable>true</executable>
         <run_address>0xc0</run_address>
         <size>0xa00</size>
         <alignment>0x4</alignment>
         <input_file_ref idref="fl-3a"/>
      </object_component>
      <object_component id="oc-1e9">
         <name>.text._pconv_a</name>
         <load_address>0xac0</load_address>
         <readonly>true</readonly>
         <executable>true</executable>
         <run_address>0xac0</run_address>
         <size>0x220</size>
         <alignment>0x4</alignment>
         <input_file_ref idref="fl-3a"/>
      </object_component>
      <object_component id="oc-11f">
         <name>.text.status_wheels_init</name>
         <load_address>0xce0</load_address>
         <readonly>true</readonly>
         <executable>true</executable>
         <run_address>0xce0</run_address>
         <size>0x1f8</size>
         <alignment>0x4</alignment>
         <input_file_ref idref="fl-11"/>
      </object_component>
      <object_component id="oc-1ec">
         <name>.text._pconv_g</name>
         <load_address>0xed8</load_address>
         <readonly>true</readonly>
         <executable>true</executable>
         <run_address>0xed8</run_address>
         <size>0x1dc</size>
         <alignment>0x4</alignment>
         <input_file_ref idref="fl-3a"/>
      </object_component>
      <object_component id="oc-22d">
         <name>.text.adddf3_subdf3</name>
         <load_address>0x10b4</load_address>
         <readonly>true</readonly>
         <executable>true</executable>
         <run_address>0x10b4</run_address>
         <size>0x192</size>
         <alignment>0x4</alignment>
         <input_file_ref idref="fl-c9"/>
      </object_component>
      <object_component id="oc-33">
         <name>.text.Default_Handler</name>
         <load_address>0x1246</load_address>
         <readonly>true</readonly>
         <executable>true</executable>
         <run_address>0x1246</run_address>
         <size>0x2</size>
         <alignment>0x2</alignment>
         <input_file_ref idref="fl-3"/>
      </object_component>
      <object_component id="oc-17a">
         <name>.text.rpc_declare</name>
         <load_address>0x1248</load_address>
         <readonly>true</readonly>
         <executable>true</executable>
         <run_address>0x1248</run_address>
         <size>0x150</size>
         <alignment>0x4</alignment>
         <input_file_ref idref="fl-f"/>
      </object_component>
      <object_component id="oc-22c">
         <name>.text.fcvt</name>
         <load_address>0x1398</load_address>
         <readonly>true</readonly>
         <executable>true</executable>
         <run_address>0x1398</run_address>
         <size>0x13c</size>
         <alignment>0x4</alignment>
         <input_file_ref idref="fl-3a"/>
      </object_component>
      <object_component id="oc-10d">
         <name>.text.SYSCFG_DL_GPIO_init</name>
         <load_address>0x14d4</load_address>
         <readonly>true</readonly>
         <executable>true</executable>
         <run_address>0x14d4</run_address>
         <size>0x12c</size>
         <alignment>0x4</alignment>
         <input_file_ref idref="fl-2"/>
      </object_component>
      <object_component id="oc-1ea">
         <name>.text._pconv_e</name>
         <load_address>0x1600</load_address>
         <readonly>true</readonly>
         <executable>true</executable>
         <run_address>0x1600</run_address>
         <size>0x120</size>
         <alignment>0x4</alignment>
         <input_file_ref idref="fl-3a"/>
      </object_component>
      <object_component id="oc-173">
         <name>.text.DL_Timer_initPWMMode</name>
         <load_address>0x1720</load_address>
         <readonly>true</readonly>
         <executable>true</executable>
         <run_address>0x1720</run_address>
         <size>0x110</size>
         <alignment>0x4</alignment>
         <input_file_ref idref="fl-24"/>
      </object_component>
      <object_component id="oc-228">
         <name>.text.__divdf3</name>
         <load_address>0x1830</load_address>
         <readonly>true</readonly>
         <executable>true</executable>
         <run_address>0x1830</run_address>
         <size>0x10c</size>
         <alignment>0x4</alignment>
         <input_file_ref idref="fl-ce"/>
      </object_component>
      <object_component id="oc-169">
         <name>.text.DL_Timer_initTimerMode</name>
         <load_address>0x193c</load_address>
         <readonly>true</readonly>
         <executable>true</executable>
         <run_address>0x193c</run_address>
         <size>0x100</size>
         <alignment>0x4</alignment>
         <input_file_ref idref="fl-24"/>
      </object_component>
      <object_component id="oc-17d">
         <name>.text.pid_init</name>
         <load_address>0x1a3c</load_address>
         <readonly>true</readonly>
         <executable>true</executable>
         <run_address>0x1a3c</run_address>
         <size>0xfc</size>
         <alignment>0x4</alignment>
         <input_file_ref idref="fl-13"/>
      </object_component>
      <object_component id="oc-16e">
         <name>.text.DL_TimerA_initPWMMode</name>
         <load_address>0x1b38</load_address>
         <readonly>true</readonly>
         <executable>true</executable>
         <run_address>0x1b38</run_address>
         <size>0xec</size>
         <alignment>0x4</alignment>
         <input_file_ref idref="fl-24"/>
      </object_component>
      <object_component id="oc-b7">
         <name>.text.status_wheels_next</name>
         <load_address>0x1c24</load_address>
         <readonly>true</readonly>
         <executable>true</executable>
         <run_address>0x1c24</run_address>
         <size>0xe8</size>
         <alignment>0x4</alignment>
         <input_file_ref idref="fl-11"/>
      </object_component>
      <object_component id="oc-21f">
         <name>.text.__muldf3</name>
         <load_address>0x1d0c</load_address>
         <readonly>true</readonly>
         <executable>true</executable>
         <run_address>0x1d0c</run_address>
         <size>0xe4</size>
         <alignment>0x4</alignment>
         <input_file_ref idref="fl-ca"/>
      </object_component>
      <object_component id="oc-20e">
         <name>.text.scalbn</name>
         <load_address>0x1df0</load_address>
         <readonly>true</readonly>
         <executable>true</executable>
         <run_address>0x1df0</run_address>
         <size>0xd8</size>
         <alignment>0x4</alignment>
         <input_file_ref idref="fl-3c"/>
      </object_component>
      <object_component id="oc-151">
         <name>.text</name>
         <load_address>0x1ec8</load_address>
         <readonly>true</readonly>
         <executable>true</executable>
         <run_address>0x1ec8</run_address>
         <size>0xd8</size>
         <alignment>0x4</alignment>
         <input_file_ref idref="fl-c8"/>
      </object_component>
      <object_component id="oc-138">
         <name>.text.uart_dma_send</name>
         <load_address>0x1fa0</load_address>
         <readonly>true</readonly>
         <executable>true</executable>
         <run_address>0x1fa0</run_address>
         <size>0xd0</size>
         <alignment>0x4</alignment>
         <input_file_ref idref="fl-9"/>
      </object_component>
      <object_component id="oc-76">
         <name>.text.uart_re_driver</name>
         <load_address>0x2070</load_address>
         <readonly>true</readonly>
         <executable>true</executable>
         <run_address>0x2070</run_address>
         <size>0xd0</size>
         <alignment>0x4</alignment>
         <input_file_ref idref="fl-b"/>
      </object_component>
      <object_component id="oc-116">
         <name>.text.SYSCFG_DL_M_PWM_init</name>
         <load_address>0x2140</load_address>
         <readonly>true</readonly>
         <executable>true</executable>
         <run_address>0x2140</run_address>
         <size>0xc4</size>
         <alignment>0x4</alignment>
         <input_file_ref idref="fl-2"/>
      </object_component>
      <object_component id="oc-fc">
         <name>.text.pid_compute</name>
         <load_address>0x2204</load_address>
         <readonly>true</readonly>
         <executable>true</executable>
         <run_address>0x2204</run_address>
         <size>0xba</size>
         <alignment>0x2</alignment>
         <input_file_ref idref="fl-13"/>
      </object_component>
      <object_component id="oc-12c">
         <name>.text.__aeabi_idiv0</name>
         <load_address>0x22be</load_address>
         <readonly>true</readonly>
         <executable>true</executable>
         <run_address>0x22be</run_address>
         <size>0x2</size>
         <alignment>0x2</alignment>
         <input_file_ref idref="fl-e2"/>
      </object_component>
      <object_component id="oc-104">
         <name>.text.motor_set_thrust</name>
         <load_address>0x22c0</load_address>
         <readonly>true</readonly>
         <executable>true</executable>
         <run_address>0x22c0</run_address>
         <size>0xb0</size>
         <alignment>0x4</alignment>
         <input_file_ref idref="fl-6"/>
      </object_component>
      <object_component id="oc-1fd">
         <name>.text</name>
         <load_address>0x2370</load_address>
         <readonly>true</readonly>
         <executable>true</executable>
         <run_address>0x2370</run_address>
         <size>0xa2</size>
         <alignment>0x4</alignment>
         <input_file_ref idref="fl-df"/>
      </object_component>
      <object_component id="oc-c5">
         <name>.text:memcpy</name>
         <load_address>0x2412</load_address>
         <readonly>true</readonly>
         <executable>true</executable>
         <run_address>0x2412</run_address>
         <size>0x9a</size>
         <alignment>0x1</alignment>
         <input_file_ref idref="fl-e4"/>
      </object_component>
      <object_component id="oc-14d">
         <name>.text.__mulsf3</name>
         <load_address>0x24ac</load_address>
         <readonly>true</readonly>
         <executable>true</executable>
         <run_address>0x24ac</run_address>
         <size>0x8c</size>
         <alignment>0x4</alignment>
         <input_file_ref idref="fl-cc"/>
      </object_component>
      <object_component id="oc-111">
         <name>.text.SYSCFG_DL_UART_1_init</name>
         <load_address>0x2538</load_address>
         <readonly>true</readonly>
         <executable>true</executable>
         <run_address>0x2538</run_address>
         <size>0x88</size>
         <alignment>0x4</alignment>
         <input_file_ref idref="fl-2"/>
      </object_component>
      <object_component id="oc-110">
         <name>.text.SYSCFG_DL_UART_2_init</name>
         <load_address>0x25c0</load_address>
         <readonly>true</readonly>
         <executable>true</executable>
         <run_address>0x25c0</run_address>
         <size>0x88</size>
         <alignment>0x4</alignment>
         <input_file_ref idref="fl-2"/>
      </object_component>
      <object_component id="oc-113">
         <name>.text.SYSCFG_DL_UART_3_init</name>
         <load_address>0x2648</load_address>
         <readonly>true</readonly>
         <executable>true</executable>
         <run_address>0x2648</run_address>
         <size>0x88</size>
         <alignment>0x4</alignment>
         <input_file_ref idref="fl-2"/>
      </object_component>
      <object_component id="oc-10c">
         <name>.text.SYSCFG_DL_initPower</name>
         <load_address>0x26d0</load_address>
         <readonly>true</readonly>
         <executable>true</executable>
         <run_address>0x26d0</run_address>
         <size>0x88</size>
         <alignment>0x4</alignment>
         <input_file_ref idref="fl-2"/>
      </object_component>
      <object_component id="oc-112">
         <name>.text.SYSCFG_DL_UART_4_init</name>
         <load_address>0x2758</load_address>
         <readonly>true</readonly>
         <executable>true</executable>
         <run_address>0x2758</run_address>
         <size>0x84</size>
         <alignment>0x4</alignment>
         <input_file_ref idref="fl-2"/>
      </object_component>
      <object_component id="oc-149">
         <name>.text.__divsf3</name>
         <load_address>0x27dc</load_address>
         <readonly>true</readonly>
         <executable>true</executable>
         <run_address>0x27dc</run_address>
         <size>0x82</size>
         <alignment>0x4</alignment>
         <input_file_ref idref="fl-cd"/>
      </object_component>
      <object_component id="oc-231">
         <name>.text.__aeabi_ldiv0</name>
         <load_address>0x285e</load_address>
         <readonly>true</readonly>
         <executable>true</executable>
         <run_address>0x285e</run_address>
         <size>0x2</size>
         <alignment>0x2</alignment>
         <input_file_ref idref="fl-e2"/>
      </object_component>
      <object_component id="oc-117">
         <name>.text.SYSCFG_DL_SERVO_init</name>
         <load_address>0x2860</load_address>
         <readonly>true</readonly>
         <executable>true</executable>
         <run_address>0x2860</run_address>
         <size>0x7c</size>
         <alignment>0x4</alignment>
         <input_file_ref idref="fl-2"/>
      </object_component>
      <object_component id="oc-1c">
         <name>.text:decompress:lzss</name>
         <load_address>0x28dc</load_address>
         <readonly>true</readonly>
         <executable>true</executable>
         <run_address>0x28dc</run_address>
         <size>0x78</size>
         <alignment>0x4</alignment>
         <input_file_ref idref="fl-37"/>
      </object_component>
      <object_component id="oc-a6">
         <name>.text.rpc_call_id</name>
         <load_address>0x2954</load_address>
         <readonly>true</readonly>
         <executable>true</executable>
         <run_address>0x2954</run_address>
         <size>0x74</size>
         <alignment>0x4</alignment>
         <input_file_ref idref="fl-f"/>
      </object_component>
      <object_component id="oc-208">
         <name>.text.__gedf2</name>
         <load_address>0x29c8</load_address>
         <readonly>true</readonly>
         <executable>true</executable>
         <run_address>0x29c8</run_address>
         <size>0x70</size>
         <alignment>0x4</alignment>
         <input_file_ref idref="fl-e1"/>
      </object_component>
      <object_component id="oc-34">
         <name>.text.GROUP1_IRQHandler</name>
         <load_address>0x2a38</load_address>
         <readonly>true</readonly>
         <executable>true</executable>
         <run_address>0x2a38</run_address>
         <size>0x6c</size>
         <alignment>0x4</alignment>
         <input_file_ref idref="fl-c"/>
      </object_component>
      <object_component id="oc-202">
         <name>.text.__ledf2</name>
         <load_address>0x2aa4</load_address>
         <readonly>true</readonly>
         <executable>true</executable>
         <run_address>0x2aa4</run_address>
         <size>0x6c</size>
         <alignment>0x4</alignment>
         <input_file_ref idref="fl-e1"/>
      </object_component>
      <object_component id="oc-226">
         <name>.text._mcpy</name>
         <load_address>0x2b10</load_address>
         <readonly>true</readonly>
         <executable>true</executable>
         <run_address>0x2b10</run_address>
         <size>0x66</size>
         <alignment>0x2</alignment>
         <input_file_ref idref="fl-3a"/>
      </object_component>
      <object_component id="oc-1e5">
         <name>.text.__aeabi_dcmp</name>
         <load_address>0x2b78</load_address>
         <readonly>true</readonly>
         <executable>true</executable>
         <run_address>0x2b78</run_address>
         <size>0x62</size>
         <alignment>0x4</alignment>
         <input_file_ref idref="fl-d7"/>
      </object_component>
      <object_component id="oc-10b">
         <name>.text:memset</name>
         <load_address>0x2bda</load_address>
         <readonly>true</readonly>
         <executable>true</executable>
         <run_address>0x2bda</run_address>
         <size>0x62</size>
         <alignment>0x1</alignment>
         <input_file_ref idref="fl-e5"/>
      </object_component>
      <object_component id="oc-20a">
         <name>.text.frexp</name>
         <load_address>0x2c3c</load_address>
         <readonly>true</readonly>
         <executable>true</executable>
         <run_address>0x2c3c</run_address>
         <size>0x5c</size>
         <alignment>0x4</alignment>
         <input_file_ref idref="fl-3b"/>
      </object_component>
      <object_component id="oc-216">
         <name>.text.__TI_ltoa</name>
         <load_address>0x2c98</load_address>
         <readonly>true</readonly>
         <executable>true</executable>
         <run_address>0x2c98</run_address>
         <size>0x58</size>
         <alignment>0x2</alignment>
         <input_file_ref idref="fl-40"/>
      </object_component>
      <object_component id="oc-1eb">
         <name>.text._pconv_f</name>
         <load_address>0x2cf0</load_address>
         <readonly>true</readonly>
         <executable>true</executable>
         <run_address>0x2cf0</run_address>
         <size>0x58</size>
         <alignment>0x2</alignment>
         <input_file_ref idref="fl-3a"/>
      </object_component>
      <object_component id="oc-11e">
         <name>.text.status_rpc_init</name>
         <load_address>0x2d48</load_address>
         <readonly>true</readonly>
         <executable>true</executable>
         <run_address>0x2d48</run_address>
         <size>0x58</size>
         <alignment>0x4</alignment>
         <input_file_ref idref="fl-f"/>
      </object_component>
      <object_component id="oc-240">
         <name>.text.__aeabi_idivmod</name>
         <load_address>0x2da0</load_address>
         <readonly>true</readonly>
         <executable>true</executable>
         <run_address>0x2da0</run_address>
         <size>0x56</size>
         <alignment>0x4</alignment>
         <input_file_ref idref="fl-d9"/>
      </object_component>
      <object_component id="oc-1c4">
         <name>.text.DL_DMA_configTransfer</name>
         <load_address>0x2df6</load_address>
         <readonly>true</readonly>
         <executable>true</executable>
         <run_address>0x2df6</run_address>
         <size>0x54</size>
         <alignment>0x2</alignment>
         <input_file_ref idref="fl-22"/>
      </object_component>
      <object_component id="oc-115">
         <name>.text.SYSCFG_DL_I2C_init</name>
         <load_address>0x2e4c</load_address>
         <readonly>true</readonly>
         <executable>true</executable>
         <run_address>0x2e4c</run_address>
         <size>0x54</size>
         <alignment>0x4</alignment>
         <input_file_ref idref="fl-2"/>
      </object_component>
      <object_component id="oc-ca">
         <name>.text.SYSCFG_DL_init</name>
         <load_address>0x2ea0</load_address>
         <readonly>true</readonly>
         <executable>true</executable>
         <run_address>0x2ea0</run_address>
         <size>0x54</size>
         <alignment>0x4</alignment>
         <input_file_ref idref="fl-2"/>
      </object_component>
      <object_component id="oc-224">
         <name>.text._ecpy</name>
         <load_address>0x2ef4</load_address>
         <readonly>true</readonly>
         <executable>true</executable>
         <run_address>0x2ef4</run_address>
         <size>0x52</size>
         <alignment>0x2</alignment>
         <input_file_ref idref="fl-3a"/>
      </object_component>
      <object_component id="oc-10f">
         <name>.text.SYSCFG_DL_SYSCTL_init</name>
         <load_address>0x2f48</load_address>
         <readonly>true</readonly>
         <executable>true</executable>
         <run_address>0x2f48</run_address>
         <size>0x50</size>
         <alignment>0x4</alignment>
         <input_file_ref idref="fl-2"/>
      </object_component>
      <object_component id="oc-15f">
         <name>.text.DL_UART_init</name>
         <load_address>0x2f98</load_address>
         <readonly>true</readonly>
         <executable>true</executable>
         <run_address>0x2f98</run_address>
         <size>0x4c</size>
         <alignment>0x4</alignment>
         <input_file_ref idref="fl-25"/>
      </object_component>
      <object_component id="oc-114">
         <name>.text.SYSCFG_DL_TIMER_INT_init</name>
         <load_address>0x2fe4</load_address>
         <readonly>true</readonly>
         <executable>true</executable>
         <run_address>0x2fe4</run_address>
         <size>0x4c</size>
         <alignment>0x4</alignment>
         <input_file_ref idref="fl-2"/>
      </object_component>
      <object_component id="oc-f2">
         <name>.text.log_uprintf</name>
         <load_address>0x3030</load_address>
         <readonly>true</readonly>
         <executable>true</executable>
         <run_address>0x3030</run_address>
         <size>0x4c</size>
         <alignment>0x4</alignment>
         <input_file_ref idref="fl-12"/>
      </object_component>
      <object_component id="oc-212">
         <name>.text.__fixdfsi</name>
         <load_address>0x307c</load_address>
         <readonly>true</readonly>
         <executable>true</executable>
         <run_address>0x307c</run_address>
         <size>0x4a</size>
         <alignment>0x4</alignment>
         <input_file_ref idref="fl-d0"/>
      </object_component>
      <object_component id="oc-1ac">
         <name>.text.DL_DMA_initChannel</name>
         <load_address>0x30c6</load_address>
         <readonly>true</readonly>
         <executable>true</executable>
         <run_address>0x30c6</run_address>
         <size>0x46</size>
         <alignment>0x2</alignment>
         <input_file_ref idref="fl-22"/>
      </object_component>
      <object_component id="oc-16f">
         <name>.text.DL_Timer_setCaptureCompareOutCtl</name>
         <load_address>0x310c</load_address>
         <readonly>true</readonly>
         <executable>true</executable>
         <run_address>0x310c</run_address>
         <size>0x40</size>
         <alignment>0x4</alignment>
         <input_file_ref idref="fl-24"/>
      </object_component>
      <object_component id="oc-ee">
         <name>.text.__aeabi_uidivmod</name>
         <load_address>0x314c</load_address>
         <readonly>true</readonly>
         <executable>true</executable>
         <run_address>0x314c</run_address>
         <size>0x40</size>
         <alignment>0x4</alignment>
         <input_file_ref idref="fl-dc"/>
      </object_component>
      <object_component id="oc-1cf">
         <name>.text.atoi</name>
         <load_address>0x318c</load_address>
         <readonly>true</readonly>
         <executable>true</executable>
         <run_address>0x318c</run_address>
         <size>0x40</size>
         <alignment>0x4</alignment>
         <input_file_ref idref="fl-43"/>
      </object_component>
      <object_component id="oc-132">
         <name>.text.vsnprintf</name>
         <load_address>0x31cc</load_address>
         <readonly>true</readonly>
         <executable>true</executable>
         <run_address>0x31cc</run_address>
         <size>0x40</size>
         <alignment>0x4</alignment>
         <input_file_ref idref="fl-34"/>
      </object_component>
      <object_component id="oc-1a7">
         <name>.text.DL_Timer_setCaptureCompareCtl</name>
         <load_address>0x320c</load_address>
         <readonly>true</readonly>
         <executable>true</executable>
         <run_address>0x320c</run_address>
         <size>0x3c</size>
         <alignment>0x4</alignment>
         <input_file_ref idref="fl-24"/>
      </object_component>
      <object_component id="oc-141">
         <name>.text.__floatsisf</name>
         <load_address>0x3248</load_address>
         <readonly>true</readonly>
         <executable>true</executable>
         <run_address>0x3248</run_address>
         <size>0x3c</size>
         <alignment>0x4</alignment>
         <input_file_ref idref="fl-d3"/>
      </object_component>
      <object_component id="oc-dc">
         <name>.text:__TI_auto_init_nobinit_nopinit</name>
         <load_address>0x3284</load_address>
         <readonly>true</readonly>
         <executable>true</executable>
         <run_address>0x3284</run_address>
         <size>0x3c</size>
         <alignment>0x4</alignment>
         <input_file_ref idref="fl-47"/>
      </object_component>
      <object_component id="oc-19c">
         <name>.text.__muldsi3</name>
         <load_address>0x32c0</load_address>
         <readonly>true</readonly>
         <executable>true</executable>
         <run_address>0x32c0</run_address>
         <size>0x3a</size>
         <alignment>0x4</alignment>
         <input_file_ref idref="fl-cb"/>
      </object_component>
      <object_component id="oc-1c5">
         <name>.text.DL_DMA_setTrigger</name>
         <load_address>0x32fc</load_address>
         <readonly>true</readonly>
         <executable>true</executable>
         <run_address>0x32fc</run_address>
         <size>0x38</size>
         <alignment>0x4</alignment>
         <input_file_ref idref="fl-22"/>
      </object_component>
      <object_component id="oc-155">
         <name>.text.__fixsfsi</name>
         <load_address>0x3334</load_address>
         <readonly>true</readonly>
         <executable>true</executable>
         <run_address>0x3334</run_address>
         <size>0x38</size>
         <alignment>0x4</alignment>
         <input_file_ref idref="fl-d1"/>
      </object_component>
      <object_component id="oc-16c">
         <name>.text.DL_I2C_setClockConfig</name>
         <load_address>0x336c</load_address>
         <readonly>true</readonly>
         <executable>true</executable>
         <run_address>0x336c</run_address>
         <size>0x34</size>
         <alignment>0x4</alignment>
         <input_file_ref idref="fl-23"/>
      </object_component>
      <object_component id="oc-170">
         <name>.text.DL_Timer_setCaptCompUpdateMethod</name>
         <load_address>0x33a0</load_address>
         <readonly>true</readonly>
         <executable>true</executable>
         <run_address>0x33a0</run_address>
         <size>0x34</size>
         <alignment>0x4</alignment>
         <input_file_ref idref="fl-24"/>
      </object_component>
      <object_component id="oc-1a9">
         <name>.text.DL_Timer_setCaptureCompareAction</name>
         <load_address>0x33d4</load_address>
         <readonly>true</readonly>
         <executable>true</executable>
         <run_address>0x33d4</run_address>
         <size>0x34</size>
         <alignment>0x4</alignment>
         <input_file_ref idref="fl-24"/>
      </object_component>
      <object_component id="oc-1aa">
         <name>.text.DL_Timer_setCaptureCompareInput</name>
         <load_address>0x3408</load_address>
         <readonly>true</readonly>
         <executable>true</executable>
         <run_address>0x3408</run_address>
         <size>0x34</size>
         <alignment>0x2</alignment>
         <input_file_ref idref="fl-24"/>
      </object_component>
      <object_component id="oc-168">
         <name>.text.DL_Timer_setClockConfig</name>
         <load_address>0x343c</load_address>
         <readonly>true</readonly>
         <executable>true</executable>
         <run_address>0x343c</run_address>
         <size>0x34</size>
         <alignment>0x4</alignment>
         <input_file_ref idref="fl-24"/>
      </object_component>
      <object_component id="oc-225">
         <name>.text._fcpy</name>
         <load_address>0x3470</load_address>
         <readonly>true</readonly>
         <executable>true</executable>
         <run_address>0x3470</run_address>
         <size>0x30</size>
         <alignment>0x2</alignment>
         <input_file_ref idref="fl-3a"/>
      </object_component>
      <object_component id="oc-191">
         <name>.text._outs</name>
         <load_address>0x34a0</load_address>
         <readonly>true</readonly>
         <executable>true</executable>
         <run_address>0x34a0</run_address>
         <size>0x30</size>
         <alignment>0x2</alignment>
         <input_file_ref idref="fl-34"/>
      </object_component>
      <object_component id="oc-bf">
         <name>.text.status_wheels_drive</name>
         <load_address>0x34d0</load_address>
         <readonly>true</readonly>
         <executable>true</executable>
         <run_address>0x34d0</run_address>
         <size>0x30</size>
         <alignment>0x2</alignment>
         <input_file_ref idref="fl-11"/>
      </object_component>
      <object_component id="oc-15b">
         <name>.text.DL_Timer_setCaptureCompareValue</name>
         <load_address>0x3500</load_address>
         <readonly>true</readonly>
         <executable>true</executable>
         <run_address>0x3500</run_address>
         <size>0x2c</size>
         <alignment>0x4</alignment>
         <input_file_ref idref="fl-24"/>
      </object_component>
      <object_component id="oc-41">
         <name>.text.UART0_IRQHandler</name>
         <load_address>0x352c</load_address>
         <readonly>true</readonly>
         <executable>true</executable>
         <run_address>0x352c</run_address>
         <size>0x2c</size>
         <alignment>0x4</alignment>
         <input_file_ref idref="fl-e"/>
      </object_component>
      <object_component id="oc-3f">
         <name>.text.UART1_IRQHandler</name>
         <load_address>0x3558</load_address>
         <readonly>true</readonly>
         <executable>true</executable>
         <run_address>0x3558</run_address>
         <size>0x2c</size>
         <alignment>0x4</alignment>
         <input_file_ref idref="fl-e"/>
      </object_component>
      <object_component id="oc-40">
         <name>.text.UART2_IRQHandler</name>
         <load_address>0x3584</load_address>
         <readonly>true</readonly>
         <executable>true</executable>
         <run_address>0x3584</run_address>
         <size>0x2c</size>
         <alignment>0x4</alignment>
         <input_file_ref idref="fl-e"/>
      </object_component>
      <object_component id="oc-21a">
         <name>.text.__floatsidf</name>
         <load_address>0x35b0</load_address>
         <readonly>true</readonly>
         <executable>true</executable>
         <run_address>0x35b0</run_address>
         <size>0x2c</size>
         <alignment>0x4</alignment>
         <input_file_ref idref="fl-d2"/>
      </object_component>
      <object_component id="oc-1ed">
         <name>.text.DL_Common_updateReg</name>
         <load_address>0x35dc</load_address>
         <readonly>true</readonly>
         <executable>true</executable>
         <run_address>0x35dc</run_address>
         <size>0x28</size>
         <alignment>0x2</alignment>
         <input_file_ref idref="fl-22"/>
      </object_component>
      <object_component id="oc-1a8">
         <name>.text.DL_Common_updateReg</name>
         <load_address>0x3604</load_address>
         <readonly>true</readonly>
         <executable>true</executable>
         <run_address>0x3604</run_address>
         <size>0x28</size>
         <alignment>0x2</alignment>
         <input_file_ref idref="fl-23"/>
      </object_component>
      <object_component id="oc-1ab">
         <name>.text.DL_Common_updateReg</name>
         <load_address>0x362c</load_address>
         <readonly>true</readonly>
         <executable>true</executable>
         <run_address>0x362c</run_address>
         <size>0x28</size>
         <alignment>0x2</alignment>
         <input_file_ref idref="fl-24"/>
      </object_component>
      <object_component id="oc-1a4">
         <name>.text.DL_Common_updateReg</name>
         <load_address>0x3654</load_address>
         <readonly>true</readonly>
         <executable>true</executable>
         <run_address>0x3654</run_address>
         <size>0x28</size>
         <alignment>0x2</alignment>
         <input_file_ref idref="fl-25"/>
      </object_component>
      <object_component id="oc-145">
         <name>.text.__floatunsisf</name>
         <load_address>0x367c</load_address>
         <readonly>true</readonly>
         <executable>true</executable>
         <run_address>0x367c</run_address>
         <size>0x28</size>
         <alignment>0x4</alignment>
         <input_file_ref idref="fl-d4"/>
      </object_component>
      <object_component id="oc-d1">
         <name>.text.enable_all_uart_it</name>
         <load_address>0x36a4</load_address>
         <readonly>true</readonly>
         <executable>true</executable>
         <run_address>0x36a4</run_address>
         <size>0x28</size>
         <alignment>0x4</alignment>
         <input_file_ref idref="fl-e"/>
      </object_component>
      <object_component id="oc-62">
         <name>.text:_c_int00_noargs</name>
         <load_address>0x36cc</load_address>
         <readonly>true</readonly>
         <executable>true</executable>
         <run_address>0x36cc</run_address>
         <size>0x28</size>
         <alignment>0x4</alignment>
         <input_file_ref idref="fl-38"/>
      </object_component>
      <object_component id="oc-15e">
         <name>.text.DL_UART_setClockConfig</name>
         <load_address>0x36f4</load_address>
         <readonly>true</readonly>
         <executable>true</executable>
         <run_address>0x36f4</run_address>
         <size>0x24</size>
         <alignment>0x4</alignment>
         <input_file_ref idref="fl-25"/>
      </object_component>
      <object_component id="oc-69">
         <name>.text.M1_CH1_INT</name>
         <load_address>0x3718</load_address>
         <readonly>true</readonly>
         <executable>true</executable>
         <run_address>0x3718</run_address>
         <size>0x24</size>
         <alignment>0x4</alignment>
         <input_file_ref idref="fl-6"/>
      </object_component>
      <object_component id="oc-6e">
         <name>.text.M2_CH1_INT</name>
         <load_address>0x373c</load_address>
         <readonly>true</readonly>
         <executable>true</executable>
         <run_address>0x373c</run_address>
         <size>0x24</size>
         <alignment>0x4</alignment>
         <input_file_ref idref="fl-6"/>
      </object_component>
      <object_component id="oc-6f">
         <name>.text.M3_CH1_INT</name>
         <load_address>0x3760</load_address>
         <readonly>true</readonly>
         <executable>true</executable>
         <run_address>0x3760</run_address>
         <size>0x24</size>
         <alignment>0x4</alignment>
         <input_file_ref idref="fl-6"/>
      </object_component>
      <object_component id="oc-70">
         <name>.text.M4_CH1_INT</name>
         <load_address>0x3784</load_address>
         <readonly>true</readonly>
         <executable>true</executable>
         <run_address>0x3784</run_address>
         <size>0x24</size>
         <alignment>0x4</alignment>
         <input_file_ref idref="fl-6"/>
      </object_component>
      <object_component id="oc-42">
         <name>.text.TIMG0_IRQHandler</name>
         <load_address>0x37a8</load_address>
         <readonly>true</readonly>
         <executable>true</executable>
         <run_address>0x37a8</run_address>
         <size>0x24</size>
         <alignment>0x4</alignment>
         <input_file_ref idref="fl-d"/>
      </object_component>
      <object_component id="oc-1dc">
         <name>.text.__muldi3</name>
         <load_address>0x37cc</load_address>
         <readonly>true</readonly>
         <executable>true</executable>
         <run_address>0x37cc</run_address>
         <size>0x24</size>
         <alignment>0x4</alignment>
         <input_file_ref idref="fl-d5"/>
      </object_component>
      <object_component id="oc-1c8">
         <name>.text.memccpy</name>
         <load_address>0x37f0</load_address>
         <readonly>true</readonly>
         <executable>true</executable>
         <run_address>0x37f0</run_address>
         <size>0x22</size>
         <alignment>0x2</alignment>
         <input_file_ref idref="fl-45"/>
      </object_component>
      <object_component id="oc-1a6">
         <name>.text.DL_Timer_setCounterValueAfterEnable</name>
         <load_address>0x3814</load_address>
         <readonly>true</readonly>
         <executable>true</executable>
         <run_address>0x3814</run_address>
         <size>0x20</size>
         <alignment>0x4</alignment>
         <input_file_ref idref="fl-24"/>
      </object_component>
      <object_component id="oc-3a">
         <name>.text.UART3_IRQHandler</name>
         <load_address>0x3834</load_address>
         <readonly>true</readonly>
         <executable>true</executable>
         <run_address>0x3834</run_address>
         <size>0x20</size>
         <alignment>0x4</alignment>
         <input_file_ref idref="fl-e"/>
      </object_component>
      <object_component id="oc-232">
         <name>.text.__ashldi3</name>
         <load_address>0x3854</load_address>
         <readonly>true</readonly>
         <executable>true</executable>
         <run_address>0x3854</run_address>
         <size>0x1e</size>
         <alignment>0x4</alignment>
         <input_file_ref idref="fl-e0"/>
      </object_component>
      <object_component id="oc-d0">
         <name>.text.enable_timer_it</name>
         <load_address>0x3874</load_address>
         <readonly>true</readonly>
         <executable>true</executable>
         <run_address>0x3874</run_address>
         <size>0x1c</size>
         <alignment>0x4</alignment>
         <input_file_ref idref="fl-d"/>
      </object_component>
      <object_component id="oc-94">
         <name>.text.main</name>
         <load_address>0x3890</load_address>
         <readonly>true</readonly>
         <executable>true</executable>
         <run_address>0x3890</run_address>
         <size>0x1c</size>
         <alignment>0x4</alignment>
         <input_file_ref idref="fl-1"/>
      </object_component>
      <object_component id="oc-fb">
         <name>.text.motor_get_speed</name>
         <load_address>0x38ac</load_address>
         <readonly>true</readonly>
         <executable>true</executable>
         <run_address>0x38ac</run_address>
         <size>0x1c</size>
         <alignment>0x4</alignment>
         <input_file_ref idref="fl-6"/>
      </object_component>
      <object_component id="oc-1a5">
         <name>.text.DL_Timer_setLoadValue</name>
         <load_address>0x38c8</load_address>
         <readonly>true</readonly>
         <executable>true</executable>
         <run_address>0x38c8</run_address>
         <size>0x18</size>
         <alignment>0x4</alignment>
         <input_file_ref idref="fl-24"/>
      </object_component>
      <object_component id="oc-177">
         <name>.text.SYSCFG_DL_DMA_CH1_init</name>
         <load_address>0x38e0</load_address>
         <readonly>true</readonly>
         <executable>true</executable>
         <run_address>0x38e0</run_address>
         <size>0x18</size>
         <alignment>0x4</alignment>
         <input_file_ref idref="fl-2"/>
      </object_component>
      <object_component id="oc-176">
         <name>.text.SYSCFG_DL_DMA_CH2_init</name>
         <load_address>0x38f8</load_address>
         <readonly>true</readonly>
         <executable>true</executable>
         <run_address>0x38f8</run_address>
         <size>0x18</size>
         <alignment>0x4</alignment>
         <input_file_ref idref="fl-2"/>
      </object_component>
      <object_component id="oc-179">
         <name>.text.SYSCFG_DL_DMA_CH3_init</name>
         <load_address>0x3910</load_address>
         <readonly>true</readonly>
         <executable>true</executable>
         <run_address>0x3910</run_address>
         <size>0x18</size>
         <alignment>0x4</alignment>
         <input_file_ref idref="fl-2"/>
      </object_component>
      <object_component id="oc-178">
         <name>.text.SYSCFG_DL_DMA_CH4_init</name>
         <load_address>0x3928</load_address>
         <readonly>true</readonly>
         <executable>true</executable>
         <run_address>0x3928</run_address>
         <size>0x18</size>
         <alignment>0x4</alignment>
         <input_file_ref idref="fl-2"/>
      </object_component>
      <object_component id="oc-192">
         <name>.text._outc</name>
         <load_address>0x3940</load_address>
         <readonly>true</readonly>
         <executable>true</executable>
         <run_address>0x3940</run_address>
         <size>0x18</size>
         <alignment>0x2</alignment>
         <input_file_ref idref="fl-34"/>
      </object_component>
      <object_component id="oc-17c">
         <name>.text.motor_init</name>
         <load_address>0x3958</load_address>
         <readonly>true</readonly>
         <executable>true</executable>
         <run_address>0x3958</run_address>
         <size>0x18</size>
         <alignment>0x4</alignment>
         <input_file_ref idref="fl-6"/>
      </object_component>
      <object_component id="oc-1a3">
         <name>.text.DL_UART_disable</name>
         <load_address>0x3970</load_address>
         <readonly>true</readonly>
         <executable>true</executable>
         <run_address>0x3970</run_address>
         <size>0x16</size>
         <alignment>0x2</alignment>
         <input_file_ref idref="fl-25"/>
      </object_component>
      <object_component id="oc-cf">
         <name>.text.status_init</name>
         <load_address>0x3986</load_address>
         <readonly>true</readonly>
         <executable>true</executable>
         <run_address>0x3986</run_address>
         <size>0x16</size>
         <alignment>0x2</alignment>
         <input_file_ref idref="fl-10"/>
      </object_component>
      <object_component id="oc-15d">
         <name>.text.DL_Common_delayCycles</name>
         <load_address>0x399c</load_address>
         <readonly>true</readonly>
         <executable>true</executable>
         <run_address>0x399c</run_address>
         <size>0x14</size>
         <alignment>0x2</alignment>
         <input_file_ref idref="fl-21"/>
      </object_component>
      <object_component id="oc-118">
         <name>.text.SYSCFG_DL_DMA_init</name>
         <load_address>0x39b0</load_address>
         <readonly>true</readonly>
         <executable>true</executable>
         <run_address>0x39b0</run_address>
         <size>0x14</size>
         <alignment>0x2</alignment>
         <input_file_ref idref="fl-2"/>
      </object_component>
      <object_component id="oc-1e1">
         <name>.text.__aeabi_uldivmod</name>
         <load_address>0x39c4</load_address>
         <readonly>true</readonly>
         <executable>true</executable>
         <run_address>0x39c4</run_address>
         <size>0x14</size>
         <alignment>0x4</alignment>
         <input_file_ref idref="fl-dd"/>
      </object_component>
      <object_component id="oc-223">
         <name>.text.strchr</name>
         <load_address>0x39d8</load_address>
         <readonly>true</readonly>
         <executable>true</executable>
         <run_address>0x39d8</run_address>
         <size>0x14</size>
         <alignment>0x2</alignment>
         <input_file_ref idref="fl-3a"/>
      </object_component>
      <object_component id="oc-20">
         <name>.text:decompress:none</name>
         <load_address>0x39ec</load_address>
         <readonly>true</readonly>
         <executable>true</executable>
         <run_address>0x39ec</run_address>
         <size>0x12</size>
         <alignment>0x2</alignment>
         <input_file_ref idref="fl-36"/>
      </object_component>
      <object_component id="oc-d2">
         <name>.text.enable_all_gpio_it</name>
         <load_address>0x3a00</load_address>
         <readonly>true</readonly>
         <executable>true</executable>
         <run_address>0x3a00</run_address>
         <size>0x10</size>
         <alignment>0x4</alignment>
         <input_file_ref idref="fl-c"/>
      </object_component>
      <object_component id="oc-7d">
         <name>.text.status_next</name>
         <load_address>0x3a10</load_address>
         <readonly>true</readonly>
         <executable>true</executable>
         <run_address>0x3a10</run_address>
         <size>0x10</size>
         <alignment>0x2</alignment>
         <input_file_ref idref="fl-10"/>
      </object_component>
      <object_component id="oc-1d3">
         <name>.text.wcslen</name>
         <load_address>0x3a20</load_address>
         <readonly>true</readonly>
         <executable>true</executable>
         <run_address>0x3a20</run_address>
         <size>0x10</size>
         <alignment>0x2</alignment>
         <input_file_ref idref="fl-4a"/>
      </object_component>
      <object_component id="oc-5f">
         <name>.text:decompress:ZI</name>
         <load_address>0x3a30</load_address>
         <readonly>true</readonly>
         <executable>true</executable>
         <run_address>0x3a30</run_address>
         <size>0x10</size>
         <alignment>0x2</alignment>
         <input_file_ref idref="fl-35"/>
      </object_component>
      <object_component id="oc-1c7">
         <name>.text.__aeabi_memset</name>
         <load_address>0x3a40</load_address>
         <readonly>true</readonly>
         <executable>true</executable>
         <run_address>0x3a40</run_address>
         <size>0xe</size>
         <alignment>0x4</alignment>
         <input_file_ref idref="fl-db"/>
      </object_component>
      <object_component id="oc-1c6">
         <name>.text.strlen</name>
         <load_address>0x3a4e</load_address>
         <readonly>true</readonly>
         <executable>true</executable>
         <run_address>0x3a4e</run_address>
         <size>0xe</size>
         <alignment>0x2</alignment>
         <input_file_ref idref="fl-3a"/>
      </object_component>
      <object_component id="oc-8b">
         <name>.text.__aeabi_memclr</name>
         <load_address>0x3a5c</load_address>
         <readonly>true</readonly>
         <executable>true</executable>
         <run_address>0x3a5c</run_address>
         <size>0xc</size>
         <alignment>0x4</alignment>
         <input_file_ref idref="fl-db"/>
      </object_component>
      <object_component id="oc-21e">
         <name>.text.OUTLINED_FUNCTION_0</name>
         <load_address>0x3a68</load_address>
         <readonly>true</readonly>
         <executable>true</executable>
         <run_address>0x3a68</run_address>
         <size>0xa</size>
         <alignment>0x2</alignment>
         <input_file_ref idref="fl-3a"/>
      </object_component>
      <object_component id="oc-294">
         <name>.tramp.__aeabi_dsub.1</name>
         <load_address>0x3a74</load_address>
         <readonly>true</readonly>
         <executable>true</executable>
         <run_address>0x3a74</run_address>
         <size>0x10</size>
         <alignment>0x4</alignment>
         <input_file_ref idref="fl-c9"/>
      </object_component>
      <object_component id="oc-227">
         <name>.text.OUTLINED_FUNCTION_1</name>
         <load_address>0x3a84</load_address>
         <readonly>true</readonly>
         <executable>true</executable>
         <run_address>0x3a84</run_address>
         <size>0xa</size>
         <alignment>0x2</alignment>
         <input_file_ref idref="fl-3a"/>
      </object_component>
      <object_component id="oc-83">
         <name>.text.status_drive</name>
         <load_address>0x3a8e</load_address>
         <readonly>true</readonly>
         <executable>true</executable>
         <run_address>0x3a8e</run_address>
         <size>0xa</size>
         <alignment>0x2</alignment>
         <input_file_ref idref="fl-10"/>
      </object_component>
      <object_component id="oc-1d7">
         <name>.text.__aeabi_errno_addr</name>
         <load_address>0x3a98</load_address>
         <readonly>true</readonly>
         <executable>true</executable>
         <run_address>0x3a98</run_address>
         <size>0x8</size>
         <alignment>0x4</alignment>
         <input_file_ref idref="fl-3d"/>
      </object_component>
      <object_component id="oc-52">
         <name>.text.__aeabi_memcpy</name>
         <load_address>0x3aa0</load_address>
         <readonly>true</readonly>
         <executable>true</executable>
         <run_address>0x3aa0</run_address>
         <size>0x8</size>
         <alignment>0x4</alignment>
         <input_file_ref idref="fl-da"/>
      </object_component>
      <object_component id="oc-2f">
         <name>.text.Reset_Handler</name>
         <load_address>0x3aa8</load_address>
         <readonly>true</readonly>
         <executable>true</executable>
         <run_address>0x3aa8</run_address>
         <size>0x4</size>
         <alignment>0x2</alignment>
         <input_file_ref idref="fl-3"/>
      </object_component>
      <object_component id="oc-90">
         <name>.text._system_pre_init</name>
         <load_address>0x3aac</load_address>
         <readonly>true</readonly>
         <executable>true</executable>
         <run_address>0x3aac</run_address>
         <size>0x4</size>
         <alignment>0x2</alignment>
         <input_file_ref idref="fl-48"/>
      </object_component>
      <object_component id="oc-1b5">
         <name>.text.store_short</name>
         <load_address>0x3ab0</load_address>
         <readonly>true</readonly>
         <executable>true</executable>
         <run_address>0x3ab0</run_address>
         <size>0x4</size>
         <alignment>0x2</alignment>
         <input_file_ref idref="fl-f"/>
      </object_component>
      <object_component id="oc-d5">
         <name>.text:abort</name>
         <load_address>0x3ab4</load_address>
         <readonly>true</readonly>
         <executable>true</executable>
         <run_address>0x3ab4</run_address>
         <size>0x4</size>
         <alignment>0x2</alignment>
         <input_file_ref idref="fl-3e"/>
      </object_component>
      <object_component id="oc-28e">
         <name>__TI_handler_table</name>
         <load_address>0x4020</load_address>
         <readonly>true</readonly>
         <run_address>0x4020</run_address>
         <size>0xc</size>
         <alignment>0x4</alignment>
      </object_component>
      <object_component id="oc-291">
         <name>.cinit..bss.load</name>
         <load_address>0x402c</load_address>
         <readonly>true</readonly>
         <run_address>0x402c</run_address>
         <size>0x8</size>
         <alignment>0x4</alignment>
      </object_component>
      <object_component id="oc-290">
         <name>.cinit..data.load</name>
         <load_address>0x4034</load_address>
         <readonly>true</readonly>
         <run_address>0x4034</run_address>
         <size>0x8</size>
         <alignment>0x1</alignment>
      </object_component>
      <object_component id="oc-28f">
         <name>__TI_cinit_table</name>
         <load_address>0x403c</load_address>
         <readonly>true</readonly>
         <run_address>0x403c</run_address>
         <size>0x10</size>
         <alignment>0x4</alignment>
      </object_component>
      <object_component id="oc-1f1">
         <name>.rodata:__aeabi_ctype_table_</name>
         <load_address>0x3ac0</load_address>
         <readonly>true</readonly>
         <run_address>0x3ac0</run_address>
         <size>0x101</size>
         <alignment>0x10</alignment>
         <input_file_ref idref="fl-50"/>
      </object_component>
      <object_component id="oc-1b9">
         <name>.rodata.str1.81133652227627099021</name>
         <load_address>0x3bc1</load_address>
         <readonly>true</readonly>
         <run_address>0x3bc1</run_address>
         <size>0xe0</size>
         <alignment>0x1</alignment>
         <input_file_ref idref="fl-13"/>
[...]
         <value>0x3559</value>
         <object_component_ref idref="oc-3f"/>
      </symbol>
      <symbol id="sm-159">
         <name>r4_buf</name>
         <value>0x20200790</value>
         <object_component_ref idref="oc-7a"/>
      </symbol>
      <symbol id="sm-175">
         <name>store_short</name>
         <value>0x3ab1</value>
         <object_component_ref idref="oc-1b5"/>
      </symbol>
      <symbol id="sm-176">
         <name>rpc_declare</name>
         <value>0x1249</value>
         <object_component_ref idref="oc-17a"/>
      </symbol>
      <symbol id="sm-177">
         <name>status_rpc_init</name>
         <value>0x2d49</value>
         <object_component_ref idref="oc-11e"/>
      </symbol>
      <symbol id="sm-178">
         <name>rpc_call_id</name>
         <value>0x2955</value>
         <object_component_ref idref="oc-a6"/>
      </symbol>
      <symbol id="sm-186">
         <name>status_init</name>
         <value>0x3987</value>
         <object_component_ref idref="oc-cf"/>
      </symbol>
      <symbol id="sm-187">
         <name>status_next</name>
         <value>0x3a11</value>
         <object_component_ref idref="oc-7d"/>
      </symbol>
      <symbol id="sm-188">
         <name>status_drive</name>
         <value>0x3a8f</value>
         <object_component_ref idref="oc-83"/>
      </symbol>
      <symbol id="sm-189">
         <name>status</name>
         <value>0x20200000</value>
      </symbol>
      <symbol id="sm-19f">
         <name>status_wheels_init</name>
         <value>0xce1</value>
         <object_component_ref idref="oc-11f"/>
      </symbol>
      <symbol id="sm-1a0">
         <name>status_wheels_next</name>
         <value>0x1c25</value>
         <object_component_ref idref="oc-b7"/>
      </symbol>
      <symbol id="sm-1a1">
         <name>status_wheels_drive</name>
         <value>0x34d1</value>
         <object_component_ref idref="oc-bf"/>
      </symbol>
      <symbol id="sm-1af">
         <name>log_uprintf</name>
         <value>0x3031</value>
         <object_component_ref idref="oc-f2"/>
      </symbol>
      <symbol id="sm-1c0">
         <name>pid_init</name>
         <value>0x1a3d</value>
         <object_component_ref idref="oc-17d"/>
      </symbol>
      <symbol id="sm-1c1">
         <name>pid_compute</name>
         <value>0x2205</value>
         <object_component_ref idref="oc-fc"/>
      </symbol>
      <symbol id="sm-1c2">
         <name>__TI_ATRegion0_src_addr</name>
         <value>0x0</value>
      </symbol>
      <symbol id="sm-1c3">
         <name>__TI_ATRegion0_trg_addr</name>
         <value>0x0</value>
      </symbol>
      <symbol id="sm-1c4">
         <name>__TI_ATRegion0_region_sz</name>
         <value>0x0</value>
      </symbol>
      <symbol id="sm-1c5">
         <name>__TI_ATRegion1_src_addr</name>
         <value>0x0</value>
      </symbol>
      <symbol id="sm-1c6">
         <name>__TI_ATRegion1_trg_addr</name>
         <value>0x0</value>
      </symbol>
      <symbol id="sm-1c7">
         <name>__TI_ATRegion1_region_sz</name>
         <value>0x0</value>
      </symbol>
      <symbol id="sm-1c8">
         <name>__TI_ATRegion2_src_addr</name>
         <value>0x0</value>
      </symbol>
      <symbol id="sm-1c9">
         <name>__TI_ATRegion2_trg_addr</name>
         <value>0x0</value>
      </symbol>
      <symbol id="sm-1ca">
         <name>__TI_ATRegion2_region_sz</name>
         <value>0x0</value>
      </symbol>
      <symbol id="sm-1cd">
         <name>DL_Common_delayCycles</name>
         <value>0x399d</value>
         <object_component_ref idref="oc-15d"/>
      </symbol>
      <symbol id="sm-1d7">
         <name>DL_DMA_initChannel</name>
         <value>0x30c7</value>
         <object_component_ref idref="oc-1ac"/>
      </symbol>
      <symbol id="sm-1dd">
         <name>DL_I2C_setClockConfig</name>
         <value>0x336d</value>
         <object_component_ref idref="oc-16c"/>
      </symbol>
      <symbol id="sm-1fd">
         <name>DL_Timer_setClockConfig</name>
         <value>0x343d</value>
         <object_component_ref idref="oc-168"/>
      </symbol>
      <symbol id="sm-1fe">
         <name>DL_Timer_initTimerMode</name>
         <value>0x193d</value>
         <object_component_ref idref="oc-169"/>
      </symbol>
      <symbol id="sm-1ff">
         <name>DL_Timer_setCaptureCompareValue</name>
         <value>0x3501</value>
         <object_component_ref idref="oc-15b"/>
      </symbol>
      <symbol id="sm-200">
         <name>DL_Timer_setCaptureCompareCtl</name>
         <value>0x320d</value>
         <object_component_ref idref="oc-1a7"/>
      </symbol>
      <symbol id="sm-201">
         <name>DL_Timer_setCaptureCompareInput</name>
         <value>0x3409</value>
         <object_component_ref idref="oc-1aa"/>
      </symbol>
      <symbol id="sm-202">
         <name>DL_Timer_initPWMMode</name>
         <value>0x1721</value>
         <object_component_ref idref="oc-173"/>
      </symbol>
      <symbol id="sm-203">
         <name>DL_Timer_setCaptureCompareAction</name>
         <value>0x33d5</value>
         <object_component_ref idref="oc-1a9"/>
      </symbol>
      <symbol id="sm-204">
         <name>DL_Timer_setCaptureCompareOutCtl</name>
         <value>0x310d</value>
         <object_component_ref idref="oc-16f"/>
      </symbol>
      <symbol id="sm-205">
         <name>DL_Timer_setCaptCompUpdateMethod</name>
         <value>0x33a1</value>
         <object_component_ref idref="oc-170"/>
      </symbol>
      <symbol id="sm-206">
         <name>DL_TimerA_initPWMMode</name>
         <value>0x1b39</value>
         <object_component_ref idref="oc-16e"/>
      </symbol>
      <symbol id="sm-210">
         <name>DL_UART_init</name>
         <value>0x2f99</value>
         <object_component_ref idref="oc-15f"/>
      </symbol>
      <symbol id="sm-211">
         <name>DL_UART_setClockConfig</name>
         <value>0x36f5</value>
         <object_component_ref idref="oc-15e"/>
      </symbol>
      <symbol id="sm-222">
         <name>vsnprintf</name>
         <value>0x31cd</value>
         <object_component_ref idref="oc-132"/>
      </symbol>
      <symbol id="sm-22c">
         <name>__TI_zero_init</name>
         <value>0x3a31</value>
         <object_component_ref idref="oc-5f"/>
      </symbol>
      <symbol id="sm-235">
         <name>__TI_decompress_none</name>
         <value>0x39ed</value>
         <object_component_ref idref="oc-20"/>
      </symbol>
      <symbol id="sm-240">
         <name>__TI_decompress_lzss</name>
         <value>0x28dd</value>
         <object_component_ref idref="oc-1c"/>
      </symbol>
      <symbol id="sm-24b">
         <name>_c_int00_noargs</name>
         <value>0x36cd</value>
         <object_component_ref idref="oc-62"/>
      </symbol>
      <symbol id="sm-24c">
         <name>__stack</name>
         <value>0x20207e00</value>
         <object_component_ref idref="oc-1a"/>
      </symbol>
      <symbol id="sm-296">
         <name>__TI_printfi</name>
         <value>0xc1</value>
         <object_component_ref idref="oc-1c2"/>
      </symbol>
      <symbol id="sm-2a0">
         <name>frexp</name>
         <value>0x2c3d</value>
         <object_component_ref idref="oc-20a"/>
      </symbol>
      <symbol id="sm-2a1">
         <name>frexpl</name>
         <value>0x2c3d</value>
         <object_component_ref idref="oc-20a"/>
      </symbol>
      <symbol id="sm-2ab">
         <name>scalbn</name>
         <value>0x1df1</value>
         <object_component_ref idref="oc-20e"/>
      </symbol>
      <symbol id="sm-2ac">
         <name>ldexp</name>
         <value>0x1df1</value>
         <object_component_ref idref="oc-20e"/>
      </symbol>
      <symbol id="sm-2ad">
         <name>scalbnl</name>
         <value>0x1df1</value>
         <object_component_ref idref="oc-20e"/>
      </symbol>
      <symbol id="sm-2ae">
         <name>ldexpl</name>
         <value>0x1df1</value>
         <object_component_ref idref="oc-20e"/>
      </symbol>
      <symbol id="sm-2b9">
         <name>__aeabi_errno_addr</name>
         <value>0x3a99</value>
         <object_component_ref idref="oc-1d7"/>
      </symbol>
      <symbol id="sm-2ba">
         <name>__aeabi_errno</name>
         <value>0x20200784</value>
         <object_component_ref idref="oc-1f8"/>
      </symbol>
      <symbol id="sm-2c4">
         <name>abort</name>
         <value>0x3ab5</value>
         <object_component_ref idref="oc-d5"/>
      </symbol>
      <symbol id="sm-2c5">
         <name>C$$EXIT</name>
         <value>0x3ab4</value>
         <object_component_ref idref="oc-d5"/>
      </symbol>
      <symbol id="sm-2cf">
         <name>__TI_ltoa</name>
         <value>0x2c99</value>
         <object_component_ref idref="oc-216"/>
      </symbol>
      <symbol id="sm-2db">
         <name>atoi</name>
         <value>0x318d</value>
         <object_component_ref idref="oc-1cf"/>
      </symbol>
      <symbol id="sm-2e5">
         <name>memccpy</name>
         <value>0x37f1</value>
         <object_component_ref idref="oc-1c8"/>
      </symbol>
      <symbol id="sm-2f1">
         <name>__TI_auto_init_nobinit_nopinit</name>
         <value>0x3285</value>
         <object_component_ref idref="oc-dc"/>
      </symbol>
      <symbol id="sm-2f9">
         <name>_system_pre_init</name>
         <value>0x3aad</value>
         <object_component_ref idref="oc-90"/>
      </symbol>
      <symbol id="sm-303">
         <name>wcslen</name>
         <value>0x3a21</value>
         <object_component_ref idref="oc-1d3"/>
      </symbol>
      <symbol id="sm-309">
         <name>__aeabi_ctype_table_</name>
         <value>0x3ac0</value>
         <object_component_ref idref="oc-1f1"/>
      </symbol>
      <symbol id="sm-30a">
         <name>__aeabi_ctype_table_C</name>
         <value>0x3ac0</value>
         <object_component_ref idref="oc-1f1"/>
      </symbol>
      <symbol id="sm-322">
         <name>__aeabi_fadd</name>
         <value>0x1ed3</value>
         <object_component_ref idref="oc-151"/>
      </symbol>
      <symbol id="sm-323">
         <name>__addsf3</name>
         <value>0x1ed3</value>
         <object_component_ref idref="oc-151"/>
      </symbol>
      <symbol id="sm-324">
         <name>__aeabi_fsub</name>
         <value>0x1ec9</value>
         <object_component_ref idref="oc-151"/>
      </symbol>
      <symbol id="sm-325">
         <name>__subsf3</name>
         <value>0x1ec9</value>
         <object_component_ref idref="oc-151"/>
      </symbol>
      <symbol id="sm-32b">
         <name>__aeabi_dadd</name>
         <value>0x10bf</value>
         <object_component_ref idref="oc-22d"/>
      </symbol>
      <symbol id="sm-32c">
         <name>__adddf3</name>
         <value>0x10bf</value>
         <object_component_ref idref="oc-22d"/>
      </symbol>
      <symbol id="sm-32d">
         <name>__aeabi_dsub</name>
         <value>0x10b5</value>
         <object_component_ref idref="oc-22d"/>
      </symbol>
      <symbol id="sm-32e">
         <name>__subdf3</name>
         <value>0x10b5</value>
         <object_component_ref idref="oc-22d"/>
      </symbol>
      <symbol id="sm-337">
         <name>__aeabi_dmul</name>
         <value>0x1d0d</value>
         <object_component_ref idref="oc-21f"/>
      </symbol>
      <symbol id="sm-338">
         <name>__muldf3</name>
         <value>0x1d0d</value>
         <object_component_ref idref="oc-21f"/>
      </symbol>
      <symbol id="sm-33e">
         <name>__muldsi3</name>
         <value>0x32c1</value>
         <object_component_ref idref="oc-19c"/>
      </symbol>
      <symbol id="sm-344">
         <name>__aeabi_fmul</name>
         <value>0x24ad</value>
         <object_component_ref idref="oc-14d"/>
      </symbol>
      <symbol id="sm-345">
         <name>__mulsf3</name>
         <value>0x24ad</value>
         <object_component_ref idref="oc-14d"/>
      </symbol>
      <symbol id="sm-34b">
         <name>__aeabi_fdiv</name>
         <value>0x27dd</value>
         <object_component_ref idref="oc-149"/>
      </symbol>
      <symbol id="sm-34c">
         <name>__divsf3</name>
         <value>0x27dd</value>
         <object_component_ref idref="oc-149"/>
      </symbol>
      <symbol id="sm-352">
         <name>__aeabi_ddiv</name>
         <value>0x1831</value>
         <object_component_ref idref="oc-228"/>
      </symbol>
      <symbol id="sm-353">
         <name>__divdf3</name>
         <value>0x1831</value>
         <object_component_ref idref="oc-228"/>
      </symbol>
      <symbol id="sm-359">
         <name>__aeabi_d2iz</name>
         <value>0x307d</value>
         <object_component_ref idref="oc-212"/>
      </symbol>
      <symbol id="sm-35a">
         <name>__fixdfsi</name>
         <value>0x307d</value>
         <object_component_ref idref="oc-212"/>
      </symbol>
      <symbol id="sm-360">
         <name>__aeabi_f2iz</name>
         <value>0x3335</value>
         <object_component_ref idref="oc-155"/>
      </symbol>
      <symbol id="sm-361">
         <name>__fixsfsi</name>
         <value>0x3335</value>
         <object_component_ref idref="oc-155"/>
      </symbol>
      <symbol id="sm-367">
         <name>__aeabi_i2d</name>
         <value>0x35b1</value>
         <object_component_ref idref="oc-21a"/>
      </symbol>
      <symbol id="sm-368">
         <name>__floatsidf</name>
         <value>0x35b1</value>
         <object_component_ref idref="oc-21a"/>
      </symbol>
      <symbol id="sm-36e">
         <name>__aeabi_i2f</name>
         <value>0x3249</value>
         <object_component_ref idref="oc-141"/>
      </symbol>
      <symbol id="sm-36f">
         <name>__floatsisf</name>
         <value>0x3249</value>
         <object_component_ref idref="oc-141"/>
      </symbol>
      <symbol id="sm-375">
         <name>__aeabi_ui2f</name>
         <value>0x367d</value>
         <object_component_ref idref="oc-145"/>
      </symbol>
      <symbol id="sm-376">
         <name>__floatunsisf</name>
         <value>0x367d</value>
         <object_component_ref idref="oc-145"/>
      </symbol>
      <symbol id="sm-37c">
         <name>__aeabi_lmul</name>
         <value>0x37cd</value>
         <object_component_ref idref="oc-1dc"/>
      </symbol>
      <symbol id="sm-37d">
         <name>__muldi3</name>
         <value>0x37cd</value>
         <object_component_ref idref="oc-1dc"/>
      </symbol>
      <symbol id="sm-383">
         <name>__aeabi_dcmpeq</name>
         <value>0x2b79</value>
         <object_component_ref idref="oc-1e5"/>
      </symbol>
      <symbol id="sm-384">
         <name>__aeabi_dcmplt</name>
         <value>0x2b8d</value>
         <object_component_ref idref="oc-1e5"/>
      </symbol>
      <symbol id="sm-385">
         <name>__aeabi_dcmple</name>
         <value>0x2ba1</value>
         <object_component_ref idref="oc-1e5"/>
      </symbol>
      <symbol id="sm-386">
         <name>__aeabi_dcmpge</name>
         <value>0x2bb5</value>
         <object_component_ref idref="oc-1e5"/>
      </symbol>
      <symbol id="sm-387">
         <name>__aeabi_dcmpgt</name>
         <value>0x2bc9</value>
         <object_component_ref idref="oc-1e5"/>
      </symbol>
      <symbol id="sm-38d">
         <name>__aeabi_idiv</name>
         <value>0x2da1</value>
         <object_component_ref idref="oc-240"/>
      </symbol>
      <symbol id="sm-38e">
         <name>__aeabi_idivmod</name>
         <value>0x2da1</value>
         <object_component_ref idref="oc-240"/>
      </symbol>
      <symbol id="sm-394">
         <name>__aeabi_memcpy</name>
         <value>0x3aa1</value>
         <object_component_ref idref="oc-52"/>
      </symbol>
      <symbol id="sm-395">
         <name>__aeabi_memcpy4</name>
         <value>0x3aa1</value>
         <object_component_ref idref="oc-52"/>
      </symbol>
      <symbol id="sm-396">
         <name>__aeabi_memcpy8</name>
         <value>0x3aa1</value>
         <object_component_ref idref="oc-52"/>
      </symbol>
      <symbol id="sm-39f">
         <name>__aeabi_memset</name>
         <value>0x3a41</value>
         <object_component_ref idref="oc-1c7"/>
      </symbol>
      <symbol id="sm-3a0">
         <name>__aeabi_memset4</name>
         <value>0x3a41</value>
         <object_component_ref idref="oc-1c7"/>
      </symbol>
      <symbol id="sm-3a1">
         <name>__aeabi_memset8</name>
         <value>0x3a41</value>
         <object_component_ref idref="oc-1c7"/>
      </symbol>
      <symbol id="sm-3a2">
         <name>__aeabi_memclr</name>
         <value>0x3a5d</value>
         <object_component_ref idref="oc-8b"/>
      </symbol>
      <symbol id="sm-3a3">
         <name>__aeabi_memclr4</name>
         <value>0x3a5d</value>
         <object_component_ref idref="oc-8b"/>
      </symbol>
      <symbol id="sm-3a4">
         <name>__aeabi_memclr8</name>
         <value>0x3a5d</value>
         <object_component_ref idref="oc-8b"/>
      </symbol>
      <symbol id="sm-3aa">
         <name>__aeabi_uidiv</name>
         <value>0x314d</value>
         <object_component_ref idref="oc-ee"/>
      </symbol>
      <symbol id="sm-3ab">
         <name>__aeabi_uidivmod</name>
         <value>0x314d</value>
         <object_component_ref idref="oc-ee"/>
      </symbol>
      <symbol id="sm-3b1">
         <name>__aeabi_uldivmod</name>
         <value>0x39c5</value>
         <object_component_ref idref="oc-1e1"/>
      </symbol>
      <symbol id="sm-3b7">
         <name>__udivmoddi4</name>
         <value>0x2371</value>
         <object_component_ref idref="oc-1fd"/>
      </symbol>
      <symbol id="sm-3bd">
         <name>__aeabi_llsl</name>
         <value>0x3855</value>
         <object_component_ref idref="oc-232"/>
      </symbol>
      <symbol id="sm-3be">
         <name>__ashldi3</name>
         <value>0x3855</value>
         <object_component_ref idref="oc-232"/>
      </symbol>
      <symbol id="sm-3cc">
         <name>__ledf2</name>
         <value>0x2aa5</value>
         <object_component_ref idref="oc-202"/>
      </symbol>
      <symbol id="sm-3cd">
         <name>__gedf2</name>
         <value>0x29c9</value>
         <object_component_ref idref="oc-208"/>
      </symbol>
      <symbol id="sm-3ce">
         <name>__cmpdf2</name>
         <value>0x2aa5</value>
         <object_component_ref idref="oc-202"/>
      </symbol>
      <symbol id="sm-3cf">
         <name>__eqdf2</name>
         <value>0x2aa5</value>
         <object_component_ref idref="oc-202"/>
      </symbol>
      <symbol id="sm-3d0">
         <name>__ltdf2</name>
         <value>0x2aa5</value>
         <object_component_ref idref="oc-202"/>
      </symbol>
      <symbol id="sm-3d1">
         <name>__nedf2</name>
         <value>0x2aa5</value>
         <object_component_ref idref="oc-202"/>
      </symbol>
      <symbol id="sm-3d2">
         <name>__gtdf2</name>
         <value>0x29c9</value>
         <object_component_ref idref="oc-208"/>
      </symbol>
      <symbol id="sm-3de">
         <name>__aeabi_idiv0</name>
         <value>0x22bf</value>
         <object_component_ref idref="oc-12c"/>
      </symbol>
      <symbol id="sm-3df">
         <name>__aeabi_ldiv0</name>
         <value>0x285f</value>
         <object_component_ref idref="oc-231"/>
      </symbol>
      <symbol id="sm-3f9">
         <name>memcpy</name>
         <value>0x2413</value>
         <object_component_ref idref="oc-c5"/>
      </symbol>
      <symbol id="sm-408">
         <name>memset</name>
         <value>0x2bdb</value>
         <object_component_ref idref="oc-10b"/>
      </symbol>
      <symbol id="sm-409">
         <name>__TI_static_base__</name>
         <value>0x0</value>
      </symbol>
      <symbol id="sm-40d">
         <name>__mpu_init</name>
         <value>0x0</value>
      </symbol>
      <symbol id="sm-40e">
         <name>_system_post_cinit</name>
         <value>0x0</value>
      </symbol>
   </symbol_table>
   <title>Link successful</title>
</link_info>
