<?xml version="1.0" encoding="ISO-8859-1" ?>
<link_info>
   <banner>TI ARM Clang Linker PC v3.2.1.LTS</banner>
   <copyright>Copyright (c) 1996-2018 Texas Instruments Incorporated</copyright>
   <link_time>0x668f4e48</link_time>
   <link_errors>0x0</link_errors>
   <output_file>C:\Users\22937\workspace_ccstheia\empty_LP_MSPM0G3507_nortos_ticlang\Debug\empty_LP_MSPM0G3507_nortos_ticlang.out</output_file>
   <entry_point>
      <name>_c_int00_noargs</name>
      <address>0x4411</address>
   </entry_point>
   <input_file_list>
      <input_file id="fl-1">
         <path>C:\Users\22937\workspace_ccstheia\empty_LP_MSPM0G3507_nortos_ticlang\Debug\.\</path>
         <kind>object</kind>
         <file>empty.o</file>
         <name>empty.o</name>
      </input_file>
      <input_file id="fl-2">
         <path>C:\Users\22937\workspace_ccstheia\empty_LP_MSPM0G3507_nortos_ticlang\Debug\.\</path>
         <kind>object</kind>
         <file>ti_msp_dl_config.o</file>
         <name>ti_msp_dl_config.o</name>
      </input_file>
      <input_file id="fl-3">
         <path>C:\Users\22937\workspace_ccstheia\empty_LP_MSPM0G3507_nortos_ticlang\Debug\.\</path>
         <kind>object</kind>
         <file>startup_mspm0g350x_ticlang.o</file>
         <name>startup_mspm0g350x_ticlang.o</name>
      </input_file>
      <input_file id="fl-4">
         <path>C:\Users\22937\workspace_ccstheia\empty_LP_MSPM0G3507_nortos_ticlang\Debug\.\User\device\</path>
         <kind>object</kind>
         <file>gw_gray.o</file>
         <name>gw_gray.o</name>
      </input_file>
      <input_file id="fl-5">
         <path>C:\Users\22937\workspace_ccstheia\empty_LP_MSPM0G3507_nortos_ticlang\Debug\.\User\device\</path>
         <kind>object</kind>
         <file>gyroscope.o</file>
         <name>gyroscope.o</name>
      </input_file>
      <input_file id="fl-6">
         <path>C:\Users\22937\workspace_ccstheia\empty_LP_MSPM0G3507_nortos_ticlang\Debug\.\User\device\</path>
         <kind>object</kind>
         <file>motor.o</file>
         <name>motor.o</name>
      </input_file>
      <input_file id="fl-7">
         <path>C:\Users\22937\workspace_ccstheia\empty_LP_MSPM0G3507_nortos_ticlang\Debug\.\User\device\</path>
         <kind>object</kind>
         <file>radar.o</file>
         <name>radar.o</name>
      </input_file>
      <input_file id="fl-8">
         <path>C:\Users\22937\workspace_ccstheia\empty_LP_MSPM0G3507_nortos_ticlang\Debug\.\User\device\</path>
         <kind>object</kind>
         <file>servo.o</file>
         <name>servo.o</name>
      </input_file>
      <input_file id="fl-9">
         <path>C:\Users\22937\workspace_ccstheia\empty_LP_MSPM0G3507_nortos_ticlang\Debug\.\User\device\</path>
         <kind>object</kind>
         <file>uart.o</file>
         <name>uart.o</name>
      </input_file>
      <input_file id="fl-a">
         <path>C:\Users\22937\workspace_ccstheia\empty_LP_MSPM0G3507_nortos_ticlang\Debug\.\User\</path>
         <kind>object</kind>
         <file>gyr_iic.o</file>
         <name>gyr_iic.o</name>
      </input_file>
      <input_file id="fl-b">
         <path>C:\Users\22937\workspace_ccstheia\empty_LP_MSPM0G3507_nortos_ticlang\Debug\.\User\</path>
         <kind>object</kind>
         <file>uart_re_driver.o</file>
         <name>uart_re_driver.o</name>
      </input_file>
      <input_file id="fl-c">
         <path>C:\Users\22937\workspace_ccstheia\empty_LP_MSPM0G3507_nortos_ticlang\Debug\.\User\it\</path>
         <kind>object</kind>
         <file>gpio_it.o</file>
         <name>gpio_it.o</name>
      </input_file>
      <input_file id="fl-d">
         <path>C:\Users\22937\workspace_ccstheia\empty_LP_MSPM0G3507_nortos_ticlang\Debug\.\User\it\</path>
         <kind>object</kind>
         <file>timer_it.o</file>
         <name>timer_it.o</name>
      </input_file>
      <input_file id="fl-e">
         <path>C:\Users\22937\workspace_ccstheia\empty_LP_MSPM0G3507_nortos_ticlang\Debug\.\User\it\</path>
         <kind>object</kind>
         <file>uart_it.o</file>
         <name>uart_it.o</name>
      </input_file>
      <input_file id="fl-f">
         <path>C:\Users\22937\workspace_ccstheia\empty_LP_MSPM0G3507_nortos_ticlang\Debug\.\User\status\</path>
         <kind>object</kind>
         <file>rpc.o</file>
         <name>rpc.o</name>
      </input_file>
      <input_file id="fl-10">
         <path>C:\Users\22937\workspace_ccstheia\empty_LP_MSPM0G3507_nortos_ticlang\Debug\.\User\status\</path>
         <kind>object</kind>
         <file>status.o</file>
         <name>status.o</name>
      </input_file>
      <input_file id="fl-11">
         <path>C:\Users\22937\workspace_ccstheia\empty_LP_MSPM0G3507_nortos_ticlang\Debug\.\User\status\</path>
         <kind>object</kind>
         <file>wheel.o</file>
         <name>wheel.o</name>
      </input_file>
      <input_file id="fl-12">
         <path>C:\Users\22937\workspace_ccstheia\empty_LP_MSPM0G3507_nortos_ticlang\Debug\.\User\utils\</path>
         <kind>object</kind>
         <file>log.o</file>
         <name>log.o</name>
      </input_file>
      <input_file id="fl-13">
         <path>C:\Users\22937\workspace_ccstheia\empty_LP_MSPM0G3507_nortos_ticlang\Debug\.\User\utils\</path>
         <kind>object</kind>
         <file>pid.o</file>
         <name>pid.o</name>
      </input_file>
      <input_file id="fl-20">
         <path>C:\Users\22937\workspace_ccstheia\empty_LP_MSPM0G3507_nortos_ticlang\Debug\</path>
         <kind>object</kind>
         <file>&lt;internal&gt;</file>
         <name>&lt;internal&gt;</name>
      </input_file>
      <input_file id="fl-21">
         <path>C:\ti\mspm0_sdk_2_01_00_03\source\ti\driverlib\lib\ticlang\m0p\mspm0g1x0x_g3x0x\</path>
         <kind>archive</kind>
         <file>driverlib.a</file>
         <name>dl_common.o</name>
      </input_file>
      <input_file id="fl-22">
         <path>C:\ti\mspm0_sdk_2_01_00_03\source\ti\driverlib\lib\ticlang\m0p\mspm0g1x0x_g3x0x\</path>
         <kind>archive</kind>
         <file>driverlib.a</file>
         <name>dl_dma.o</name>
      </input_file>
      <input_file id="fl-23">
         <path>C:\ti\mspm0_sdk_2_01_00_03\source\ti\driverlib\lib\ticlang\m0p\mspm0g1x0x_g3x0x\</path>
         <kind>archive</kind>
         <file>driverlib.a</file>
         <name>dl_i2c.o</name>
      </input_file>
      <input_file id="fl-24">
         <path>C:\ti\mspm0_sdk_2_01_00_03\source\ti\driverlib\lib\ticlang\m0p\mspm0g1x0x_g3x0x\</path>
         <kind>archive</kind>
         <file>driverlib.a</file>
         <name>dl_timer.o</name>
      </input_file>
      <input_file id="fl-25">
         <path>C:\ti\mspm0_sdk_2_01_00_03\source\ti\driverlib\lib\ticlang\m0p\mspm0g1x0x_g3x0x\</path>
         <kind>archive</kind>
         <file>driverlib.a</file>
         <name>dl_uart.o</name>
      </input_file>
      <input_file id="fl-34">
         <path>D:\program\CCS\ccs_blue\ccs\tools\compiler\ti-cgt-armllvm_3.2.1.LTS\lib\armv6m-ti-none-eabi\c\</path>
         <kind>archive</kind>
         <file>libc.a</file>
         <name>vsnprintf.c.obj</name>
      </input_file>
      <input_file id="fl-35">
         <path>D:\program\CCS\ccs_blue\ccs\tools\compiler\ti-cgt-armllvm_3.2.1.LTS\lib\armv6m-ti-none-eabi\c\</path>
         <kind>archive</kind>
         <file>libc.a</file>
         <name>copy_zero_init.c.obj</name>
      </input_file>
      <input_file id="fl-36">
         <path>D:\program\CCS\ccs_blue\ccs\tools\compiler\ti-cgt-armllvm_3.2.1.LTS\lib\armv6m-ti-none-eabi\c\</path>
         <kind>archive</kind>
         <file>libc.a</file>
         <name>copy_decompress_none.c.obj</name>
      </input_file>
      <input_file id="fl-37">
         <path>D:\program\CCS\ccs_blue\ccs\tools\compiler\ti-cgt-armllvm_3.2.1.LTS\lib\armv6m-ti-none-eabi\c\</path>
         <kind>archive</kind>
         <file>libc.a</file>
         <name>copy_decompress_lzss.c.obj</name>
      </input_file>
      <input_file id="fl-38">
         <path>D:\program\CCS\ccs_blue\ccs\tools\compiler\ti-cgt-armllvm_3.2.1.LTS\lib\armv6m-ti-none-eabi\c\</path>
         <kind>archive</kind>
         <file>libc.a</file>
         <name>boot_cortex_m.c.obj</name>
      </input_file>
      <input_file id="fl-39">
         <path>D:\program\CCS\ccs_blue\ccs\tools\compiler\ti-cgt-armllvm_3.2.1.LTS\lib\armv6m-ti-none-eabi\c\</path>
         <kind>archive</kind>
         <file>libc.a</file>
         <name>mathacl_init.c.obj</name>
      </input_file>
      <input_file id="fl-3a">
         <path>D:\program\CCS\ccs_blue\ccs\tools\compiler\ti-cgt-armllvm_3.2.1.LTS\lib\armv6m-ti-none-eabi\c\</path>
         <kind>archive</kind>
         <file>libc.a</file>
         <name>_printfi.c.obj</name>
      </input_file>
      <input_file id="fl-3b">
         <path>D:\program\CCS\ccs_blue\ccs\tools\compiler\ti-cgt-armllvm_3.2.1.LTS\lib\armv6m-ti-none-eabi\c\</path>
         <kind>archive</kind>
         <file>libc.a</file>
         <name>s_frexp.c.obj</name>
      </input_file>
      <input_file id="fl-3c">
         <path>D:\program\CCS\ccs_blue\ccs\tools\compiler\ti-cgt-armllvm_3.2.1.LTS\lib\armv6m-ti-none-eabi\c\</path>
         <kind>archive</kind>
         <file>libc.a</file>
         <name>s_scalbn.c.obj</name>
      </input_file>
      <input_file id="fl-3d">
         <path>D:\program\CCS\ccs_blue\ccs\tools\compiler\ti-cgt-armllvm_3.2.1.LTS\lib\armv6m-ti-none-eabi\c\</path>
         <kind>archive</kind>
         <file>libc.a</file>
         <name>aeabi_portable.c.obj</name>
      </input_file>
      <input_file id="fl-3e">
         <path>D:\program\CCS\ccs_blue\ccs\tools\compiler\ti-cgt-armllvm_3.2.1.LTS\lib\armv6m-ti-none-eabi\c\</path>
         <kind>archive</kind>
         <file>libc.a</file>
         <name>exit.c.obj</name>
      </input_file>
      <input_file id="fl-3f">
         <path>D:\program\CCS\ccs_blue\ccs\tools\compiler\ti-cgt-armllvm_3.2.1.LTS\lib\armv6m-ti-none-eabi\c\</path>
         <kind>archive</kind>
         <file>libc.a</file>
         <name>_lock.c.obj</name>
      </input_file>
      <input_file id="fl-40">
         <path>D:\program\CCS\ccs_blue\ccs\tools\compiler\ti-cgt-armllvm_3.2.1.LTS\lib\armv6m-ti-none-eabi\c\</path>
         <kind>archive</kind>
         <file>libc.a</file>
         <name>_ltoa.c.obj</name>
      </input_file>
      <input_file id="fl-41">
         <path>D:\program\CCS\ccs_blue\ccs\tools\compiler\ti-cgt-armllvm_3.2.1.LTS\lib\armv6m-ti-none-eabi\c\</path>
         <kind>archive</kind>
         <file>libc.a</file>
         <name>args_main.c.obj</name>
      </input_file>
      <input_file id="fl-42">
         <path>D:\program\CCS\ccs_blue\ccs\tools\compiler\ti-cgt-armllvm_3.2.1.LTS\lib\armv6m-ti-none-eabi\c\</path>
         <kind>archive</kind>
         <file>libc.a</file>
         <name>assert.c.obj</name>
      </input_file>
      <input_file id="fl-43">
         <path>D:\program\CCS\ccs_blue\ccs\tools\compiler\ti-cgt-armllvm_3.2.1.LTS\lib\armv6m-ti-none-eabi\c\</path>
         <kind>archive</kind>
         <file>libc.a</file>
         <name>atoi.c.obj</name>
      </input_file>
      <input_file id="fl-44">
         <path>D:\program\CCS\ccs_blue\ccs\tools\compiler\ti-cgt-armllvm_3.2.1.LTS\lib\armv6m-ti-none-eabi\c\</path>
         <kind>archive</kind>
         <file>libc.a</file>
         <name>defs.c.obj</name>
      </input_file>
      <input_file id="fl-45">
         <path>D:\program\CCS\ccs_blue\ccs\tools\compiler\ti-cgt-armllvm_3.2.1.LTS\lib\armv6m-ti-none-eabi\c\</path>
         <kind>archive</kind>
         <file>libc.a</file>
         <name>memccpy.c.obj</name>
      </input_file>
      <input_file id="fl-46">
         <path>D:\program\CCS\ccs_blue\ccs\tools\compiler\ti-cgt-armllvm_3.2.1.LTS\lib\armv6m-ti-none-eabi\c\</path>
         <kind>archive</kind>
         <file>libc.a</file>
         <name>memory.c.obj</name>
      </input_file>
      <input_file id="fl-47">
         <path>D:\program\CCS\ccs_blue\ccs\tools\compiler\ti-cgt-armllvm_3.2.1.LTS\lib\armv6m-ti-none-eabi\c\</path>
         <kind>archive</kind>
         <file>libc.a</file>
         <name>autoinit.c.obj</name>
      </input_file>
      <input_file id="fl-48">
         <path>D:\program\CCS\ccs_blue\ccs\tools\compiler\ti-cgt-armllvm_3.2.1.LTS\lib\armv6m-ti-none-eabi\c\</path>
         <kind>archive</kind>
         <file>libc.a</file>
         <name>pre_init.c.obj</name>
      </input_file>
      <input_file id="fl-49">
         <path>D:\program\CCS\ccs_blue\ccs\tools\compiler\ti-cgt-armllvm_3.2.1.LTS\lib\armv6m-ti-none-eabi\c\</path>
         <kind>archive</kind>
         <file>libc.a</file>
         <name>cpy_tbl.c.obj</name>
      </input_file>
      <input_file id="fl-4a">
         <path>D:\program\CCS\ccs_blue\ccs\tools\compiler\ti-cgt-armllvm_3.2.1.LTS\lib\armv6m-ti-none-eabi\c\</path>
         <kind>archive</kind>
         <file>libc.a</file>
         <name>wcslen.c.obj</name>
      </input_file>
      <input_file id="fl-4b">
         <path>D:\program\CCS\ccs_blue\ccs\tools\compiler\ti-cgt-armllvm_3.2.1.LTS\lib\armv6m-ti-none-eabi\c\</path>
         <kind>archive</kind>
         <file>libc.a</file>
         <name>sprintf.c.obj</name>
      </input_file>
      <input_file id="fl-4c">
         <path>D:\program\CCS\ccs_blue\ccs\tools\compiler\ti-cgt-armllvm_3.2.1.LTS\lib\armv6m-ti-none-eabi\c\</path>
         <kind>archive</kind>
         <file>libc.a</file>
         <name>fflush.c.obj</name>
      </input_file>
      <input_file id="fl-4d">
         <path>D:\program\CCS\ccs_blue\ccs\tools\compiler\ti-cgt-armllvm_3.2.1.LTS\lib\armv6m-ti-none-eabi\c\</path>
         <kind>archive</kind>
         <file>libc.a</file>
         <name>fputs.c.obj</name>
      </input_file>
      <input_file id="fl-4e">
         <path>D:\program\CCS\ccs_blue\ccs\tools\compiler\ti-cgt-armllvm_3.2.1.LTS\lib\armv6m-ti-none-eabi\c\</path>
         <kind>archive</kind>
         <file>libc.a</file>
         <name>_io_perm.c.obj</name>
      </input_file>
      <input_file id="fl-4f">
         <path>D:\program\CCS\ccs_blue\ccs\tools\compiler\ti-cgt-armllvm_3.2.1.LTS\lib\armv6m-ti-none-eabi\c\</path>
         <kind>archive</kind>
         <file>libc.a</file>
         <name>setvbuf.c.obj</name>
      </input_file>
      <input_file id="fl-50">
         <path>D:\program\CCS\ccs_blue\ccs\tools\compiler\ti-cgt-armllvm_3.2.1.LTS\lib\armv6m-ti-none-eabi\c\</path>
         <kind>archive</kind>
         <file>libc.a</file>
         <name>aeabi_ctype.S.obj</name>
      </input_file>
      <input_file id="fl-51">
         <path>D:\program\CCS\ccs_blue\ccs\tools\compiler\ti-cgt-armllvm_3.2.1.LTS\lib\armv6m-ti-none-eabi\c\</path>
         <kind>archive</kind>
         <file>libc.a</file>
         <name>fopen.c.obj</name>
      </input_file>
      <input_file id="fl-52">
         <path>D:\program\CCS\ccs_blue\ccs\tools\compiler\ti-cgt-armllvm_3.2.1.LTS\lib\armv6m-ti-none-eabi\c\</path>
         <kind>archive</kind>
         <file>libc.a</file>
         <name>fseek.c.obj</name>
      </input_file>
      <input_file id="fl-53">
         <path>D:\program\CCS\ccs_blue\ccs\tools\compiler\ti-cgt-armllvm_3.2.1.LTS\lib\armv6m-ti-none-eabi\c\</path>
         <kind>archive</kind>
         <file>libc.a</file>
         <name>fclose.c.obj</name>
      </input_file>
      <input_file id="fl-b9">
         <path>D:\program\CCS\ccs_blue\ccs\tools\compiler\ti-cgt-armllvm_3.2.1.LTS\lib\armv6m-ti-none-eabi\c\</path>
         <kind>archive</kind>
         <file>libsysbm.a</file>
         <name>write.c.obj</name>
      </input_file>
      <input_file id="fl-ba">
         <path>D:\program\CCS\ccs_blue\ccs\tools\compiler\ti-cgt-armllvm_3.2.1.LTS\lib\armv6m-ti-none-eabi\c\</path>
         <kind>archive</kind>
         <file>libsysbm.a</file>
         <name>host_device.c.obj</name>
      </input_file>
      <input_file id="fl-bb">
         <path>D:\program\CCS\ccs_blue\ccs\tools\compiler\ti-cgt-armllvm_3.2.1.LTS\lib\armv6m-ti-none-eabi\c\</path>
         <kind>archive</kind>
         <file>libsysbm.a</file>
         <name>remove.c.obj</name>
      </input_file>
      <input_file id="fl-bc">
         <path>D:\program\CCS\ccs_blue\ccs\tools\compiler\ti-cgt-armllvm_3.2.1.LTS\lib\armv6m-ti-none-eabi\c\</path>
         <kind>archive</kind>
         <file>libsysbm.a</file>
         <name>open.c.obj</name>
      </input_file>
      <input_file id="fl-bd">
         <path>D:\program\CCS\ccs_blue\ccs\tools\compiler\ti-cgt-armllvm_3.2.1.LTS\lib\armv6m-ti-none-eabi\c\</path>
         <kind>archive</kind>
         <file>libsysbm.a</file>
         <name>lseek.c.obj</name>
      </input_file>
      <input_file id="fl-be">
         <path>D:\program\CCS\ccs_blue\ccs\tools\compiler\ti-cgt-armllvm_3.2.1.LTS\lib\armv6m-ti-none-eabi\c\</path>
         <kind>archive</kind>
         <file>libsysbm.a</file>
         <name>close.c.obj</name>
      </input_file>
      <input_file id="fl-bf">
         <path>D:\program\CCS\ccs_blue\ccs\tools\compiler\ti-cgt-armllvm_3.2.1.LTS\lib\armv6m-ti-none-eabi\c\</path>
         <kind>archive</kind>
         <file>libsysbm.a</file>
         <name>unlink.c.obj</name>
      </input_file>
      <input_file id="fl-c0">
         <path>D:\program\CCS\ccs_blue\ccs\tools\compiler\ti-cgt-armllvm_3.2.1.LTS\lib\armv6m-ti-none-eabi\c\</path>
         <kind>archive</kind>
         <file>libsysbm.a</file>
         <name>hostclose.c.obj</name>
      </input_file>
      <input_file id="fl-c1">
         <path>D:\program\CCS\ccs_blue\ccs\tools\compiler\ti-cgt-armllvm_3.2.1.LTS\lib\armv6m-ti-none-eabi\c\</path>
         <kind>archive</kind>
         <file>libsysbm.a</file>
         <name>hostlseek.c.obj</name>
      </input_file>
      <input_file id="fl-c2">
         <path>D:\program\CCS\ccs_blue\ccs\tools\compiler\ti-cgt-armllvm_3.2.1.LTS\lib\armv6m-ti-none-eabi\c\</path>
         <kind>archive</kind>
         <file>libsysbm.a</file>
         <name>hostopen.c.obj</name>
      </input_file>
      <input_file id="fl-c3">
         <path>D:\program\CCS\ccs_blue\ccs\tools\compiler\ti-cgt-armllvm_3.2.1.LTS\lib\armv6m-ti-none-eabi\c\</path>
         <kind>archive</kind>
         <file>libsysbm.a</file>
         <name>hostread.c.obj</name>
      </input_file>
      <input_file id="fl-c4">
         <path>D:\program\CCS\ccs_blue\ccs\tools\compiler\ti-cgt-armllvm_3.2.1.LTS\lib\armv6m-ti-none-eabi\c\</path>
         <kind>archive</kind>
         <file>libsysbm.a</file>
         <name>hostrename.c.obj</name>
      </input_file>
      <input_file id="fl-c5">
         <path>D:\program\CCS\ccs_blue\ccs\tools\compiler\ti-cgt-armllvm_3.2.1.LTS\lib\armv6m-ti-none-eabi\c\</path>
         <kind>archive</kind>
         <file>libsysbm.a</file>
         <name>hostunlink.c.obj</name>
      </input_file>
      <input_file id="fl-c6">
         <path>D:\program\CCS\ccs_blue\ccs\tools\compiler\ti-cgt-armllvm_3.2.1.LTS\lib\armv6m-ti-none-eabi\c\</path>
         <kind>archive</kind>
         <file>libsysbm.a</file>
         <name>hostwrite.c.obj</name>
      </input_file>
      <input_file id="fl-c7">
         <path>D:\program\CCS\ccs_blue\ccs\tools\compiler\ti-cgt-armllvm_3.2.1.LTS\lib\armv6m-ti-none-eabi\c\</path>
         <kind>archive</kind>
         <file>libsysbm.a</file>
         <name>trgmsg.c.obj</name>
      </input_file>
      <input_file id="fl-c8">
         <path>D:\program\CCS\ccs_blue\ccs\tools\compiler\ti-cgt-armllvm_3.2.1.LTS\lib\clang\15.0.7\lib\armv6m-ti-none-eabi\</path>
         <kind>archive</kind>
         <file>libclang_rt.builtins.a</file>
         <name>addsf3.S.obj</name>
      </input_file>
      <input_file id="fl-c9">
         <path>D:\program\CCS\ccs_blue\ccs\tools\compiler\ti-cgt-armllvm_3.2.1.LTS\lib\clang\15.0.7\lib\armv6m-ti-none-eabi\</path>
         <kind>archive</kind>
         <file>libclang_rt.builtins.a</file>
         <name>adddf3.S.obj</name>
      </input_file>
      <input_file id="fl-ca">
         <path>D:\program\CCS\ccs_blue\ccs\tools\compiler\ti-cgt-armllvm_3.2.1.LTS\lib\clang\15.0.7\lib\armv6m-ti-none-eabi\</path>
         <kind>archive</kind>
         <file>libclang_rt.builtins.a</file>
         <name>muldf3.S.obj</name>
      </input_file>
      <input_file id="fl-cb">
         <path>D:\program\CCS\ccs_blue\ccs\tools\compiler\ti-cgt-armllvm_3.2.1.LTS\lib\clang\15.0.7\lib\armv6m-ti-none-eabi\</path>
         <kind>archive</kind>
         <file>libclang_rt.builtins.a</file>
         <name>muldsi3.S.obj</name>
      </input_file>
      <input_file id="fl-cc">
         <path>D:\program\CCS\ccs_blue\ccs\tools\compiler\ti-cgt-armllvm_3.2.1.LTS\lib\clang\15.0.7\lib\armv6m-ti-none-eabi\</path>
         <kind>archive</kind>
         <file>libclang_rt.builtins.a</file>
         <name>mulsf3.S.obj</name>
      </input_file>
      <input_file id="fl-cd">
         <path>D:\program\CCS\ccs_blue\ccs\tools\compiler\ti-cgt-armllvm_3.2.1.LTS\lib\clang\15.0.7\lib\armv6m-ti-none-eabi\</path>
         <kind>archive</kind>
         <file>libclang_rt.builtins.a</file>
         <name>divsf3.S.obj</name>
      </input_file>
      <input_file id="fl-ce">
         <path>D:\program\CCS\ccs_blue\ccs\tools\compiler\ti-cgt-armllvm_3.2.1.LTS\lib\clang\15.0.7\lib\armv6m-ti-none-eabi\</path>
         <kind>archive</kind>
         <file>libclang_rt.builtins.a</file>
         <name>divdf3.S.obj</name>
      </input_file>
      <input_file id="fl-cf">
         <path>D:\program\CCS\ccs_blue\ccs\tools\compiler\ti-cgt-armllvm_3.2.1.LTS\lib\clang\15.0.7\lib\armv6m-ti-none-eabi\</path>
         <kind>archive</kind>
         <file>libclang_rt.builtins.a</file>
         <name>extendsfdf2.S.obj</name>
      </input_file>
      <input_file id="fl-d0">
         <path>D:\program\CCS\ccs_blue\ccs\tools\compiler\ti-cgt-armllvm_3.2.1.LTS\lib\clang\15.0.7\lib\armv6m-ti-none-eabi\</path>
         <kind>archive</kind>
         <file>libclang_rt.builtins.a</file>
         <name>fixdfsi.S.obj</name>
      </input_file>
      <input_file id="fl-d1">
         <path>D:\program\CCS\ccs_blue\ccs\tools\compiler\ti-cgt-armllvm_3.2.1.LTS\lib\clang\15.0.7\lib\armv6m-ti-none-eabi\</path>
         <kind>archive</kind>
         <file>libclang_rt.builtins.a</file>
         <name>fixsfsi.S.obj</name>
      </input_file>
      <input_file id="fl-d2">
         <path>D:\program\CCS\ccs_blue\ccs\tools\compiler\ti-cgt-armllvm_3.2.1.LTS\lib\clang\15.0.7\lib\armv6m-ti-none-eabi\</path>
         <kind>archive</kind>
         <file>libclang_rt.builtins.a</file>
         <name>floatsidf.S.obj</name>
      </input_file>
      <input_file id="fl-d3">
         <path>D:\program\CCS\ccs_blue\ccs\tools\compiler\ti-cgt-armllvm_3.2.1.LTS\lib\clang\15.0.7\lib\armv6m-ti-none-eabi\</path>
         <kind>archive</kind>
         <file>libclang_rt.builtins.a</file>
         <name>floatsisf.S.obj</name>
      </input_file>
      <input_file id="fl-d4">
         <path>D:\program\CCS\ccs_blue\ccs\tools\compiler\ti-cgt-armllvm_3.2.1.LTS\lib\clang\15.0.7\lib\armv6m-ti-none-eabi\</path>
         <kind>archive</kind>
         <file>libclang_rt.builtins.a</file>
         <name>floatunsisf.S.obj</name>
      </input_file>
      <input_file id="fl-d5">
         <path>D:\program\CCS\ccs_blue\ccs\tools\compiler\ti-cgt-armllvm_3.2.1.LTS\lib\clang\15.0.7\lib\armv6m-ti-none-eabi\</path>
         <kind>archive</kind>
         <file>libclang_rt.builtins.a</file>
         <name>muldi3.S.obj</name>
      </input_file>
      <input_file id="fl-d6">
         <path>D:\program\CCS\ccs_blue\ccs\tools\compiler\ti-cgt-armllvm_3.2.1.LTS\lib\clang\15.0.7\lib\armv6m-ti-none-eabi\</path>
         <kind>archive</kind>
         <file>libclang_rt.builtins.a</file>
         <name>truncdfsf2.S.obj</name>
      </input_file>
      <input_file id="fl-d7">
         <path>D:\program\CCS\ccs_blue\ccs\tools\compiler\ti-cgt-armllvm_3.2.1.LTS\lib\clang\15.0.7\lib\armv6m-ti-none-eabi\</path>
         <kind>archive</kind>
         <file>libclang_rt.builtins.a</file>
         <name>aeabi_dcmp.S.obj</name>
      </input_file>
      <input_file id="fl-d8">
         <path>D:\program\CCS\ccs_blue\ccs\tools\compiler\ti-cgt-armllvm_3.2.1.LTS\lib\clang\15.0.7\lib\armv6m-ti-none-eabi\</path>
         <kind>archive</kind>
         <file>libclang_rt.builtins.a</file>
         <name>aeabi_fcmp.S.obj</name>
      </input_file>
      <input_file id="fl-d9">
         <path>D:\program\CCS\ccs_blue\ccs\tools\compiler\ti-cgt-armllvm_3.2.1.LTS\lib\clang\15.0.7\lib\armv6m-ti-none-eabi\</path>
         <kind>archive</kind>
         <file>libclang_rt.builtins.a</file>
         <name>aeabi_idivmod.S.obj</name>
      </input_file>
      <input_file id="fl-da">
         <path>D:\program\CCS\ccs_blue\ccs\tools\compiler\ti-cgt-armllvm_3.2.1.LTS\lib\clang\15.0.7\lib\armv6m-ti-none-eabi\</path>
         <kind>archive</kind>
         <file>libclang_rt.builtins.a</file>
         <name>aeabi_memcpy.S.obj</name>
      </input_file>
      <input_file id="fl-db">
         <path>D:\program\CCS\ccs_blue\ccs\tools\compiler\ti-cgt-armllvm_3.2.1.LTS\lib\clang\15.0.7\lib\armv6m-ti-none-eabi\</path>
         <kind>archive</kind>
         <file>libclang_rt.builtins.a</file>
         <name>aeabi_memset.S.obj</name>
      </input_file>
      <input_file id="fl-dc">
         <path>D:\program\CCS\ccs_blue\ccs\tools\compiler\ti-cgt-armllvm_3.2.1.LTS\lib\clang\15.0.7\lib\armv6m-ti-none-eabi\</path>
         <kind>archive</kind>
         <file>libclang_rt.builtins.a</file>
         <name>aeabi_uidivmod.S.obj</name>
      </input_file>
      <input_file id="fl-dd">
         <path>D:\program\CCS\ccs_blue\ccs\tools\compiler\ti-cgt-armllvm_3.2.1.LTS\lib\clang\15.0.7\lib\armv6m-ti-none-eabi\</path>
         <kind>archive</kind>
         <file>libclang_rt.builtins.a</file>
         <name>aeabi_uldivmod.S.obj</name>
      </input_file>
      <input_file id="fl-de">
         <path>D:\program\CCS\ccs_blue\ccs\tools\compiler\ti-cgt-armllvm_3.2.1.LTS\lib\clang\15.0.7\lib\armv6m-ti-none-eabi\</path>
         <kind>archive</kind>
         <file>libclang_rt.builtins.a</file>
         <name>comparesf2.S.obj</name>
      </input_file>
      <input_file id="fl-df">
         <path>D:\program\CCS\ccs_blue\ccs\tools\compiler\ti-cgt-armllvm_3.2.1.LTS\lib\clang\15.0.7\lib\armv6m-ti-none-eabi\</path>
         <kind>archive</kind>
         <file>libclang_rt.builtins.a</file>
         <name>udivmoddi4.S.obj</name>
      </input_file>
      <input_file id="fl-e0">
         <path>D:\program\CCS\ccs_blue\ccs\tools\compiler\ti-cgt-armllvm_3.2.1.LTS\lib\clang\15.0.7\lib\armv6m-ti-none-eabi\</path>
         <kind>archive</kind>
         <file>libclang_rt.builtins.a</file>
         <name>ashldi3.S.obj</name>
      </input_file>
      <input_file id="fl-e1">
         <path>D:\program\CCS\ccs_blue\ccs\tools\compiler\ti-cgt-armllvm_3.2.1.LTS\lib\clang\15.0.7\lib\armv6m-ti-none-eabi\</path>
         <kind>archive</kind>
         <file>libclang_rt.builtins.a</file>
         <name>comparedf2.c.obj</name>
      </input_file>
      <input_file id="fl-e2">
         <path>D:\program\CCS\ccs_blue\ccs\tools\compiler\ti-cgt-armllvm_3.2.1.LTS\lib\clang\15.0.7\lib\armv6m-ti-none-eabi\</path>
         <kind>archive</kind>
         <file>libclang_rt.builtins.a</file>
         <name>aeabi_div0.c.obj</name>
      </input_file>
      <input_file id="fl-e3">
         <path>D:\program\CCS\ccs_blue\ccs\tools\compiler\ti-cgt-armllvm_3.2.1.LTS\lib\armv6m-ti-none-eabi\c\</path>
         <kind>archive</kind>
         <file>libc.a</file>
         <name>getdevice.c.obj</name>
      </input_file>
      <input_file id="fl-e4">
         <path>D:\program\CCS\ccs_blue\ccs\tools\compiler\ti-cgt-armllvm_3.2.1.LTS\lib\armv6m-ti-none-eabi\c\</path>
         <kind>archive</kind>
         <file>libc.a</file>
         <name>memcpy16.S.obj</name>
      </input_file>
      <input_file id="fl-e5">
         <path>D:\program\CCS\ccs_blue\ccs\tools\compiler\ti-cgt-armllvm_3.2.1.LTS\lib\armv6m-ti-none-eabi\c\</path>
         <kind>archive</kind>
         <file>libc.a</file>
         <name>memset16.S.obj</name>
      </input_file>
   </input_file_list>
   <object_component_list>
      <object_component id="oc-18">
         <name>.intvecs</name>
         <load_address>0x0</load_address>
         <readonly>true</readonly>
         <run_address>0x0</run_address>
         <size>0xc0</size>
         <alignment>0x4</alignment>
         <input_file_ref idref="fl-3"/>
      </object_component>
      <object_component id="oc-1f4">
         <name>.text:__TI_printfi</name>
         <load_address>0xc0</load_address>
         <readonly>true</readonly>
         <executable>true</executable>
         <run_address>0xc0</run_address>
         <size>0xa00</size>
         <alignment>0x4</alignment>
         <input_file_ref idref="fl-3a"/>
      </object_component>
      <object_component id="oc-124">
         <name>.text.data_process</name>
         <load_address>0xac0</load_address>
         <readonly>true</readonly>
         <executable>true</executable>
         <run_address>0xac0</run_address>
         <size>0x6f0</size>
         <alignment>0x4</alignment>
         <input_file_ref idref="fl-7"/>
      </object_component>
      <object_component id="oc-73">
         <name>.text.Ladar_drive</name>
         <load_address>0x11b0</load_address>
         <readonly>true</readonly>
         <executable>true</executable>
         <run_address>0x11b0</run_address>
         <size>0x2f4</size>
         <alignment>0x4</alignment>
         <input_file_ref idref="fl-7"/>
      </object_component>
      <object_component id="oc-e1">
         <name>.text.radar_data_process</name>
         <load_address>0x14a4</load_address>
         <readonly>true</readonly>
         <executable>true</executable>
         <run_address>0x14a4</run_address>
         <size>0x248</size>
         <alignment>0x4</alignment>
         <input_file_ref idref="fl-7"/>
      </object_component>
      <object_component id="oc-218">
         <name>.text._pconv_a</name>
         <load_address>0x16ec</load_address>
         <readonly>true</readonly>
         <executable>true</executable>
         <run_address>0x16ec</run_address>
         <size>0x220</size>
         <alignment>0x4</alignment>
         <input_file_ref idref="fl-3a"/>
      </object_component>
      <object_component id="oc-123">
         <name>.text.status_wheels_init</name>
         <load_address>0x190c</load_address>
         <readonly>true</readonly>
         <executable>true</executable>
         <run_address>0x190c</run_address>
         <size>0x1f8</size>
         <alignment>0x4</alignment>
         <input_file_ref idref="fl-11"/>
      </object_component>
      <object_component id="oc-21b">
         <name>.text._pconv_g</name>
         <load_address>0x1b04</load_address>
         <readonly>true</readonly>
         <executable>true</executable>
         <run_address>0x1b04</run_address>
         <size>0x1dc</size>
         <alignment>0x4</alignment>
         <input_file_ref idref="fl-3a"/>
      </object_component>
      <object_component id="oc-253">
         <name>.text.adddf3_subdf3</name>
         <load_address>0x1ce0</load_address>
         <readonly>true</readonly>
         <executable>true</executable>
         <run_address>0x1ce0</run_address>
         <size>0x192</size>
         <alignment>0x4</alignment>
         <input_file_ref idref="fl-c9"/>
      </object_component>
      <object_component id="oc-33">
         <name>.text.Default_Handler</name>
         <load_address>0x1e72</load_address>
         <readonly>true</readonly>
         <executable>true</executable>
         <run_address>0x1e72</run_address>
         <size>0x2</size>
         <alignment>0x2</alignment>
         <input_file_ref idref="fl-3"/>
      </object_component>
      <object_component id="oc-179">
         <name>.text.rpc_declare</name>
         <load_address>0x1e74</load_address>
         <readonly>true</readonly>
         <executable>true</executable>
         <run_address>0x1e74</run_address>
         <size>0x150</size>
         <alignment>0x4</alignment>
         <input_file_ref idref="fl-f"/>
      </object_component>
      <object_component id="oc-252">
         <name>.text.fcvt</name>
         <load_address>0x1fc4</load_address>
         <readonly>true</readonly>
         <executable>true</executable>
         <run_address>0x1fc4</run_address>
         <size>0x13c</size>
         <alignment>0x4</alignment>
         <input_file_ref idref="fl-3a"/>
      </object_component>
      <object_component id="oc-111">
         <name>.text.SYSCFG_DL_GPIO_init</name>
         <load_address>0x2100</load_address>
         <readonly>true</readonly>
         <executable>true</executable>
         <run_address>0x2100</run_address>
         <size>0x12c</size>
         <alignment>0x4</alignment>
         <input_file_ref idref="fl-2"/>
      </object_component>
      <object_component id="oc-219">
         <name>.text._pconv_e</name>
         <load_address>0x222c</load_address>
         <readonly>true</readonly>
         <executable>true</executable>
         <run_address>0x222c</run_address>
         <size>0x120</size>
         <alignment>0x4</alignment>
         <input_file_ref idref="fl-3a"/>
      </object_component>
      <object_component id="oc-16e">
         <name>.text.DL_Timer_initPWMMode</name>
         <load_address>0x234c</load_address>
         <readonly>true</readonly>
         <executable>true</executable>
         <run_address>0x234c</run_address>
         <size>0x110</size>
         <alignment>0x4</alignment>
         <input_file_ref idref="fl-24"/>
      </object_component>
      <object_component id="oc-187">
         <name>.text.__divdf3</name>
         <load_address>0x245c</load_address>
         <readonly>true</readonly>
         <executable>true</executable>
         <run_address>0x245c</run_address>
         <size>0x10c</size>
         <alignment>0x4</alignment>
         <input_file_ref idref="fl-ce"/>
      </object_component>
      <object_component id="oc-164">
         <name>.text.DL_Timer_initTimerMode</name>
         <load_address>0x2568</load_address>
         <readonly>true</readonly>
         <executable>true</executable>
         <run_address>0x2568</run_address>
         <size>0x100</size>
         <alignment>0x4</alignment>
         <input_file_ref idref="fl-24"/>
      </object_component>
      <object_component id="oc-17c">
         <name>.text.pid_init</name>
         <load_address>0x2668</load_address>
         <readonly>true</readonly>
         <executable>true</executable>
         <run_address>0x2668</run_address>
         <size>0xfc</size>
         <alignment>0x4</alignment>
         <input_file_ref idref="fl-13"/>
      </object_component>
      <object_component id="oc-169">
         <name>.text.DL_TimerA_initPWMMode</name>
         <load_address>0x2764</load_address>
         <readonly>true</readonly>
         <executable>true</executable>
         <run_address>0x2764</run_address>
         <size>0xec</size>
         <alignment>0x4</alignment>
         <input_file_ref idref="fl-24"/>
      </object_component>
      <object_component id="oc-c5">
         <name>.text.status_wheels_next</name>
         <load_address>0x2850</load_address>
         <readonly>true</readonly>
         <executable>true</executable>
         <run_address>0x2850</run_address>
         <size>0xe8</size>
         <alignment>0x4</alignment>
         <input_file_ref idref="fl-11"/>
      </object_component>
      <object_component id="oc-249">
         <name>.text.__muldf3</name>
         <load_address>0x2938</load_address>
         <readonly>true</readonly>
         <executable>true</executable>
         <run_address>0x2938</run_address>
         <size>0xe4</size>
         <alignment>0x4</alignment>
         <input_file_ref idref="fl-ca"/>
      </object_component>
      <object_component id="oc-23c">
         <name>.text.scalbn</name>
         <load_address>0x2a1c</load_address>
         <readonly>true</readonly>
         <executable>true</executable>
         <run_address>0x2a1c</run_address>
         <size>0xd8</size>
         <alignment>0x4</alignment>
         <input_file_ref idref="fl-3c"/>
      </object_component>
      <object_component id="oc-14c">
         <name>.text</name>
         <load_address>0x2af4</load_address>
         <readonly>true</readonly>
         <executable>true</executable>
         <run_address>0x2af4</run_address>
         <size>0xd8</size>
         <alignment>0x4</alignment>
         <input_file_ref idref="fl-c8"/>
      </object_component>
      <object_component id="oc-1c5">
         <name>.text.uart_dma_send</name>
         <load_address>0x2bcc</load_address>
         <readonly>true</readonly>
         <executable>true</executable>
         <run_address>0x2bcc</run_address>
         <size>0xd0</size>
         <alignment>0x4</alignment>
         <input_file_ref idref="fl-9"/>
      </object_component>
      <object_component id="oc-7c">
         <name>.text.uart_re_driver</name>
         <load_address>0x2c9c</load_address>
         <readonly>true</readonly>
         <executable>true</executable>
         <run_address>0x2c9c</run_address>
         <size>0xd0</size>
         <alignment>0x4</alignment>
         <input_file_ref idref="fl-b"/>
      </object_component>
      <object_component id="oc-11a">
         <name>.text.SYSCFG_DL_M_PWM_init</name>
         <load_address>0x2d6c</load_address>
         <readonly>true</readonly>
         <executable>true</executable>
         <run_address>0x2d6c</run_address>
         <size>0xc4</size>
         <alignment>0x4</alignment>
         <input_file_ref idref="fl-2"/>
      </object_component>
      <object_component id="oc-100">
         <name>.text.pid_compute</name>
         <load_address>0x2e30</load_address>
         <readonly>true</readonly>
         <executable>true</executable>
         <run_address>0x2e30</run_address>
         <size>0xba</size>
         <alignment>0x2</alignment>
         <input_file_ref idref="fl-13"/>
      </object_component>
      <object_component id="oc-199">
         <name>.text.__aeabi_idiv0</name>
         <load_address>0x2eea</load_address>
         <readonly>true</readonly>
         <executable>true</executable>
         <run_address>0x2eea</run_address>
         <size>0x2</size>
         <alignment>0x2</alignment>
         <input_file_ref idref="fl-e2"/>
      </object_component>
      <object_component id="oc-108">
         <name>.text.motor_set_thrust</name>
         <load_address>0x2eec</load_address>
         <readonly>true</readonly>
         <executable>true</executable>
         <run_address>0x2eec</run_address>
         <size>0xb0</size>
         <alignment>0x4</alignment>
         <input_file_ref idref="fl-6"/>
      </object_component>
      <object_component id="oc-22b">
         <name>.text</name>
         <load_address>0x2f9c</load_address>
         <readonly>true</readonly>
         <executable>true</executable>
         <run_address>0x2f9c</run_address>
         <size>0xa2</size>
         <alignment>0x4</alignment>
         <input_file_ref idref="fl-df"/>
      </object_component>
      <object_component id="oc-d3">
         <name>.text:memcpy</name>
         <load_address>0x303e</load_address>
         <readonly>true</readonly>
         <executable>true</executable>
         <run_address>0x303e</run_address>
         <size>0x9a</size>
         <alignment>0x1</alignment>
         <input_file_ref idref="fl-e4"/>
      </object_component>
      <object_component id="oc-148">
         <name>.text.__mulsf3</name>
         <load_address>0x30d8</load_address>
         <readonly>true</readonly>
         <executable>true</executable>
         <run_address>0x30d8</run_address>
         <size>0x8c</size>
         <alignment>0x4</alignment>
         <input_file_ref idref="fl-cc"/>
      </object_component>
      <object_component id="oc-115">
         <name>.text.SYSCFG_DL_UART_1_init</name>
         <load_address>0x3164</load_address>
         <readonly>true</readonly>
         <executable>true</executable>
         <run_address>0x3164</run_address>
         <size>0x88</size>
         <alignment>0x4</alignment>
         <input_file_ref idref="fl-2"/>
      </object_component>
      <object_component id="oc-114">
         <name>.text.SYSCFG_DL_UART_2_init</name>
         <load_address>0x31ec</load_address>
         <readonly>true</readonly>
         <executable>true</executable>
         <run_address>0x31ec</run_address>
         <size>0x88</size>
         <alignment>0x4</alignment>
         <input_file_ref idref="fl-2"/>
      </object_component>
      <object_component id="oc-117">
         <name>.text.SYSCFG_DL_UART_3_init</name>
         <load_address>0x3274</load_address>
         <readonly>true</readonly>
         <executable>true</executable>
         <run_address>0x3274</run_address>
         <size>0x88</size>
         <alignment>0x4</alignment>
         <input_file_ref idref="fl-2"/>
      </object_component>
      <object_component id="oc-110">
         <name>.text.SYSCFG_DL_initPower</name>
         <load_address>0x32fc</load_address>
         <readonly>true</readonly>
         <executable>true</executable>
         <run_address>0x32fc</run_address>
         <size>0x88</size>
         <alignment>0x4</alignment>
         <input_file_ref idref="fl-2"/>
      </object_component>
      <object_component id="oc-116">
         <name>.text.SYSCFG_DL_UART_4_init</name>
         <load_address>0x3384</load_address>
         <readonly>true</readonly>
         <executable>true</executable>
         <run_address>0x3384</run_address>
         <size>0x84</size>
         <alignment>0x4</alignment>
         <input_file_ref idref="fl-2"/>
      </object_component>
      <object_component id="oc-144">
         <name>.text.__divsf3</name>
         <load_address>0x3408</load_address>
         <readonly>true</readonly>
         <executable>true</executable>
         <run_address>0x3408</run_address>
         <size>0x82</size>
         <alignment>0x4</alignment>
         <input_file_ref idref="fl-cd"/>
      </object_component>
      <object_component id="oc-257">
         <name>.text.__aeabi_ldiv0</name>
         <load_address>0x348a</load_address>
         <readonly>true</readonly>
         <executable>true</executable>
         <run_address>0x348a</run_address>
         <size>0x2</size>
         <alignment>0x2</alignment>
         <input_file_ref idref="fl-e2"/>
      </object_component>
      <object_component id="oc-11b">
         <name>.text.SYSCFG_DL_SERVO_init</name>
         <load_address>0x348c</load_address>
         <readonly>true</readonly>
         <executable>true</executable>
         <run_address>0x348c</run_address>
         <size>0x7c</size>
         <alignment>0x4</alignment>
         <input_file_ref idref="fl-2"/>
      </object_component>
      <object_component id="oc-1c">
         <name>.text:decompress:lzss</name>
         <load_address>0x3508</load_address>
         <readonly>true</readonly>
         <executable>true</executable>
         <run_address>0x3508</run_address>
         <size>0x78</size>
         <alignment>0x4</alignment>
         <input_file_ref idref="fl-37"/>
      </object_component>
      <object_component id="oc-18b">
         <name>.text.__truncdfsf2</name>
         <load_address>0x3580</load_address>
         <readonly>true</readonly>
         <executable>true</executable>
         <run_address>0x3580</run_address>
         <size>0x74</size>
         <alignment>0x10</alignment>
         <input_file_ref idref="fl-d6"/>
      </object_component>
      <object_component id="oc-236">
         <name>.text.__gedf2</name>
         <load_address>0x35f4</load_address>
         <readonly>true</readonly>
         <executable>true</executable>
         <run_address>0x35f4</run_address>
         <size>0x70</size>
         <alignment>0x4</alignment>
         <input_file_ref idref="fl-e1"/>
      </object_component>
      <object_component id="oc-34">
         <name>.text.GROUP1_IRQHandler</name>
         <load_address>0x3664</load_address>
         <readonly>true</readonly>
         <executable>true</executable>
         <run_address>0x3664</run_address>
         <size>0x6c</size>
         <alignment>0x4</alignment>
         <input_file_ref idref="fl-c"/>
      </object_component>
      <object_component id="oc-230">
         <name>.text.__ledf2</name>
         <load_address>0x36d0</load_address>
         <readonly>true</readonly>
         <executable>true</executable>
         <run_address>0x36d0</run_address>
         <size>0x6c</size>
         <alignment>0x4</alignment>
         <input_file_ref idref="fl-e1"/>
      </object_component>
      <object_component id="oc-250">
         <name>.text._mcpy</name>
         <load_address>0x373c</load_address>
         <readonly>true</readonly>
         <executable>true</executable>
         <run_address>0x373c</run_address>
         <size>0x66</size>
         <alignment>0x2</alignment>
         <input_file_ref idref="fl-3a"/>
      </object_component>
      <object_component id="oc-214">
         <name>.text.__aeabi_dcmp</name>
         <load_address>0x37a4</load_address>
         <readonly>true</readonly>
         <executable>true</executable>
         <run_address>0x37a4</run_address>
         <size>0x62</size>
         <alignment>0x4</alignment>
         <input_file_ref idref="fl-d7"/>
      </object_component>
      <object_component id="oc-129">
         <name>.text.__aeabi_fcmp</name>
         <load_address>0x3808</load_address>
         <readonly>true</readonly>
         <executable>true</executable>
         <run_address>0x3808</run_address>
         <size>0x62</size>
         <alignment>0x4</alignment>
         <input_file_ref idref="fl-d8"/>
      </object_component>
      <object_component id="oc-10f">
         <name>.text:memset</name>
         <load_address>0x386a</load_address>
         <readonly>true</readonly>
         <executable>true</executable>
         <run_address>0x386a</run_address>
         <size>0x62</size>
         <alignment>0x1</alignment>
         <input_file_ref idref="fl-e5"/>
      </object_component>
      <object_component id="oc-238">
         <name>.text.frexp</name>
         <load_address>0x38cc</load_address>
         <readonly>true</readonly>
         <executable>true</executable>
         <run_address>0x38cc</run_address>
         <size>0x5c</size>
         <alignment>0x4</alignment>
         <input_file_ref idref="fl-3b"/>
      </object_component>
      <object_component id="oc-244">
         <name>.text.__TI_ltoa</name>
         <load_address>0x3928</load_address>
         <readonly>true</readonly>
         <executable>true</executable>
         <run_address>0x3928</run_address>
         <size>0x58</size>
         <alignment>0x2</alignment>
         <input_file_ref idref="fl-40"/>
      </object_component>
      <object_component id="oc-21a">
         <name>.text._pconv_f</name>
         <load_address>0x3980</load_address>
         <readonly>true</readonly>
         <executable>true</executable>
         <run_address>0x3980</run_address>
         <size>0x58</size>
         <alignment>0x2</alignment>
         <input_file_ref idref="fl-3a"/>
      </object_component>
      <object_component id="oc-122">
         <name>.text.status_rpc_init</name>
         <load_address>0x39d8</load_address>
         <readonly>true</readonly>
         <executable>true</executable>
         <run_address>0x39d8</run_address>
         <size>0x58</size>
         <alignment>0x4</alignment>
         <input_file_ref idref="fl-f"/>
      </object_component>
      <object_component id="oc-266">
         <name>.text.__aeabi_idivmod</name>
         <load_address>0x3a30</load_address>
         <readonly>true</readonly>
         <executable>true</executable>
         <run_address>0x3a30</run_address>
         <size>0x56</size>
         <alignment>0x4</alignment>
         <input_file_ref idref="fl-d9"/>
      </object_component>
      <object_component id="oc-1e1">
         <name>.text.DL_DMA_configTransfer</name>
         <load_address>0x3a86</load_address>
         <readonly>true</readonly>
         <executable>true</executable>
         <run_address>0x3a86</run_address>
         <size>0x54</size>
         <alignment>0x2</alignment>
         <input_file_ref idref="fl-22"/>
      </object_component>
      <object_component id="oc-119">
         <name>.text.SYSCFG_DL_I2C_init</name>
         <load_address>0x3adc</load_address>
         <readonly>true</readonly>
         <executable>true</executable>
         <run_address>0x3adc</run_address>
         <size>0x54</size>
         <alignment>0x4</alignment>
         <input_file_ref idref="fl-2"/>
      </object_component>
      <object_component id="oc-d8">
         <name>.text.SYSCFG_DL_init</name>
         <load_address>0x3b30</load_address>
         <readonly>true</readonly>
         <executable>true</executable>
         <run_address>0x3b30</run_address>
         <size>0x54</size>
         <alignment>0x4</alignment>
         <input_file_ref idref="fl-2"/>
      </object_component>
      <object_component id="oc-24e">
         <name>.text._ecpy</name>
         <load_address>0x3b84</load_address>
         <readonly>true</readonly>
         <executable>true</executable>
         <run_address>0x3b84</run_address>
         <size>0x52</size>
         <alignment>0x2</alignment>
         <input_file_ref idref="fl-3a"/>
      </object_component>
      <object_component id="oc-113">
         <name>.text.SYSCFG_DL_SYSCTL_init</name>
         <load_address>0x3bd8</load_address>
         <readonly>true</readonly>
         <executable>true</executable>
         <run_address>0x3bd8</run_address>
         <size>0x50</size>
         <alignment>0x4</alignment>
         <input_file_ref idref="fl-2"/>
      </object_component>
      <object_component id="oc-15a">
         <name>.text.DL_UART_init</name>
         <load_address>0x3c28</load_address>
         <readonly>true</readonly>
         <executable>true</executable>
         <run_address>0x3c28</run_address>
         <size>0x4c</size>
         <alignment>0x4</alignment>
         <input_file_ref idref="fl-25"/>
      </object_component>
      <object_component id="oc-118">
         <name>.text.SYSCFG_DL_TIMER_INT_init</name>
         <load_address>0x3c74</load_address>
         <readonly>true</readonly>
         <executable>true</executable>
         <run_address>0x3c74</run_address>
         <size>0x4c</size>
         <alignment>0x4</alignment>
         <input_file_ref idref="fl-2"/>
      </object_component>
      <object_component id="oc-175">
         <name>.text.log_uprintf</name>
         <load_address>0x3cc0</load_address>
         <readonly>true</readonly>
         <executable>true</executable>
         <run_address>0x3cc0</run_address>
         <size>0x4c</size>
         <alignment>0x4</alignment>
         <input_file_ref idref="fl-12"/>
      </object_component>
      <object_component id="oc-240">
         <name>.text.__fixdfsi</name>
         <load_address>0x3d0c</load_address>
         <readonly>true</readonly>
         <executable>true</executable>
         <run_address>0x3d0c</run_address>
         <size>0x4a</size>
         <alignment>0x4</alignment>
         <input_file_ref idref="fl-d0"/>
      </object_component>
      <object_component id="oc-1ba">
         <name>.text.DL_DMA_initChannel</name>
         <load_address>0x3d56</load_address>
         <readonly>true</readonly>
         <executable>true</executable>
         <run_address>0x3d56</run_address>
         <size>0x46</size>
         <alignment>0x2</alignment>
         <input_file_ref idref="fl-22"/>
      </object_component>
      <object_component id="oc-16a">
         <name>.text.DL_Timer_setCaptureCompareOutCtl</name>
         <load_address>0x3d9c</load_address>
         <readonly>true</readonly>
         <executable>true</executable>
         <run_address>0x3d9c</run_address>
         <size>0x40</size>
         <alignment>0x4</alignment>
         <input_file_ref idref="fl-24"/>
      </object_component>
      <object_component id="oc-12d">
         <name>.text.__aeabi_uidivmod</name>
         <load_address>0x3ddc</load_address>
         <readonly>true</readonly>
         <executable>true</executable>
         <run_address>0x3ddc</run_address>
         <size>0x40</size>
         <alignment>0x4</alignment>
         <input_file_ref idref="fl-dc"/>
      </object_component>
      <object_component id="oc-1fe">
         <name>.text.atoi</name>
         <load_address>0x3e1c</load_address>
         <readonly>true</readonly>
         <executable>true</executable>
         <run_address>0x3e1c</run_address>
         <size>0x40</size>
         <alignment>0x4</alignment>
         <input_file_ref idref="fl-43"/>
      </object_component>
      <object_component id="oc-1bf">
         <name>.text.vsnprintf</name>
         <load_address>0x3e5c</load_address>
         <readonly>true</readonly>
         <executable>true</executable>
         <run_address>0x3e5c</run_address>
         <size>0x40</size>
         <alignment>0x4</alignment>
         <input_file_ref idref="fl-34"/>
      </object_component>
      <object_component id="oc-1b5">
         <name>.text.DL_Timer_setCaptureCompareCtl</name>
         <load_address>0x3e9c</load_address>
         <readonly>true</readonly>
         <executable>true</executable>
         <run_address>0x3e9c</run_address>
         <size>0x3c</size>
         <alignment>0x4</alignment>
         <input_file_ref idref="fl-24"/>
      </object_component>
      <object_component id="oc-125">
         <name>.text.__floatsisf</name>
         <load_address>0x3ed8</load_address>
         <readonly>true</readonly>
         <executable>true</executable>
         <run_address>0x3ed8</run_address>
         <size>0x3c</size>
         <alignment>0x4</alignment>
         <input_file_ref idref="fl-d3"/>
      </object_component>
      <object_component id="oc-197">
         <name>.text.__gtsf2</name>
         <load_address>0x3f14</load_address>
         <readonly>true</readonly>
         <executable>true</executable>
         <run_address>0x3f14</run_address>
         <size>0x3c</size>
         <alignment>0x4</alignment>
         <input_file_ref idref="fl-de"/>
      </object_component>
      <object_component id="oc-9a">
         <name>.text.main</name>
         <load_address>0x3f50</load_address>
         <readonly>true</readonly>
         <executable>true</executable>
         <run_address>0x3f50</run_address>
         <size>0x3c</size>
         <alignment>0x4</alignment>
         <input_file_ref idref="fl-1"/>
      </object_component>
      <object_component id="oc-eb">
         <name>.text:__TI_auto_init_nobinit_nopinit</name>
         <load_address>0x3f8c</load_address>
         <readonly>true</readonly>
         <executable>true</executable>
         <run_address>0x3f8c</run_address>
         <size>0x3c</size>
         <alignment>0x4</alignment>
         <input_file_ref idref="fl-47"/>
      </object_component>
      <object_component id="oc-192">
         <name>.text.__eqsf2</name>
         <load_address>0x3fc8</load_address>
         <readonly>true</readonly>
         <executable>true</executable>
         <run_address>0x3fc8</run_address>
         <size>0x3a</size>
         <alignment>0x4</alignment>
         <input_file_ref idref="fl-de"/>
      </object_component>
      <object_component id="oc-1aa">
         <name>.text.__muldsi3</name>
         <load_address>0x4004</load_address>
         <readonly>true</readonly>
         <executable>true</executable>
         <run_address>0x4004</run_address>
         <size>0x3a</size>
         <alignment>0x4</alignment>
         <input_file_ref idref="fl-cb"/>
      </object_component>
      <object_component id="oc-1e2">
         <name>.text.DL_DMA_setTrigger</name>
         <load_address>0x4040</load_address>
         <readonly>true</readonly>
         <executable>true</executable>
         <run_address>0x4040</run_address>
         <size>0x38</size>
         <alignment>0x4</alignment>
         <input_file_ref idref="fl-22"/>
      </object_component>
      <object_component id="oc-150">
         <name>.text.__fixsfsi</name>
         <load_address>0x4078</load_address>
         <readonly>true</readonly>
         <executable>true</executable>
         <run_address>0x4078</run_address>
         <size>0x38</size>
         <alignment>0x4</alignment>
         <input_file_ref idref="fl-d1"/>
      </object_component>
      <object_component id="oc-167">
         <name>.text.DL_I2C_setClockConfig</name>
         <load_address>0x40b0</load_address>
         <readonly>true</readonly>
         <executable>true</executable>
         <run_address>0x40b0</run_address>
         <size>0x34</size>
         <alignment>0x4</alignment>
         <input_file_ref idref="fl-23"/>
      </object_component>
      <object_component id="oc-16b">
         <name>.text.DL_Timer_setCaptCompUpdateMethod</name>
         <load_address>0x40e4</load_address>
         <readonly>true</readonly>
         <executable>true</executable>
         <run_address>0x40e4</run_address>
         <size>0x34</size>
         <alignment>0x4</alignment>
         <input_file_ref idref="fl-24"/>
      </object_component>
      <object_component id="oc-1b7">
         <name>.text.DL_Timer_setCaptureCompareAction</name>
         <load_address>0x4118</load_address>
         <readonly>true</readonly>
         <executable>true</executable>
         <run_address>0x4118</run_address>
         <size>0x34</size>
         <alignment>0x4</alignment>
         <input_file_ref idref="fl-24"/>
      </object_component>
      <object_component id="oc-1b8">
         <name>.text.DL_Timer_setCaptureCompareInput</name>
         <load_address>0x414c</load_address>
         <readonly>true</readonly>
         <executable>true</executable>
         <run_address>0x414c</run_address>
         <size>0x34</size>
         <alignment>0x2</alignment>
         <input_file_ref idref="fl-24"/>
      </object_component>
      <object_component id="oc-163">
         <name>.text.DL_Timer_setClockConfig</name>
         <load_address>0x4180</load_address>
         <readonly>true</readonly>
         <executable>true</executable>
         <run_address>0x4180</run_address>
         <size>0x34</size>
         <alignment>0x4</alignment>
         <input_file_ref idref="fl-24"/>
      </object_component>
      <object_component id="oc-24f">
         <name>.text._fcpy</name>
         <load_address>0x41b4</load_address>
         <readonly>true</readonly>
         <executable>true</executable>
         <run_address>0x41b4</run_address>
         <size>0x30</size>
         <alignment>0x2</alignment>
         <input_file_ref idref="fl-3a"/>
      </object_component>
      <object_component id="oc-1e4">
         <name>.text._outs</name>
         <load_address>0x41e4</load_address>
         <readonly>true</readonly>
         <executable>true</executable>
         <run_address>0x41e4</run_address>
         <size>0x30</size>
         <alignment>0x2</alignment>
         <input_file_ref idref="fl-34"/>
      </object_component>
      <object_component id="oc-cd">
         <name>.text.status_wheels_drive</name>
         <load_address>0x4214</load_address>
         <readonly>true</readonly>
         <executable>true</executable>
         <run_address>0x4214</run_address>
         <size>0x30</size>
         <alignment>0x2</alignment>
         <input_file_ref idref="fl-11"/>
      </object_component>
      <object_component id="oc-156">
         <name>.text.DL_Timer_setCaptureCompareValue</name>
         <load_address>0x4244</load_address>
         <readonly>true</readonly>
         <executable>true</executable>
         <run_address>0x4244</run_address>
         <size>0x2c</size>
         <alignment>0x4</alignment>
         <input_file_ref idref="fl-24"/>
      </object_component>
      <object_component id="oc-41">
         <name>.text.UART0_IRQHandler</name>
         <load_address>0x4270</load_address>
         <readonly>true</readonly>
         <executable>true</executable>
         <run_address>0x4270</run_address>
         <size>0x2c</size>
         <alignment>0x4</alignment>
         <input_file_ref idref="fl-e"/>
      </object_component>
      <object_component id="oc-3f">
         <name>.text.UART1_IRQHandler</name>
         <load_address>0x429c</load_address>
         <readonly>true</readonly>
         <executable>true</executable>
         <run_address>0x429c</run_address>
         <size>0x2c</size>
         <alignment>0x4</alignment>
         <input_file_ref idref="fl-e"/>
      </object_component>
      <object_component id="oc-40">
         <name>.text.UART2_IRQHandler</name>
         <load_address>0x42c8</load_address>
         <readonly>true</readonly>
         <executable>true</executable>
         <run_address>0x42c8</run_address>
         <size>0x2c</size>
         <alignment>0x4</alignment>
         <input_file_ref idref="fl-e"/>
      </object_component>
      <object_component id="oc-183">
         <name>.text.__floatsidf</name>
         <load_address>0x42f4</load_address>
         <readonly>true</readonly>
         <executable>true</executable>
         <run_address>0x42f4</run_address>
         <size>0x2c</size>
         <alignment>0x4</alignment>
         <input_file_ref idref="fl-d2"/>
      </object_component>
      <object_component id="oc-1ec">
         <name>.text.DL_Common_updateReg</name>
         <load_address>0x4320</load_address>
         <readonly>true</readonly>
         <executable>true</executable>
         <run_address>0x4320</run_address>
         <size>0x28</size>
         <alignment>0x2</alignment>
         <input_file_ref idref="fl-22"/>
      </object_component>
      <object_component id="oc-1b6">
         <name>.text.DL_Common_updateReg</name>
         <load_address>0x4348</load_address>
         <readonly>true</readonly>
         <executable>true</executable>
         <run_address>0x4348</run_address>
         <size>0x28</size>
         <alignment>0x2</alignment>
         <input_file_ref idref="fl-23"/>
      </object_component>
      <object_component id="oc-1b9">
         <name>.text.DL_Common_updateReg</name>
         <load_address>0x4370</load_address>
         <readonly>true</readonly>
         <executable>true</executable>
         <run_address>0x4370</run_address>
         <size>0x28</size>
         <alignment>0x2</alignment>
         <input_file_ref idref="fl-24"/>
      </object_component>
      <object_component id="oc-1b2">
         <name>.text.DL_Common_updateReg</name>
         <load_address>0x4398</load_address>
         <readonly>true</readonly>
         <executable>true</executable>
         <run_address>0x4398</run_address>
         <size>0x28</size>
         <alignment>0x2</alignment>
         <input_file_ref idref="fl-25"/>
      </object_component>
      <object_component id="oc-3a">
         <name>.text.UART3_IRQHandler</name>
         <load_address>0x43c0</load_address>
         <readonly>true</readonly>
         <executable>true</executable>
         <run_address>0x43c0</run_address>
         <size>0x28</size>
         <alignment>0x4</alignment>
         <input_file_ref idref="fl-e"/>
      </object_component>
      <object_component id="oc-140">
         <name>.text.__floatunsisf</name>
         <load_address>0x43e8</load_address>
         <readonly>true</readonly>
         <executable>true</executable>
         <run_address>0x43e8</run_address>
         <size>0x28</size>
         <alignment>0x4</alignment>
         <input_file_ref idref="fl-d4"/>
      </object_component>
      <object_component id="oc-62">
         <name>.text:_c_int00_noargs</name>
         <load_address>0x4410</load_address>
         <readonly>true</readonly>
         <executable>true</executable>
         <run_address>0x4410</run_address>
         <size>0x28</size>
         <alignment>0x4</alignment>
         <input_file_ref idref="fl-38"/>
      </object_component>
      <object_component id="oc-159">
         <name>.text.DL_UART_setClockConfig</name>
         <load_address>0x4438</load_address>
         <readonly>true</readonly>
         <executable>true</executable>
         <run_address>0x4438</run_address>
         <size>0x24</size>
         <alignment>0x4</alignment>
         <input_file_ref idref="fl-25"/>
      </object_component>
      <object_component id="oc-69">
         <name>.text.M1_CH1_INT</name>
         <load_address>0x445c</load_address>
         <readonly>true</readonly>
         <executable>true</executable>
         <run_address>0x445c</run_address>
         <size>0x24</size>
         <alignment>0x4</alignment>
         <input_file_ref idref="fl-6"/>
      </object_component>
      <object_component id="oc-6e">
         <name>.text.M2_CH1_INT</name>
         <load_address>0x4480</load_address>
         <readonly>true</readonly>
         <executable>true</executable>
         <run_address>0x4480</run_address>
         <size>0x24</size>
         <alignment>0x4</alignment>
         <input_file_ref idref="fl-6"/>
      </object_component>
      <object_component id="oc-6f">
         <name>.text.M3_CH1_INT</name>
         <load_address>0x44a4</load_address>
         <readonly>true</readonly>
         <executable>true</executable>
         <run_address>0x44a4</run_address>
         <size>0x24</size>
         <alignment>0x4</alignment>
         <input_file_ref idref="fl-6"/>
      </object_component>
      <object_component id="oc-70">
         <name>.text.M4_CH1_INT</name>
         <load_address>0x44c8</load_address>
         <readonly>true</readonly>
         <executable>true</executable>
         <run_address>0x44c8</run_address>
         <size>0x24</size>
         <alignment>0x4</alignment>
         <input_file_ref idref="fl-6"/>
      </object_component>
      <object_component id="oc-42">
         <name>.text.TIMG0_IRQHandler</name>
         <load_address>0x44ec</load_address>
         <readonly>true</readonly>
         <executable>true</executable>
         <run_address>0x44ec</run_address>
         <size>0x24</size>
         <alignment>0x4</alignment>
         <input_file_ref idref="fl-d"/>
      </object_component>
      <object_component id="oc-20b">
         <name>.text.__muldi3</name>
         <load_address>0x4510</load_address>
         <readonly>true</readonly>
         <executable>true</executable>
         <run_address>0x4510</run_address>
         <size>0x24</size>
         <alignment>0x4</alignment>
         <input_file_ref idref="fl-d5"/>
      </object_component>
      <object_component id="oc-df">
         <name>.text.enable_all_uart_it</name>
         <load_address>0x4534</load_address>
         <readonly>true</readonly>
         <executable>true</executable>
         <run_address>0x4534</run_address>
         <size>0x24</size>
         <alignment>0x4</alignment>
         <input_file_ref idref="fl-e"/>
      </object_component>
      <object_component id="oc-1f7">
         <name>.text.memccpy</name>
         <load_address>0x4558</load_address>
         <readonly>true</readonly>
         <executable>true</executable>
         <run_address>0x4558</run_address>
         <size>0x22</size>
         <alignment>0x2</alignment>
         <input_file_ref idref="fl-45"/>
      </object_component>
      <object_component id="oc-1b4">
         <name>.text.DL_Timer_setCounterValueAfterEnable</name>
         <load_address>0x457c</load_address>
         <readonly>true</readonly>
         <executable>true</executable>
         <run_address>0x457c</run_address>
         <size>0x20</size>
         <alignment>0x4</alignment>
         <input_file_ref idref="fl-24"/>
      </object_component>
      <object_component id="oc-258">
         <name>.text.__ashldi3</name>
         <load_address>0x459c</load_address>
         <readonly>true</readonly>
         <executable>true</executable>
         <run_address>0x459c</run_address>
         <size>0x1e</size>
         <alignment>0x4</alignment>
         <input_file_ref idref="fl-e0"/>
      </object_component>
      <object_component id="oc-de">
         <name>.text.enable_timer_it</name>
         <load_address>0x45bc</load_address>
         <readonly>true</readonly>
         <executable>true</executable>
         <run_address>0x45bc</run_address>
         <size>0x1c</size>
         <alignment>0x4</alignment>
         <input_file_ref idref="fl-d"/>
      </object_component>
      <object_component id="oc-ff">
         <name>.text.motor_get_speed</name>
         <load_address>0x45d8</load_address>
         <readonly>true</readonly>
         <executable>true</executable>
         <run_address>0x45d8</run_address>
         <size>0x1c</size>
         <alignment>0x4</alignment>
         <input_file_ref idref="fl-6"/>
      </object_component>
      <object_component id="oc-1b3">
         <name>.text.DL_Timer_setLoadValue</name>
         <load_address>0x45f4</load_address>
         <readonly>true</readonly>
         <executable>true</executable>
         <run_address>0x45f4</run_address>
         <size>0x18</size>
         <alignment>0x4</alignment>
         <input_file_ref idref="fl-24"/>
      </object_component>
      <object_component id="oc-172">
         <name>.text.SYSCFG_DL_DMA_CH1_init</name>
         <load_address>0x460c</load_address>
         <readonly>true</readonly>
         <executable>true</executable>
         <run_address>0x460c</run_address>
         <size>0x18</size>
         <alignment>0x4</alignment>
         <input_file_ref idref="fl-2"/>
      </object_component>
      <object_component id="oc-171">
         <name>.text.SYSCFG_DL_DMA_CH2_init</name>
         <load_address>0x4624</load_address>
         <readonly>true</readonly>
         <executable>true</executable>
         <run_address>0x4624</run_address>
         <size>0x18</size>
         <alignment>0x4</alignment>
         <input_file_ref idref="fl-2"/>
      </object_component>
      <object_component id="oc-174">
         <name>.text.SYSCFG_DL_DMA_CH3_init</name>
         <load_address>0x463c</load_address>
         <readonly>true</readonly>
         <executable>true</executable>
         <run_address>0x463c</run_address>
         <size>0x18</size>
         <alignment>0x4</alignment>
         <input_file_ref idref="fl-2"/>
      </object_component>
      <object_component id="oc-173">
         <name>.text.SYSCFG_DL_DMA_CH4_init</name>
         <load_address>0x4654</load_address>
         <readonly>true</readonly>
         <executable>true</executable>
         <run_address>0x4654</run_address>
         <size>0x18</size>
         <alignment>0x4</alignment>
         <input_file_ref idref="fl-2"/>
      </object_component>
      <object_component id="oc-1e5">
         <name>.text._outc</name>
         <load_address>0x466c</load_address>
         <readonly>true</readonly>
         <executable>true</executable>
         <run_address>0x466c</run_address>
         <size>0x18</size>
         <alignment>0x2</alignment>
         <input_file_ref idref="fl-34"/>
      </object_component>
      <object_component id="oc-17b">
         <name>.text.motor_init</name>
         <load_address>0x4684</load_address>
         <readonly>true</readonly>
         <executable>true</executable>
         <run_address>0x4684</run_address>
         <size>0x18</size>
         <alignment>0x4</alignment>
         <input_file_ref idref="fl-6"/>
      </object_component>
      <object_component id="oc-1b1">
         <name>.text.DL_UART_disable</name>
         <load_address>0x469c</load_address>
         <readonly>true</readonly>
         <executable>true</executable>
         <run_address>0x469c</run_address>
         <size>0x16</size>
         <alignment>0x2</alignment>
         <input_file_ref idref="fl-25"/>
      </object_component>
      <object_component id="oc-dd">
         <name>.text.status_init</name>
         <load_address>0x46b2</load_address>
         <readonly>true</readonly>
         <executable>true</executable>
         <run_address>0x46b2</run_address>
         <size>0x16</size>
         <alignment>0x2</alignment>
         <input_file_ref idref="fl-10"/>
      </object_component>
      <object_component id="oc-158">
         <name>.text.DL_Common_delayCycles</name>
         <load_address>0x46c8</load_address>
         <readonly>true</readonly>
         <executable>true</executable>
         <run_address>0x46c8</run_address>
         <size>0x14</size>
         <alignment>0x2</alignment>
         <input_file_ref idref="fl-21"/>
      </object_component>
      <object_component id="oc-11c">
         <name>.text.SYSCFG_DL_DMA_init</name>
         <load_address>0x46dc</load_address>
         <readonly>true</readonly>
         <executable>true</executable>
         <run_address>0x46dc</run_address>
         <size>0x14</size>
         <alignment>0x2</alignment>
         <input_file_ref idref="fl-2"/>
      </object_component>
      <object_component id="oc-210">
         <name>.text.__aeabi_uldivmod</name>
         <load_address>0x46f0</load_address>
         <readonly>true</readonly>
         <executable>true</executable>
         <run_address>0x46f0</run_address>
         <size>0x14</size>
         <alignment>0x4</alignment>
         <input_file_ref idref="fl-dd"/>
      </object_component>
      <object_component id="oc-24d">
         <name>.text.strchr</name>
         <load_address>0x4704</load_address>
         <readonly>true</readonly>
         <executable>true</executable>
         <run_address>0x4704</run_address>
         <size>0x14</size>
         <alignment>0x2</alignment>
         <input_file_ref idref="fl-3a"/>
      </object_component>
      <object_component id="oc-20">
         <name>.text:decompress:none</name>
         <load_address>0x4718</load_address>
         <readonly>true</readonly>
         <executable>true</executable>
         <run_address>0x4718</run_address>
         <size>0x12</size>
         <alignment>0x2</alignment>
         <input_file_ref idref="fl-36"/>
      </object_component>
      <object_component id="oc-e0">
         <name>.text.enable_all_gpio_it</name>
         <load_address>0x472c</load_address>
         <readonly>true</readonly>
         <executable>true</executable>
         <run_address>0x472c</run_address>
         <size>0x10</size>
         <alignment>0x4</alignment>
         <input_file_ref idref="fl-c"/>
      </object_component>
      <object_component id="oc-b4">
         <name>.text.rpc_call_id</name>
         <load_address>0x473c</load_address>
         <readonly>true</readonly>
         <executable>true</executable>
         <run_address>0x473c</run_address>
         <size>0x10</size>
         <alignment>0x2</alignment>
         <input_file_ref idref="fl-f"/>
      </object_component>
      <object_component id="oc-83">
         <name>.text.status_next</name>
         <load_address>0x474c</load_address>
         <readonly>true</readonly>
         <executable>true</executable>
         <run_address>0x474c</run_address>
         <size>0x10</size>
         <alignment>0x2</alignment>
         <input_file_ref idref="fl-10"/>
      </object_component>
      <object_component id="oc-202">
         <name>.text.wcslen</name>
         <load_address>0x475c</load_address>
         <readonly>true</readonly>
         <executable>true</executable>
         <run_address>0x475c</run_address>
         <size>0x10</size>
         <alignment>0x2</alignment>
         <input_file_ref idref="fl-4a"/>
      </object_component>
      <object_component id="oc-5f">
         <name>.text:decompress:ZI</name>
         <load_address>0x476c</load_address>
         <readonly>true</readonly>
         <executable>true</executable>
         <run_address>0x476c</run_address>
         <size>0x10</size>
         <alignment>0x2</alignment>
         <input_file_ref idref="fl-35"/>
      </object_component>
      <object_component id="oc-1f6">
         <name>.text.__aeabi_memset</name>
         <load_address>0x477c</load_address>
         <readonly>true</readonly>
         <executable>true</executable>
         <run_address>0x477c</run_address>
         <size>0xe</size>
         <alignment>0x4</alignment>
         <input_file_ref idref="fl-db"/>
      </object_component>
      <object_component id="oc-1f5">
         <name>.text.strlen</name>
         <load_address>0x478a</load_address>
         <readonly>true</readonly>
         <executable>true</executable>
         <run_address>0x478a</run_address>
         <size>0xe</size>
         <alignment>0x2</alignment>
         <input_file_ref idref="fl-3a"/>
      </object_component>
      <object_component id="oc-91">
         <name>.text.__aeabi_memclr</name>
         <load_address>0x4798</load_address>
         <readonly>true</readonly>
         <executable>true</executable>
         <run_address>0x4798</run_address>
         <size>0xc</size>
         <alignment>0x4</alignment>
         <input_file_ref idref="fl-db"/>
      </object_component>
      <object_component id="oc-248">
         <name>.text.OUTLINED_FUNCTION_0</name>
         <load_address>0x47a4</load_address>
         <readonly>true</readonly>
         <executable>true</executable>
         <run_address>0x47a4</run_address>
         <size>0xa</size>
         <alignment>0x2</alignment>
         <input_file_ref idref="fl-3a"/>
      </object_component>
      <object_component id="oc-2b8">
         <name>.tramp.__aeabi_dsub.1</name>
         <load_address>0x47b0</load_address>
         <readonly>true</readonly>
         <executable>true</executable>
         <run_address>0x47b0</run_address>
         <size>0x10</size>
         <alignment>0x4</alignment>
         <input_file_ref idref="fl-c9"/>
      </object_component>
      <object_component id="oc-251">
         <name>.text.OUTLINED_FUNCTION_1</name>
         <load_address>0x47c0</load_address>
         <readonly>true</readonly>
         <executable>true</executable>
         <run_address>0x47c0</run_address>
         <size>0xa</size>
         <alignment>0x2</alignment>
         <input_file_ref idref="fl-3a"/>
      </object_component>
      <object_component id="oc-89">
         <name>.text.status_drive</name>
         <load_address>0x47ca</load_address>
         <readonly>true</readonly>
         <executable>true</executable>
         <run_address>0x47ca</run_address>
         <size>0xa</size>
         <alignment>0x2</alignment>
         <input_file_ref idref="fl-10"/>
      </object_component>
      <object_component id="oc-206">
         <name>.text.__aeabi_errno_addr</name>
         <load_address>0x47d4</load_address>
         <readonly>true</readonly>
         <executable>true</executable>
         <run_address>0x47d4</run_address>
         <size>0x8</size>
         <alignment>0x4</alignment>
         <input_file_ref idref="fl-3d"/>
      </object_component>
      <object_component id="oc-52">
         <name>.text.__aeabi_memcpy</name>
         <load_address>0x47dc</load_address>
         <readonly>true</readonly>
         <executable>true</executable>
         <run_address>0x47dc</run_address>
         <size>0x8</size>
         <alignment>0x4</alignment>
         <input_file_ref idref="fl-da"/>
      </object_component>
      <object_component id="oc-2f">
         <name>.text.Reset_Handler</name>
         <load_address>0x47e4</load_address>
         <readonly>true</readonly>
         <executable>true</executable>
         <run_address>0x47e4</run_address>
         <size>0x4</size>
         <alignment>0x2</alignment>
         <input_file_ref idref="fl-3"/>
      </object_component>
      <object_component id="oc-96">
         <name>.text._system_pre_init</name>
         <load_address>0x47e8</load_address>
         <readonly>true</readonly>
         <executable>true</executable>
         <run_address>0x47e8</run_address>
         <size>0x4</size>
         <alignment>0x2</alignment>
[...]
         <object_component_ref idref="oc-17c"/>
      </symbol>
      <symbol id="sm-1e2">
         <name>pid_compute</name>
         <value>0x2e31</value>
         <object_component_ref idref="oc-100"/>
      </symbol>
      <symbol id="sm-1e3">
         <name>__TI_ATRegion0_src_addr</name>
         <value>0x0</value>
      </symbol>
      <symbol id="sm-1e4">
         <name>__TI_ATRegion0_trg_addr</name>
         <value>0x0</value>
      </symbol>
      <symbol id="sm-1e5">
         <name>__TI_ATRegion0_region_sz</name>
         <value>0x0</value>
      </symbol>
      <symbol id="sm-1e6">
         <name>__TI_ATRegion1_src_addr</name>
         <value>0x0</value>
      </symbol>
      <symbol id="sm-1e7">
         <name>__TI_ATRegion1_trg_addr</name>
         <value>0x0</value>
      </symbol>
      <symbol id="sm-1e8">
         <name>__TI_ATRegion1_region_sz</name>
         <value>0x0</value>
      </symbol>
      <symbol id="sm-1e9">
         <name>__TI_ATRegion2_src_addr</name>
         <value>0x0</value>
      </symbol>
      <symbol id="sm-1ea">
         <name>__TI_ATRegion2_trg_addr</name>
         <value>0x0</value>
      </symbol>
      <symbol id="sm-1eb">
         <name>__TI_ATRegion2_region_sz</name>
         <value>0x0</value>
      </symbol>
      <symbol id="sm-1ee">
         <name>DL_Common_delayCycles</name>
         <value>0x46c9</value>
         <object_component_ref idref="oc-158"/>
      </symbol>
      <symbol id="sm-1f8">
         <name>DL_DMA_initChannel</name>
         <value>0x3d57</value>
         <object_component_ref idref="oc-1ba"/>
      </symbol>
      <symbol id="sm-1fe">
         <name>DL_I2C_setClockConfig</name>
         <value>0x40b1</value>
         <object_component_ref idref="oc-167"/>
      </symbol>
      <symbol id="sm-21e">
         <name>DL_Timer_setClockConfig</name>
         <value>0x4181</value>
         <object_component_ref idref="oc-163"/>
      </symbol>
      <symbol id="sm-21f">
         <name>DL_Timer_initTimerMode</name>
         <value>0x2569</value>
         <object_component_ref idref="oc-164"/>
      </symbol>
      <symbol id="sm-220">
         <name>DL_Timer_setCaptureCompareValue</name>
         <value>0x4245</value>
         <object_component_ref idref="oc-156"/>
      </symbol>
      <symbol id="sm-221">
         <name>DL_Timer_setCaptureCompareCtl</name>
         <value>0x3e9d</value>
         <object_component_ref idref="oc-1b5"/>
      </symbol>
      <symbol id="sm-222">
         <name>DL_Timer_setCaptureCompareInput</name>
         <value>0x414d</value>
         <object_component_ref idref="oc-1b8"/>
      </symbol>
      <symbol id="sm-223">
         <name>DL_Timer_initPWMMode</name>
         <value>0x234d</value>
         <object_component_ref idref="oc-16e"/>
      </symbol>
      <symbol id="sm-224">
         <name>DL_Timer_setCaptureCompareAction</name>
         <value>0x4119</value>
         <object_component_ref idref="oc-1b7"/>
      </symbol>
      <symbol id="sm-225">
         <name>DL_Timer_setCaptureCompareOutCtl</name>
         <value>0x3d9d</value>
         <object_component_ref idref="oc-16a"/>
      </symbol>
      <symbol id="sm-226">
         <name>DL_Timer_setCaptCompUpdateMethod</name>
         <value>0x40e5</value>
         <object_component_ref idref="oc-16b"/>
      </symbol>
      <symbol id="sm-227">
         <name>DL_TimerA_initPWMMode</name>
         <value>0x2765</value>
         <object_component_ref idref="oc-169"/>
      </symbol>
      <symbol id="sm-231">
         <name>DL_UART_init</name>
         <value>0x3c29</value>
         <object_component_ref idref="oc-15a"/>
      </symbol>
      <symbol id="sm-232">
         <name>DL_UART_setClockConfig</name>
         <value>0x4439</value>
         <object_component_ref idref="oc-159"/>
      </symbol>
      <symbol id="sm-243">
         <name>vsnprintf</name>
         <value>0x3e5d</value>
         <object_component_ref idref="oc-1bf"/>
      </symbol>
      <symbol id="sm-24d">
         <name>__TI_zero_init</name>
         <value>0x476d</value>
         <object_component_ref idref="oc-5f"/>
      </symbol>
      <symbol id="sm-256">
         <name>__TI_decompress_none</name>
         <value>0x4719</value>
         <object_component_ref idref="oc-20"/>
      </symbol>
      <symbol id="sm-261">
         <name>__TI_decompress_lzss</name>
         <value>0x3509</value>
         <object_component_ref idref="oc-1c"/>
      </symbol>
      <symbol id="sm-26c">
         <name>_c_int00_noargs</name>
         <value>0x4411</value>
         <object_component_ref idref="oc-62"/>
      </symbol>
      <symbol id="sm-26d">
         <name>__stack</name>
         <value>0x20207e00</value>
         <object_component_ref idref="oc-1a"/>
      </symbol>
      <symbol id="sm-2b7">
         <name>__TI_printfi</name>
         <value>0xc1</value>
         <object_component_ref idref="oc-1f4"/>
      </symbol>
      <symbol id="sm-2c1">
         <name>frexp</name>
         <value>0x38cd</value>
         <object_component_ref idref="oc-238"/>
      </symbol>
      <symbol id="sm-2c2">
         <name>frexpl</name>
         <value>0x38cd</value>
         <object_component_ref idref="oc-238"/>
      </symbol>
      <symbol id="sm-2cc">
         <name>scalbn</name>
         <value>0x2a1d</value>
         <object_component_ref idref="oc-23c"/>
      </symbol>
      <symbol id="sm-2cd">
         <name>ldexp</name>
         <value>0x2a1d</value>
         <object_component_ref idref="oc-23c"/>
      </symbol>
      <symbol id="sm-2ce">
         <name>scalbnl</name>
         <value>0x2a1d</value>
         <object_component_ref idref="oc-23c"/>
      </symbol>
      <symbol id="sm-2cf">
         <name>ldexpl</name>
         <value>0x2a1d</value>
         <object_component_ref idref="oc-23c"/>
      </symbol>
      <symbol id="sm-2da">
         <name>__aeabi_errno_addr</name>
         <value>0x47d5</value>
         <object_component_ref idref="oc-206"/>
      </symbol>
      <symbol id="sm-2db">
         <name>__aeabi_errno</name>
         <value>0x202055c0</value>
         <object_component_ref idref="oc-226"/>
      </symbol>
      <symbol id="sm-2e5">
         <name>abort</name>
         <value>0x47f1</value>
         <object_component_ref idref="oc-e4"/>
      </symbol>
      <symbol id="sm-2e6">
         <name>C$$EXIT</name>
         <value>0x47f0</value>
         <object_component_ref idref="oc-e4"/>
      </symbol>
      <symbol id="sm-2f0">
         <name>__TI_ltoa</name>
         <value>0x3929</value>
         <object_component_ref idref="oc-244"/>
      </symbol>
      <symbol id="sm-2fc">
         <name>atoi</name>
         <value>0x3e1d</value>
         <object_component_ref idref="oc-1fe"/>
      </symbol>
      <symbol id="sm-306">
         <name>memccpy</name>
         <value>0x4559</value>
         <object_component_ref idref="oc-1f7"/>
      </symbol>
      <symbol id="sm-312">
         <name>__TI_auto_init_nobinit_nopinit</name>
         <value>0x3f8d</value>
         <object_component_ref idref="oc-eb"/>
      </symbol>
      <symbol id="sm-31a">
         <name>_system_pre_init</name>
         <value>0x47e9</value>
         <object_component_ref idref="oc-96"/>
      </symbol>
      <symbol id="sm-324">
         <name>wcslen</name>
         <value>0x475d</value>
         <object_component_ref idref="oc-202"/>
      </symbol>
      <symbol id="sm-32a">
         <name>__aeabi_ctype_table_</name>
         <value>0x4800</value>
         <object_component_ref idref="oc-21f"/>
      </symbol>
      <symbol id="sm-32b">
         <name>__aeabi_ctype_table_C</name>
         <value>0x4800</value>
         <object_component_ref idref="oc-21f"/>
      </symbol>
      <symbol id="sm-343">
         <name>__aeabi_fadd</name>
         <value>0x2aff</value>
         <object_component_ref idref="oc-14c"/>
      </symbol>
      <symbol id="sm-344">
         <name>__addsf3</name>
         <value>0x2aff</value>
         <object_component_ref idref="oc-14c"/>
      </symbol>
      <symbol id="sm-345">
         <name>__aeabi_fsub</name>
         <value>0x2af5</value>
         <object_component_ref idref="oc-14c"/>
      </symbol>
      <symbol id="sm-346">
         <name>__subsf3</name>
         <value>0x2af5</value>
         <object_component_ref idref="oc-14c"/>
      </symbol>
      <symbol id="sm-34c">
         <name>__aeabi_dadd</name>
         <value>0x1ceb</value>
         <object_component_ref idref="oc-253"/>
      </symbol>
      <symbol id="sm-34d">
         <name>__adddf3</name>
         <value>0x1ceb</value>
         <object_component_ref idref="oc-253"/>
      </symbol>
      <symbol id="sm-34e">
         <name>__aeabi_dsub</name>
         <value>0x1ce1</value>
         <object_component_ref idref="oc-253"/>
      </symbol>
      <symbol id="sm-34f">
         <name>__subdf3</name>
         <value>0x1ce1</value>
         <object_component_ref idref="oc-253"/>
      </symbol>
      <symbol id="sm-358">
         <name>__aeabi_dmul</name>
         <value>0x2939</value>
         <object_component_ref idref="oc-249"/>
      </symbol>
      <symbol id="sm-359">
         <name>__muldf3</name>
         <value>0x2939</value>
         <object_component_ref idref="oc-249"/>
      </symbol>
      <symbol id="sm-35f">
         <name>__muldsi3</name>
         <value>0x4005</value>
         <object_component_ref idref="oc-1aa"/>
      </symbol>
      <symbol id="sm-365">
         <name>__aeabi_fmul</name>
         <value>0x30d9</value>
         <object_component_ref idref="oc-148"/>
      </symbol>
      <symbol id="sm-366">
         <name>__mulsf3</name>
         <value>0x30d9</value>
         <object_component_ref idref="oc-148"/>
      </symbol>
      <symbol id="sm-36c">
         <name>__aeabi_fdiv</name>
         <value>0x3409</value>
         <object_component_ref idref="oc-144"/>
      </symbol>
      <symbol id="sm-36d">
         <name>__divsf3</name>
         <value>0x3409</value>
         <object_component_ref idref="oc-144"/>
      </symbol>
      <symbol id="sm-373">
         <name>__aeabi_ddiv</name>
         <value>0x245d</value>
         <object_component_ref idref="oc-187"/>
      </symbol>
      <symbol id="sm-374">
         <name>__divdf3</name>
         <value>0x245d</value>
         <object_component_ref idref="oc-187"/>
      </symbol>
      <symbol id="sm-37a">
         <name>__aeabi_d2iz</name>
         <value>0x3d0d</value>
         <object_component_ref idref="oc-240"/>
      </symbol>
      <symbol id="sm-37b">
         <name>__fixdfsi</name>
         <value>0x3d0d</value>
         <object_component_ref idref="oc-240"/>
      </symbol>
      <symbol id="sm-381">
         <name>__aeabi_f2iz</name>
         <value>0x4079</value>
         <object_component_ref idref="oc-150"/>
      </symbol>
      <symbol id="sm-382">
         <name>__fixsfsi</name>
         <value>0x4079</value>
         <object_component_ref idref="oc-150"/>
      </symbol>
      <symbol id="sm-388">
         <name>__aeabi_i2d</name>
         <value>0x42f5</value>
         <object_component_ref idref="oc-183"/>
      </symbol>
      <symbol id="sm-389">
         <name>__floatsidf</name>
         <value>0x42f5</value>
         <object_component_ref idref="oc-183"/>
      </symbol>
      <symbol id="sm-38f">
         <name>__aeabi_i2f</name>
         <value>0x3ed9</value>
         <object_component_ref idref="oc-125"/>
      </symbol>
      <symbol id="sm-390">
         <name>__floatsisf</name>
         <value>0x3ed9</value>
         <object_component_ref idref="oc-125"/>
      </symbol>
      <symbol id="sm-396">
         <name>__aeabi_ui2f</name>
         <value>0x43e9</value>
         <object_component_ref idref="oc-140"/>
      </symbol>
      <symbol id="sm-397">
         <name>__floatunsisf</name>
         <value>0x43e9</value>
         <object_component_ref idref="oc-140"/>
      </symbol>
      <symbol id="sm-39d">
         <name>__aeabi_lmul</name>
         <value>0x4511</value>
         <object_component_ref idref="oc-20b"/>
      </symbol>
      <symbol id="sm-39e">
         <name>__muldi3</name>
         <value>0x4511</value>
         <object_component_ref idref="oc-20b"/>
      </symbol>
      <symbol id="sm-3a5">
         <name>__aeabi_d2f</name>
         <value>0x3581</value>
         <object_component_ref idref="oc-18b"/>
      </symbol>
      <symbol id="sm-3a6">
         <name>__truncdfsf2</name>
         <value>0x3581</value>
         <object_component_ref idref="oc-18b"/>
      </symbol>
      <symbol id="sm-3ac">
         <name>__aeabi_dcmpeq</name>
         <value>0x37a5</value>
         <object_component_ref idref="oc-214"/>
      </symbol>
      <symbol id="sm-3ad">
         <name>__aeabi_dcmplt</name>
         <value>0x37b9</value>
         <object_component_ref idref="oc-214"/>
      </symbol>
      <symbol id="sm-3ae">
         <name>__aeabi_dcmple</name>
         <value>0x37cd</value>
         <object_component_ref idref="oc-214"/>
      </symbol>
      <symbol id="sm-3af">
         <name>__aeabi_dcmpge</name>
         <value>0x37e1</value>
         <object_component_ref idref="oc-214"/>
      </symbol>
      <symbol id="sm-3b0">
         <name>__aeabi_dcmpgt</name>
         <value>0x37f5</value>
         <object_component_ref idref="oc-214"/>
      </symbol>
      <symbol id="sm-3b6">
         <name>__aeabi_fcmpeq</name>
         <value>0x3809</value>
         <object_component_ref idref="oc-129"/>
      </symbol>
      <symbol id="sm-3b7">
         <name>__aeabi_fcmplt</name>
         <value>0x381d</value>
         <object_component_ref idref="oc-129"/>
      </symbol>
      <symbol id="sm-3b8">
         <name>__aeabi_fcmple</name>
         <value>0x3831</value>
         <object_component_ref idref="oc-129"/>
      </symbol>
      <symbol id="sm-3b9">
         <name>__aeabi_fcmpge</name>
         <value>0x3845</value>
         <object_component_ref idref="oc-129"/>
      </symbol>
      <symbol id="sm-3ba">
         <name>__aeabi_fcmpgt</name>
         <value>0x3859</value>
         <object_component_ref idref="oc-129"/>
      </symbol>
      <symbol id="sm-3c0">
         <name>__aeabi_idiv</name>
         <value>0x3a31</value>
         <object_component_ref idref="oc-266"/>
      </symbol>
      <symbol id="sm-3c1">
         <name>__aeabi_idivmod</name>
         <value>0x3a31</value>
         <object_component_ref idref="oc-266"/>
      </symbol>
      <symbol id="sm-3c7">
         <name>__aeabi_memcpy</name>
         <value>0x47dd</value>
         <object_component_ref idref="oc-52"/>
      </symbol>
      <symbol id="sm-3c8">
         <name>__aeabi_memcpy4</name>
         <value>0x47dd</value>
         <object_component_ref idref="oc-52"/>
      </symbol>
      <symbol id="sm-3c9">
         <name>__aeabi_memcpy8</name>
         <value>0x47dd</value>
         <object_component_ref idref="oc-52"/>
      </symbol>
      <symbol id="sm-3d2">
         <name>__aeabi_memset</name>
         <value>0x477d</value>
         <object_component_ref idref="oc-1f6"/>
      </symbol>
      <symbol id="sm-3d3">
         <name>__aeabi_memset4</name>
         <value>0x477d</value>
         <object_component_ref idref="oc-1f6"/>
      </symbol>
      <symbol id="sm-3d4">
         <name>__aeabi_memset8</name>
         <value>0x477d</value>
         <object_component_ref idref="oc-1f6"/>
      </symbol>
      <symbol id="sm-3d5">
         <name>__aeabi_memclr</name>
         <value>0x4799</value>
         <object_component_ref idref="oc-91"/>
      </symbol>
      <symbol id="sm-3d6">
         <name>__aeabi_memclr4</name>
         <value>0x4799</value>
         <object_component_ref idref="oc-91"/>
      </symbol>
      <symbol id="sm-3d7">
         <name>__aeabi_memclr8</name>
         <value>0x4799</value>
         <object_component_ref idref="oc-91"/>
      </symbol>
      <symbol id="sm-3dd">
         <name>__aeabi_uidiv</name>
         <value>0x3ddd</value>
         <object_component_ref idref="oc-12d"/>
      </symbol>
      <symbol id="sm-3de">
         <name>__aeabi_uidivmod</name>
         <value>0x3ddd</value>
         <object_component_ref idref="oc-12d"/>
      </symbol>
      <symbol id="sm-3e4">
         <name>__aeabi_uldivmod</name>
         <value>0x46f1</value>
         <object_component_ref idref="oc-210"/>
      </symbol>
      <symbol id="sm-3ed">
         <name>__eqsf2</name>
         <value>0x3fc9</value>
         <object_component_ref idref="oc-192"/>
      </symbol>
      <symbol id="sm-3ee">
         <name>__lesf2</name>
         <value>0x3fc9</value>
         <object_component_ref idref="oc-192"/>
      </symbol>
      <symbol id="sm-3ef">
         <name>__ltsf2</name>
         <value>0x3fc9</value>
         <object_component_ref idref="oc-192"/>
      </symbol>
      <symbol id="sm-3f0">
         <name>__nesf2</name>
         <value>0x3fc9</value>
         <object_component_ref idref="oc-192"/>
      </symbol>
      <symbol id="sm-3f1">
         <name>__cmpsf2</name>
         <value>0x3fc9</value>
         <object_component_ref idref="oc-192"/>
      </symbol>
      <symbol id="sm-3f2">
         <name>__gtsf2</name>
         <value>0x3f15</value>
         <object_component_ref idref="oc-197"/>
      </symbol>
      <symbol id="sm-3f3">
         <name>__gesf2</name>
         <value>0x3f15</value>
         <object_component_ref idref="oc-197"/>
      </symbol>
      <symbol id="sm-3f9">
         <name>__udivmoddi4</name>
         <value>0x2f9d</value>
         <object_component_ref idref="oc-22b"/>
      </symbol>
      <symbol id="sm-3ff">
         <name>__aeabi_llsl</name>
         <value>0x459d</value>
         <object_component_ref idref="oc-258"/>
      </symbol>
      <symbol id="sm-400">
         <name>__ashldi3</name>
         <value>0x459d</value>
         <object_component_ref idref="oc-258"/>
      </symbol>
      <symbol id="sm-40e">
         <name>__ledf2</name>
         <value>0x36d1</value>
         <object_component_ref idref="oc-230"/>
      </symbol>
      <symbol id="sm-40f">
         <name>__gedf2</name>
         <value>0x35f5</value>
         <object_component_ref idref="oc-236"/>
      </symbol>
      <symbol id="sm-410">
         <name>__cmpdf2</name>
         <value>0x36d1</value>
         <object_component_ref idref="oc-230"/>
      </symbol>
      <symbol id="sm-411">
         <name>__eqdf2</name>
         <value>0x36d1</value>
         <object_component_ref idref="oc-230"/>
      </symbol>
      <symbol id="sm-412">
         <name>__ltdf2</name>
         <value>0x36d1</value>
         <object_component_ref idref="oc-230"/>
      </symbol>
      <symbol id="sm-413">
         <name>__nedf2</name>
         <value>0x36d1</value>
         <object_component_ref idref="oc-230"/>
      </symbol>
      <symbol id="sm-414">
         <name>__gtdf2</name>
         <value>0x35f5</value>
         <object_component_ref idref="oc-236"/>
      </symbol>
      <symbol id="sm-420">
         <name>__aeabi_idiv0</name>
         <value>0x2eeb</value>
         <object_component_ref idref="oc-199"/>
      </symbol>
      <symbol id="sm-421">
         <name>__aeabi_ldiv0</name>
         <value>0x348b</value>
         <object_component_ref idref="oc-257"/>
      </symbol>
      <symbol id="sm-43b">
         <name>memcpy</name>
         <value>0x303f</value>
         <object_component_ref idref="oc-d3"/>
      </symbol>
      <symbol id="sm-44a">
         <name>memset</name>
         <value>0x386b</value>
         <object_component_ref idref="oc-10f"/>
      </symbol>
      <symbol id="sm-44b">
         <name>__TI_static_base__</name>
         <value>0x0</value>
      </symbol>
      <symbol id="sm-44f">
         <name>__mpu_init</name>
         <value>0x0</value>
      </symbol>
      <symbol id="sm-450">
         <name>_system_post_cinit</name>
         <value>0x0</value>
      </symbol>
   </symbol_table>
   <title>Link successful</title>
</link_info>
