******************************************************************************
            TI ARM Clang Linker PC v3.2.1                      
******************************************************************************
>> Linked Thu Jul 11 13:57:34 2024

OUTPUT FILE NAME:   <empty_LP_MSPM0G3507_nortos_ticlang.out>
ENTRY POINT SYMBOL: "_c_int00_noargs"  address: 000036cd


MEMORY CONFIGURATION

         name            origin    length      used     unused   attr    fill
----------------------  --------  ---------  --------  --------  ----  --------
  FLASH                 00000000   00020000  00004048  0001bfb8  R  X
  SRAM                  20200000   00008000  00000991  0000766f  RW X
  BCR_CONFIG            41c00000   00000080  00000000  00000080  R   
  BSL_CONFIG            41c00100   00000080  00000000  00000080  R   


SEGMENT ALLOCATION MAP

run origin  load origin   length   init length attrs members
----------  ----------- ---------- ----------- ----- -------
00000000    00000000    00003ab8   00003ab8    r-x
  00000000    00000000    000000c0   000000c0    r-- .intvecs
  000000c0    000000c0    000039f8   000039f8    r-x .text
00003ac0    00003ac0    00000590   00000590    r--
  00003ac0    00003ac0    00000560   00000560    r-- .rodata
  00004020    00004020    00000030   00000030    r-- .cinit
20200000    20200000    00000791   00000000    rw-
  20200000    20200000    00000774   00000000    rw- .bss
  20200774    20200774    0000001d   00000000    rw- .data
20207e00    20207e00    00000200   00000000    rw-
  20207e00    20207e00    00000200   00000000    rw- .stack


SECTION ALLOCATION MAP

 output                                  attributes/
section   page    origin      length       input sections
--------  ----  ----------  ----------   ----------------
.intvecs   0    00000000    000000c0     
                  00000000    000000c0     startup_mspm0g350x_ticlang.o (.intvecs)

.text      0    000000c0    000039f8     
                  000000c0    00000a00     libc.a : _printfi.c.obj (.text:__TI_printfi)
                  00000ac0    00000220            : _printfi.c.obj (.text._pconv_a)
                  00000ce0    000001f8     wheel.o (.text.status_wheels_init)
                  00000ed8    000001dc     libc.a : _printfi.c.obj (.text._pconv_g)
                  000010b4    00000192     libclang_rt.builtins.a : adddf3.S.obj (.text.adddf3_subdf3)
                  00001246    00000002     startup_mspm0g350x_ticlang.o (.text.Default_Handler)
                  00001248    00000150     rpc.o (.text.rpc_declare)
                  00001398    0000013c     libc.a : _printfi.c.obj (.text.fcvt)
                  000014d4    0000012c     ti_msp_dl_config.o (.text.SYSCFG_DL_GPIO_init)
                  00001600    00000120     libc.a : _printfi.c.obj (.text._pconv_e)
                  00001720    00000110     driverlib.a : dl_timer.o (.text.DL_Timer_initPWMMode)
                  00001830    0000010c     libclang_rt.builtins.a : divdf3.S.obj (.text.__divdf3)
                  0000193c    00000100     driverlib.a : dl_timer.o (.text.DL_Timer_initTimerMode)
                  00001a3c    000000fc     pid.o (.text.pid_init)
                  00001b38    000000ec     driverlib.a : dl_timer.o (.text.DL_TimerA_initPWMMode)
                  00001c24    000000e8     wheel.o (.text.status_wheels_next)
                  00001d0c    000000e4     libclang_rt.builtins.a : muldf3.S.obj (.text.__muldf3)
                  00001df0    000000d8     libc.a : s_scalbn.c.obj (.text.scalbn)
                  00001ec8    000000d8     libclang_rt.builtins.a : addsf3.S.obj (.text)
                  00001fa0    000000d0     uart.o (.text.uart_dma_send)
                  00002070    000000d0     uart_re_driver.o (.text.uart_re_driver)
                  00002140    000000c4     ti_msp_dl_config.o (.text.SYSCFG_DL_M_PWM_init)
                  00002204    000000ba     pid.o (.text.pid_compute)
                  000022be    00000002     libclang_rt.builtins.a : aeabi_div0.c.obj (.text.__aeabi_idiv0)
                  000022c0    000000b0     motor.o (.text.motor_set_thrust)
                  00002370    000000a2     libclang_rt.builtins.a : udivmoddi4.S.obj (.text)
                  00002412    0000009a     libc.a : memcpy16.S.obj (.text:memcpy)
                  000024ac    0000008c     libclang_rt.builtins.a : mulsf3.S.obj (.text.__mulsf3)
                  00002538    00000088     ti_msp_dl_config.o (.text.SYSCFG_DL_UART_1_init)
                  000025c0    00000088     ti_msp_dl_config.o (.text.SYSCFG_DL_UART_2_init)
                  00002648    00000088     ti_msp_dl_config.o (.text.SYSCFG_DL_UART_3_init)
                  000026d0    00000088     ti_msp_dl_config.o (.text.SYSCFG_DL_initPower)
                  00002758    00000084     ti_msp_dl_config.o (.text.SYSCFG_DL_UART_4_init)
                  000027dc    00000082     libclang_rt.builtins.a : divsf3.S.obj (.text.__divsf3)
                  0000285e    00000002                            : aeabi_div0.c.obj (.text.__aeabi_ldiv0)
                  00002860    0000007c     ti_msp_dl_config.o (.text.SYSCFG_DL_SERVO_init)
                  000028dc    00000078     libc.a : copy_decompress_lzss.c.obj (.text:decompress:lzss)
                  00002954    00000074     rpc.o (.text.rpc_call_id)
                  000029c8    00000070     libclang_rt.builtins.a : comparedf2.c.obj (.text.__gedf2)
                  00002a38    0000006c     gpio_it.o (.text.GROUP1_IRQHandler)
                  00002aa4    0000006c     libclang_rt.builtins.a : comparedf2.c.obj (.text.__ledf2)
                  00002b10    00000066     libc.a : _printfi.c.obj (.text._mcpy)
                  00002b76    00000002     --HOLE-- [fill = 0]
                  00002b78    00000062     libclang_rt.builtins.a : aeabi_dcmp.S.obj (.text.__aeabi_dcmp)
                  00002bda    00000062     libc.a : memset16.S.obj (.text:memset)
                  00002c3c    0000005c            : s_frexp.c.obj (.text.frexp)
                  00002c98    00000058            : _ltoa.c.obj (.text.__TI_ltoa)
                  00002cf0    00000058            : _printfi.c.obj (.text._pconv_f)
                  00002d48    00000058     rpc.o (.text.status_rpc_init)
                  00002da0    00000056     libclang_rt.builtins.a : aeabi_idivmod.S.obj (.text.__aeabi_idivmod)
                  00002df6    00000054     driverlib.a : dl_dma.o (.text.DL_DMA_configTransfer)
                  00002e4a    00000002     --HOLE-- [fill = 0]
                  00002e4c    00000054     ti_msp_dl_config.o (.text.SYSCFG_DL_I2C_init)
                  00002ea0    00000054     ti_msp_dl_config.o (.text.SYSCFG_DL_init)
                  00002ef4    00000052     libc.a : _printfi.c.obj (.text._ecpy)
                  00002f46    00000002     --HOLE-- [fill = 0]
                  00002f48    00000050     ti_msp_dl_config.o (.text.SYSCFG_DL_SYSCTL_init)
                  00002f98    0000004c     driverlib.a : dl_uart.o (.text.DL_UART_init)
                  00002fe4    0000004c     ti_msp_dl_config.o (.text.SYSCFG_DL_TIMER_INT_init)
                  00003030    0000004c     log.o (.text.log_uprintf)
                  0000307c    0000004a     libclang_rt.builtins.a : fixdfsi.S.obj (.text.__fixdfsi)
                  000030c6    00000046     driverlib.a : dl_dma.o (.text.DL_DMA_initChannel)
                  0000310c    00000040                 : dl_timer.o (.text.DL_Timer_setCaptureCompareOutCtl)
                  0000314c    00000040     libclang_rt.builtins.a : aeabi_uidivmod.S.obj (.text.__aeabi_uidivmod)
                  0000318c    00000040     libc.a : atoi.c.obj (.text.atoi)
                  000031cc    00000040            : vsnprintf.c.obj (.text.vsnprintf)
                  0000320c    0000003c     driverlib.a : dl_timer.o (.text.DL_Timer_setCaptureCompareCtl)
                  00003248    0000003c     libclang_rt.builtins.a : floatsisf.S.obj (.text.__floatsisf)
                  00003284    0000003c     libc.a : autoinit.c.obj (.text:__TI_auto_init_nobinit_nopinit)
                  000032c0    0000003a     libclang_rt.builtins.a : muldsi3.S.obj (.text.__muldsi3)
                  000032fa    00000002     --HOLE-- [fill = 0]
                  000032fc    00000038     driverlib.a : dl_dma.o (.text.DL_DMA_setTrigger)
                  00003334    00000038     libclang_rt.builtins.a : fixsfsi.S.obj (.text.__fixsfsi)
                  0000336c    00000034     driverlib.a : dl_i2c.o (.text.DL_I2C_setClockConfig)
                  000033a0    00000034                 : dl_timer.o (.text.DL_Timer_setCaptCompUpdateMethod)
                  000033d4    00000034                 : dl_timer.o (.text.DL_Timer_setCaptureCompareAction)
                  00003408    00000034                 : dl_timer.o (.text.DL_Timer_setCaptureCompareInput)
                  0000343c    00000034                 : dl_timer.o (.text.DL_Timer_setClockConfig)
                  00003470    00000030     libc.a : _printfi.c.obj (.text._fcpy)
                  000034a0    00000030            : vsnprintf.c.obj (.text._outs)
                  000034d0    00000030     wheel.o (.text.status_wheels_drive)
                  00003500    0000002c     driverlib.a : dl_timer.o (.text.DL_Timer_setCaptureCompareValue)
                  0000352c    0000002c     uart_it.o (.text.UART0_IRQHandler)
                  00003558    0000002c     uart_it.o (.text.UART1_IRQHandler)
                  00003584    0000002c     uart_it.o (.text.UART2_IRQHandler)
                  000035b0    0000002c     libclang_rt.builtins.a : floatsidf.S.obj (.text.__floatsidf)
                  000035dc    00000028     driverlib.a : dl_dma.o (.text.DL_Common_updateReg)
                  00003604    00000028                 : dl_i2c.o (.text.DL_Common_updateReg)
                  0000362c    00000028                 : dl_timer.o (.text.DL_Common_updateReg)
                  00003654    00000028                 : dl_uart.o (.text.DL_Common_updateReg)
                  0000367c    00000028     libclang_rt.builtins.a : floatunsisf.S.obj (.text.__floatunsisf)
                  000036a4    00000028     uart_it.o (.text.enable_all_uart_it)
                  000036cc    00000028     libc.a : boot_cortex_m.c.obj (.text:_c_int00_noargs)
                  000036f4    00000024     driverlib.a : dl_uart.o (.text.DL_UART_setClockConfig)
                  00003718    00000024     motor.o (.text.M1_CH1_INT)
                  0000373c    00000024     motor.o (.text.M2_CH1_INT)
                  00003760    00000024     motor.o (.text.M3_CH1_INT)
                  00003784    00000024     motor.o (.text.M4_CH1_INT)
                  000037a8    00000024     timer_it.o (.text.TIMG0_IRQHandler)
                  000037cc    00000024     libclang_rt.builtins.a : muldi3.S.obj (.text.__muldi3)
                  000037f0    00000022     libc.a : memccpy.c.obj (.text.memccpy)
                  00003812    00000002     --HOLE-- [fill = 0]
                  00003814    00000020     driverlib.a : dl_timer.o (.text.DL_Timer_setCounterValueAfterEnable)
                  00003834    00000020     uart_it.o (.text.UART3_IRQHandler)
                  00003854    0000001e     libclang_rt.builtins.a : ashldi3.S.obj (.text.__ashldi3)
                  00003872    00000002     --HOLE-- [fill = 0]
                  00003874    0000001c     timer_it.o (.text.enable_timer_it)
                  00003890    0000001c     empty.o (.text.main)
                  000038ac    0000001c     motor.o (.text.motor_get_speed)
                  000038c8    00000018     driverlib.a : dl_timer.o (.text.DL_Timer_setLoadValue)
                  000038e0    00000018     ti_msp_dl_config.o (.text.SYSCFG_DL_DMA_CH1_init)
                  000038f8    00000018     ti_msp_dl_config.o (.text.SYSCFG_DL_DMA_CH2_init)
                  00003910    00000018     ti_msp_dl_config.o (.text.SYSCFG_DL_DMA_CH3_init)
                  00003928    00000018     ti_msp_dl_config.o (.text.SYSCFG_DL_DMA_CH4_init)
                  00003940    00000018     libc.a : vsnprintf.c.obj (.text._outc)
                  00003958    00000018     motor.o (.text.motor_init)
                  00003970    00000016     driverlib.a : dl_uart.o (.text.DL_UART_disable)
                  00003986    00000016     status.o (.text.status_init)
                  0000399c    00000014     driverlib.a : dl_common.o (.text.DL_Common_delayCycles)
                  000039b0    00000014     ti_msp_dl_config.o (.text.SYSCFG_DL_DMA_init)
                  000039c4    00000014     libclang_rt.builtins.a : aeabi_uldivmod.S.obj (.text.__aeabi_uldivmod)
                  000039d8    00000014     libc.a : _printfi.c.obj (.text.strchr)
                  000039ec    00000012            : copy_decompress_none.c.obj (.text:decompress:none)
                  000039fe    00000002     --HOLE-- [fill = 0]
                  00003a00    00000010     gpio_it.o (.text.enable_all_gpio_it)
                  00003a10    00000010     status.o (.text.status_next)
                  00003a20    00000010     libc.a : wcslen.c.obj (.text.wcslen)
                  00003a30    00000010            : copy_zero_init.c.obj (.text:decompress:ZI)
                  00003a40    0000000e     libclang_rt.builtins.a : aeabi_memset.S.obj (.text.__aeabi_memset)
                  00003a4e    0000000e     libc.a : _printfi.c.obj (.text.strlen)
                  00003a5c    0000000c     libclang_rt.builtins.a : aeabi_memset.S.obj (.text.__aeabi_memclr)
                  00003a68    0000000a     libc.a : _printfi.c.obj (.text.OUTLINED_FUNCTION_0)
                  00003a72    00000002     --HOLE-- [fill = 0]
                  00003a74    00000010     libclang_rt.builtins.a : adddf3.S.obj (.tramp.__aeabi_dsub.1)
                  00003a84    0000000a     libc.a : _printfi.c.obj (.text.OUTLINED_FUNCTION_1)
                  00003a8e    0000000a     status.o (.text.status_drive)
                  00003a98    00000008     libc.a : aeabi_portable.c.obj (.text.__aeabi_errno_addr)
                  00003aa0    00000008     libclang_rt.builtins.a : aeabi_memcpy.S.obj (.text.__aeabi_memcpy)
                  00003aa8    00000004     startup_mspm0g350x_ticlang.o (.text.Reset_Handler)
                  00003aac    00000004     libc.a : pre_init.c.obj (.text._system_pre_init)
                  00003ab0    00000004     rpc.o (.text.store_short)
                  00003ab4    00000004     libc.a : exit.c.obj (.text:abort)

.cinit     0    00004020    00000030     
                  00004020    0000000c     (__TI_handler_table)
                  0000402c    00000008     (.cinit..bss.load) [load image, compression = zero_init]
                  00004034    00000008     (.cinit..data.load) [load image, compression = lzss]
                  0000403c    00000010     (__TI_cinit_table)
                  0000404c    00000004     --HOLE-- [fill = 0]

.rodata    0    00003ac0    00000560     
                  00003ac0    00000101     libc.a : aeabi_ctype.S.obj (.rodata:__aeabi_ctype_table_)
                  00003bc1    000000e0     pid.o (.rodata.str1.81133652227627099021)
                  00003ca1    000000a0     pid.o (.rodata.str1.150032657092344662841)
                  00003d41    0000005c     rpc.o (.rodata.str1.8209580685649171961)
                  00003d9d    0000004e     rpc.o (.rodata.str1.124995558390628224831)
                  00003deb    00000032     rpc.o (.rodata.str1.103927641817075730111)
                  00003e1d    00000022     wheel.o (.rodata.str1.72776753402584544701)
                  00003e3f    00000021     rpc.o (.rodata.str1.120021878737110746871)
                  00003e60    00000020     rpc.o (.rodata.str1.25677255523241597571)
                  00003e80    0000001f     wheel.o (.rodata.str1.39202108255025893821)
                  00003e9f    0000001d     rpc.o (.rodata.str1.75636786389167600131)
                  00003ebc    00000018     ti_msp_dl_config.o (.rodata.gDMA_CH1Config)
                  00003ed4    00000018     ti_msp_dl_config.o (.rodata.gDMA_CH2Config)
                  00003eec    00000018     ti_msp_dl_config.o (.rodata.gDMA_CH3Config)
                  00003f04    00000018     ti_msp_dl_config.o (.rodata.gDMA_CH4Config)
                  00003f1c    00000015     rpc.o (.rodata.str1.75102026805473770821)
                  00003f31    00000003     ti_msp_dl_config.o (.rodata.gM_PWMClockConfig)
                  00003f34    00000014     ti_msp_dl_config.o (.rodata.gTIMER_INTTimerConfig)
                  00003f48    00000014     pid.o (.rodata.str1.102657335334272529981)
                  00003f5c    00000011     libc.a : _printfi.c.obj (.rodata.str1.11645776875810915891)
                  00003f6d    00000011            : _printfi.c.obj (.rodata.str1.44690500295887128011)
                  00003f7e    0000000d     rpc.o (.rodata.str1.182076078129639790001)
                  00003f8b    0000000c     rpc.o (.rodata.str1.93814105079834991821)
                  00003f97    0000000b     wheel.o (.rodata.str1.43473155290033581301)
                  00003fa2    0000000b     wheel.o (.rodata.str1.44018524685936321621)
                  00003fad    00000001     --HOLE-- [fill = 0]
                  00003fae    0000000a     ti_msp_dl_config.o (.rodata.gUART_1Config)
                  00003fb8    0000000a     ti_msp_dl_config.o (.rodata.gUART_2Config)
                  00003fc2    0000000a     ti_msp_dl_config.o (.rodata.gUART_3Config)
                  00003fcc    0000000a     ti_msp_dl_config.o (.rodata.gUART_4Config)
                  00003fd6    0000000a     wheel.o (.rodata.str1.168143065473744805781)
                  00003fe0    0000000a     wheel.o (.rodata.str1.7759569776916354361)
                  00003fea    00000009     pid.o (.rodata.str1.167448110830143899621)
                  00003ff3    00000001     --HOLE-- [fill = 0]
                  00003ff4    00000008     ti_msp_dl_config.o (.rodata.gM_PWMConfig)
                  00003ffc    00000008     ti_msp_dl_config.o (.rodata.gSERVOConfig)
                  00004004    00000003     ti_msp_dl_config.o (.rodata.gSERVOClockConfig)
                  00004007    00000003     ti_msp_dl_config.o (.rodata.gTIMER_INTClockConfig)
                  0000400a    00000002     ti_msp_dl_config.o (.rodata.gI2CClockConfig)
                  0000400c    00000002     ti_msp_dl_config.o (.rodata.gUART_1ClockConfig)
                  0000400e    00000002     ti_msp_dl_config.o (.rodata.gUART_2ClockConfig)
                  00004010    00000002     ti_msp_dl_config.o (.rodata.gUART_3ClockConfig)
                  00004012    00000002     ti_msp_dl_config.o (.rodata.gUART_4ClockConfig)
                  00004014    0000000c     --HOLE-- [fill = 0]

.init_array 
*          0    00000000    00000000     UNINITIALIZED

.binit     0    00000000    00000000     

.bss       0    20200000    00000774     UNINITIALIZED
                  20200000    00000408     (.common:status)
                  20200408    00000200     log.o (.bss.log_uprintf.buf)
                  20200608    000000bc     (.common:gM_PWMBackup)
                  202006c4    00000078     (.common:gSERVOBackup)
                  2020073c    00000030     (.common:gUART_1Backup)
                  2020076c    00000008     (.common:encounter)

.data      0    20200774    0000001d     UNINITIALIZED
                  20200774    00000004     uart_re_driver.o (.data.R1_BUFF)
                  20200778    00000004     uart_re_driver.o (.data.R2_BUFF)
                  2020077c    00000004     uart_re_driver.o (.data.R3_BUFF)
                  20200780    00000004     uart_re_driver.o (.data.R4_BUFF)
                  20200784    00000004     libc.a : aeabi_portable.c.obj (.data.__aeabi_errno)
                  20200788    00000001     uart_re_driver.o (.data.R1_flag)
                  20200789    00000001     uart_re_driver.o (.data.R2_flag)
                  2020078a    00000001     uart_re_driver.o (.data.R3_flag)
                  2020078b    00000001     uart_re_driver.o (.data.R4_flag)
                  2020078c    00000001     log.o (.data.log_uprintf.abbuf)
                  2020078d    00000001     uart_it.o (.data.r1_buf)
                  2020078e    00000001     uart_it.o (.data.r2_buf)
                  2020078f    00000001     uart_it.o (.data.r3_buf)
                  20200790    00000001     uart_it.o (.data.r4_buf)

.stack     0    20207e00    00000200     UNINITIALIZED
                  20207e00    00000004     libc.a : boot_cortex_m.c.obj (.stack)
                  20207e04    000001fc     --HOLE--

__llvm_prf_cnts 
*          0    20200000    00000000     UNINITIALIZED

__llvm_prf_bits 
*          0    20200000    00000000     UNINITIALIZED

MODULE SUMMARY

       Module                         code    ro data   rw data
       ------                         ----    -------   -------
    .\
       ti_msp_dl_config.o             1736    191       356    
       startup_mspm0g350x_ticlang.o   6       192       0      
       empty.o                        28      0         0      
    +--+------------------------------+-------+---------+---------+
       Total:                         1770    383       356    
                                                               
    .\User\
       uart_re_driver.o               208     0         20     
    +--+------------------------------+-------+---------+---------+
       Total:                         208     0         20     
                                                               
    .\User\device\
       motor.o                        372     0         8      
       uart.o                         208     0         0      
    +--+------------------------------+-------+---------+---------+
       Total:                         580     0         8      
                                                               
    .\User\it\
       uart_it.o                      204     0         4      
       gpio_it.o                      124     0         0      
       timer_it.o                     64      0         0      
    +--+------------------------------+-------+---------+---------+
       Total:                         392     0         4      
                                                               
    .\User\status\
       status.o                       48      0         1032   
       rpc.o                          544     360       0      
       wheel.o                        784     107       0      
    +--+------------------------------+-------+---------+---------+
       Total:                         1376    467       1032   
                                                               
    .\User\utils\
       pid.o                          438     413       0      
       log.o                          76      0         513    
    +--+------------------------------+-------+---------+---------+
       Total:                         514     413       513    
                                                               
    C:/ti/mspm0_sdk_2_01_00_03/source/ti/driverlib/lib/ticlang/m0p/mspm0g1x0x_g3x0x/driverlib.a
       dl_timer.o                     1236    0         0      
       dl_dma.o                       250     0         0      
       dl_uart.o                      174     0         0      
       dl_i2c.o                       92      0         0      
       dl_common.o                    20      0         0      
    +--+------------------------------+-------+---------+---------+
       Total:                         1772    0         0      
                                                               
    D:\program\CCS\ccs_blue\ccs\tools\compiler\ti-cgt-armllvm_3.2.1.LTS\lib\armv6m-ti-none-eabi/c/libc.a
       _printfi.c.obj                 4558    34        0      
       aeabi_ctype.S.obj              0       257       0      
       s_scalbn.c.obj                 216     0         0      
       memcpy16.S.obj                 154     0         0      
       vsnprintf.c.obj                136     0         0      
       copy_decompress_lzss.c.obj     120     0         0      
       memset16.S.obj                 98      0         0      
       s_frexp.c.obj                  92      0         0      
       _ltoa.c.obj                    88      0         0      
       atoi.c.obj                     64      0         0      
       autoinit.c.obj                 60      0         0      
       boot_cortex_m.c.obj            40      0         0      
       memccpy.c.obj                  34      0         0      
       copy_decompress_none.c.obj     18      0         0      
       copy_zero_init.c.obj           16      0         0      
       wcslen.c.obj                   16      0         0      
       aeabi_portable.c.obj           8       0         4      
       exit.c.obj                     4       0         0      
       pre_init.c.obj                 4       0         0      
    +--+------------------------------+-------+---------+---------+
       Total:                         5726    291       4      
                                                               
    D:\program\CCS\ccs_blue\ccs\tools\compiler\ti-cgt-armllvm_3.2.1.LTS\lib\clang/15.0.7/lib/armv6m-ti-none-eabi/libclang_rt.builtins.a
       adddf3.S.obj                   418     0         0      
       divdf3.S.obj                   268     0         0      
       muldf3.S.obj                   228     0         0      
       comparedf2.c.obj               220     0         0      
       addsf3.S.obj                   216     0         0      
       udivmoddi4.S.obj               162     0         0      
       mulsf3.S.obj                   140     0         0      
       divsf3.S.obj                   130     0         0      
       aeabi_dcmp.S.obj               98      0         0      
       aeabi_idivmod.S.obj            86      0         0      
       fixdfsi.S.obj                  74      0         0      
       aeabi_uidivmod.S.obj           64      0         0      
       floatsisf.S.obj                60      0         0      
       muldsi3.S.obj                  58      0         0      
       fixsfsi.S.obj                  56      0         0      
       floatsidf.S.obj                44      0         0      
       floatunsisf.S.obj              40      0         0      
       muldi3.S.obj                   36      0         0      
       ashldi3.S.obj                  30      0         0      
       aeabi_memset.S.obj             26      0         0      
       aeabi_uldivmod.S.obj           20      0         0      
       aeabi_memcpy.S.obj             8       0         0      
       aeabi_div0.c.obj               4       0         0      
    +--+------------------------------+-------+---------+---------+
       Total:                         2486    0         0      
                                                               
       Stack:                         0       0         512    
       Linker Generated:              0       44        0      
    +--+------------------------------+-------+---------+---------+
       Grand Total:                   14824   1598      2449   


LINKER GENERATED COPY TABLES

__TI_cinit_table @ 0000403c records: 2, size/record: 8, table size: 16
	.bss: load addr=0000402c, load size=00000008 bytes, run addr=20200000, run size=00000774 bytes, compression=zero_init
	.data: load addr=00004034, load size=00000008 bytes, run addr=20200774, run size=0000001d bytes, compression=lzss


LINKER GENERATED HANDLER TABLE

__TI_handler_table @ 00004020 records: 3, size/record: 4, table size: 12
	index: 0, handler: __TI_decompress_lzss
	index: 1, handler: __TI_decompress_none
	index: 2, handler: __TI_zero_init


FAR CALL TRAMPOLINES

callee name               trampoline name
   callee addr  tramp addr   call addr  call info
--------------  -----------  ---------  ----------------
__aeabi_dsub              $Tramp$TT$L$PI$$__aeabi_dsub
   000010b5     00003a74     00003a70   libc.a : _printfi.c.obj (.text.OUTLINED_FUNCTION_0)

[1 trampolines]
[1 trampoline calls]


GLOBAL SYMBOLS: SORTED ALPHABETICALLY BY Name 

address   name                            
-------   ----                            
00001247  ADC0_IRQHandler                 
00001247  ADC1_IRQHandler                 
00001247  AES_IRQHandler                  
00003ab4  C$$EXIT                         
00001247  CANFD0_IRQHandler               
00001247  DAC0_IRQHandler                 
0000399d  DL_Common_delayCycles           
000030c7  DL_DMA_initChannel              
0000336d  DL_I2C_setClockConfig           
00001b39  DL_TimerA_initPWMMode           
00001721  DL_Timer_initPWMMode            
0000193d  DL_Timer_initTimerMode          
000033a1  DL_Timer_setCaptCompUpdateMethod
000033d5  DL_Timer_setCaptureCompareAction
0000320d  DL_Timer_setCaptureCompareCtl   
00003409  DL_Timer_setCaptureCompareInput 
0000310d  DL_Timer_setCaptureCompareOutCtl
00003501  DL_Timer_setCaptureCompareValue 
0000343d  DL_Timer_setClockConfig         
00002f99  DL_UART_init                    
000036f5  DL_UART_setClockConfig          
00001247  DMA_IRQHandler                  
00001247  Default_Handler                 
00001247  GROUP0_IRQHandler               
00002a39  GROUP1_IRQHandler               
00001247  HardFault_Handler               
00001247  I2C0_IRQHandler                 
00001247  I2C1_IRQHandler                 
00003719  M1_CH1_INT                      
0000373d  M2_CH1_INT                      
00003761  M3_CH1_INT                      
00003785  M4_CH1_INT                      
00001247  NMI_Handler                     
00001247  PendSV_Handler                  
20200774  R1_BUFF                         
20200788  R1_flag                         
20200778  R2_BUFF                         
20200789  R2_flag                         
2020077c  R3_BUFF                         
2020078a  R3_flag                         
20200780  R4_BUFF                         
2020078b  R4_flag                         
00001247  RTC_IRQHandler                  
00003aa9  Reset_Handler                   
00001247  SPI0_IRQHandler                 
00001247  SPI1_IRQHandler                 
00001247  SVC_Handler                     
000038e1  SYSCFG_DL_DMA_CH1_init          
000038f9  SYSCFG_DL_DMA_CH2_init          
00003911  SYSCFG_DL_DMA_CH3_init          
00003929  SYSCFG_DL_DMA_CH4_init          
000039b1  SYSCFG_DL_DMA_init              
000014d5  SYSCFG_DL_GPIO_init             
00002e4d  SYSCFG_DL_I2C_init              
00002141  SYSCFG_DL_M_PWM_init            
00002861  SYSCFG_DL_SERVO_init            
00002f49  SYSCFG_DL_SYSCTL_init           
00002fe5  SYSCFG_DL_TIMER_INT_init        
00002539  SYSCFG_DL_UART_1_init           
000025c1  SYSCFG_DL_UART_2_init           
00002649  SYSCFG_DL_UART_3_init           
00002759  SYSCFG_DL_UART_4_init           
00002ea1  SYSCFG_DL_init                  
000026d1  SYSCFG_DL_initPower             
00001247  SysTick_Handler                 
00001247  TIMA0_IRQHandler                
00001247  TIMA1_IRQHandler                
000037a9  TIMG0_IRQHandler                
00001247  TIMG12_IRQHandler               
00001247  TIMG6_IRQHandler                
00001247  TIMG7_IRQHandler                
00001247  TIMG8_IRQHandler                
0000352d  UART0_IRQHandler                
00003559  UART1_IRQHandler                
00003585  UART2_IRQHandler                
00003835  UART3_IRQHandler                
20208000  __STACK_END                     
00000200  __STACK_SIZE                    
00000000  __TI_ATRegion0_region_sz        
00000000  __TI_ATRegion0_src_addr         
00000000  __TI_ATRegion0_trg_addr         
00000000  __TI_ATRegion1_region_sz        
00000000  __TI_ATRegion1_src_addr         
00000000  __TI_ATRegion1_trg_addr         
00000000  __TI_ATRegion2_region_sz        
00000000  __TI_ATRegion2_src_addr         
00000000  __TI_ATRegion2_trg_addr         
0000403c  __TI_CINIT_Base                 
0000404c  __TI_CINIT_Limit                
0000404c  __TI_CINIT_Warm                 
00004020  __TI_Handler_Table_Base         
0000402c  __TI_Handler_Table_Limit        
00003285  __TI_auto_init_nobinit_nopinit  
000028dd  __TI_decompress_lzss            
000039ed  __TI_decompress_none            
00002c99  __TI_ltoa                       
ffffffff  __TI_pprof_out_hndl             
000000c1  __TI_printfi                    
ffffffff  __TI_prof_data_size             
ffffffff  __TI_prof_data_start            
00000000  __TI_static_base__              
00003a31  __TI_zero_init                  
000010bf  __adddf3                        
00001ed3  __addsf3                        
00003ac0  __aeabi_ctype_table_            
00003ac0  __aeabi_ctype_table_C           
0000307d  __aeabi_d2iz                    
000010bf  __aeabi_dadd                    
00002b79  __aeabi_dcmpeq                  
00002bb5  __aeabi_dcmpge                  
00002bc9  __aeabi_dcmpgt                  
00002ba1  __aeabi_dcmple                  
00002b8d  __aeabi_dcmplt                  
00001831  __aeabi_ddiv                    
00001d0d  __aeabi_dmul                    
000010b5  __aeabi_dsub                    
20200784  __aeabi_errno                   
00003a99  __aeabi_errno_addr              
00003335  __aeabi_f2iz                    
00001ed3  __aeabi_fadd                    
000027dd  __aeabi_fdiv                    
000024ad  __aeabi_fmul                    
00001ec9  __aeabi_fsub                    
000035b1  __aeabi_i2d                     
00003249  __aeabi_i2f                     
00002da1  __aeabi_idiv                    
000022bf  __aeabi_idiv0                   
00002da1  __aeabi_idivmod                 
0000285f  __aeabi_ldiv0                   
00003855  __aeabi_llsl                    
000037cd  __aeabi_lmul                    
00003a5d  __aeabi_memclr                  
00003a5d  __aeabi_memclr4                 
00003a5d  __aeabi_memclr8                 
00003aa1  __aeabi_memcpy                  
00003aa1  __aeabi_memcpy4                 
00003aa1  __aeabi_memcpy8                 
00003a41  __aeabi_memset                  
00003a41  __aeabi_memset4                 
00003a41  __aeabi_memset8                 
0000367d  __aeabi_ui2f                    
0000314d  __aeabi_uidiv                   
0000314d  __aeabi_uidivmod                
000039c5  __aeabi_uldivmod                
00003855  __ashldi3                       
ffffffff  __binit__                       
00002aa5  __cmpdf2                        
00001831  __divdf3                        
000027dd  __divsf3                        
00002aa5  __eqdf2                         
0000307d  __fixdfsi                       
00003335  __fixsfsi                       
000035b1  __floatsidf                     
00003249  __floatsisf                     
0000367d  __floatunsisf                   
000029c9  __gedf2                         
000029c9  __gtdf2                         
00002aa5  __ledf2                         
00002aa5  __ltdf2                         
UNDEFED   __mpu_init                      
00001d0d  __muldf3                        
000037cd  __muldi3                        
000032c1  __muldsi3                       
000024ad  __mulsf3                        
00002aa5  __nedf2                         
20207e00  __stack                         
20200000  __start___llvm_prf_bits         
20200000  __start___llvm_prf_cnts         
20200000  __stop___llvm_prf_bits          
20200000  __stop___llvm_prf_cnts          
000010b5  __subdf3                        
00001ec9  __subsf3                        
00002371  __udivmoddi4                    
000036cd  _c_int00_noargs                 
UNDEFED   _system_post_cinit              
00003aad  _system_pre_init                
00003ab5  abort                           
0000318d  atoi                            
ffffffff  binit                           
00003a01  enable_all_gpio_it              
000036a5  enable_all_uart_it              
00003875  enable_timer_it                 
2020076c  encounter                       
00002c3d  frexp                           
00002c3d  frexpl                          
20200608  gM_PWMBackup                    
202006c4  gSERVOBackup                    
2020073c  gUART_1Backup                   
00000000  interruptVectors                
00001df1  ldexp                           
00001df1  ldexpl                          
00003031  log_uprintf                     
00003891  main                            
000037f1  memccpy                         
00002413  memcpy                          
00002bdb  memset                          
000038ad  motor_get_speed                 
00003959  motor_init                      
000022c1  motor_set_thrust                
00002205  pid_compute                     
00001a3d  pid_init                        
2020078d  r1_buf                          
2020078e  r2_buf                          
2020078f  r3_buf                          
20200790  r4_buf                          
00002955  rpc_call_id                     
00001249  rpc_declare                     
00001df1  scalbn                          
00001df1  scalbnl                         
20200000  status                          
00003a8f  status_drive                    
00003987  status_init                     
00003a11  status_next                     
00002d49  status_rpc_init                 
000034d1  status_wheels_drive             
00000ce1  status_wheels_init              
00001c25  status_wheels_next              
00003ab1  store_short                     
00001fa1  uart_dma_send                   
00002071  uart_re_driver                  
000031cd  vsnprintf                       
00003a21  wcslen                          


GLOBAL SYMBOLS: SORTED BY Symbol Address 

address   name                            
-------   ----                            
00000000  __TI_ATRegion0_region_sz        
00000000  __TI_ATRegion0_src_addr         
00000000  __TI_ATRegion0_trg_addr         
00000000  __TI_ATRegion1_region_sz        
00000000  __TI_ATRegion1_src_addr         
00000000  __TI_ATRegion1_trg_addr         
00000000  __TI_ATRegion2_region_sz        
00000000  __TI_ATRegion2_src_addr         
00000000  __TI_ATRegion2_trg_addr         
00000000  __TI_static_base__              
00000000  interruptVectors                
000000c1  __TI_printfi                    
00000200  __STACK_SIZE                    
00000ce1  status_wheels_init              
000010b5  __aeabi_dsub                    
000010b5  __subdf3                        
000010bf  __adddf3                        
000010bf  __aeabi_dadd                    
00001247  ADC0_IRQHandler                 
00001247  ADC1_IRQHandler                 
00001247  AES_IRQHandler                  
00001247  CANFD0_IRQHandler               
00001247  DAC0_IRQHandler                 
00001247  DMA_IRQHandler                  
00001247  Default_Handler                 
00001247  GROUP0_IRQHandler               
00001247  HardFault_Handler               
00001247  I2C0_IRQHandler                 
00001247  I2C1_IRQHandler                 
00001247  NMI_Handler                     
00001247  PendSV_Handler                  
00001247  RTC_IRQHandler                  
00001247  SPI0_IRQHandler                 
00001247  SPI1_IRQHandler                 
00001247  SVC_Handler                     
00001247  SysTick_Handler                 
00001247  TIMA0_IRQHandler                
00001247  TIMA1_IRQHandler                
00001247  TIMG12_IRQHandler               
00001247  TIMG6_IRQHandler                
00001247  TIMG7_IRQHandler                
00001247  TIMG8_IRQHandler                
00001249  rpc_declare                     
000014d5  SYSCFG_DL_GPIO_init             
00001721  DL_Timer_initPWMMode            
00001831  __aeabi_ddiv                    
00001831  __divdf3                        
0000193d  DL_Timer_initTimerMode          
00001a3d  pid_init                        
00001b39  DL_TimerA_initPWMMode           
00001c25  status_wheels_next              
00001d0d  __aeabi_dmul                    
00001d0d  __muldf3                        
00001df1  ldexp                           
00001df1  ldexpl                          
00001df1  scalbn                          
00001df1  scalbnl                         
00001ec9  __aeabi_fsub                    
00001ec9  __subsf3                        
00001ed3  __addsf3                        
00001ed3  __aeabi_fadd                    
00001fa1  uart_dma_send                   
00002071  uart_re_driver                  
00002141  SYSCFG_DL_M_PWM_init            
00002205  pid_compute                     
000022bf  __aeabi_idiv0                   
000022c1  motor_set_thrust                
00002371  __udivmoddi4                    
00002413  memcpy                          
000024ad  __aeabi_fmul                    
000024ad  __mulsf3                        
00002539  SYSCFG_DL_UART_1_init           
000025c1  SYSCFG_DL_UART_2_init           
00002649  SYSCFG_DL_UART_3_init           
000026d1  SYSCFG_DL_initPower             
00002759  SYSCFG_DL_UART_4_init           
000027dd  __aeabi_fdiv                    
000027dd  __divsf3                        
0000285f  __aeabi_ldiv0                   
00002861  SYSCFG_DL_SERVO_init            
000028dd  __TI_decompress_lzss            
00002955  rpc_call_id                     
000029c9  __gedf2                         
000029c9  __gtdf2                         
00002a39  GROUP1_IRQHandler               
00002aa5  __cmpdf2                        
00002aa5  __eqdf2                         
00002aa5  __ledf2                         
00002aa5  __ltdf2                         
00002aa5  __nedf2                         
00002b79  __aeabi_dcmpeq                  
00002b8d  __aeabi_dcmplt                  
00002ba1  __aeabi_dcmple                  
00002bb5  __aeabi_dcmpge                  
00002bc9  __aeabi_dcmpgt                  
00002bdb  memset                          
00002c3d  frexp                           
00002c3d  frexpl                          
00002c99  __TI_ltoa                       
00002d49  status_rpc_init                 
00002da1  __aeabi_idiv                    
00002da1  __aeabi_idivmod                 
00002e4d  SYSCFG_DL_I2C_init              
00002ea1  SYSCFG_DL_init                  
00002f49  SYSCFG_DL_SYSCTL_init           
00002f99  DL_UART_init                    
00002fe5  SYSCFG_DL_TIMER_INT_init        
00003031  log_uprintf                     
0000307d  __aeabi_d2iz                    
0000307d  __fixdfsi                       
000030c7  DL_DMA_initChannel              
0000310d  DL_Timer_setCaptureCompareOutCtl
0000314d  __aeabi_uidiv                   
0000314d  __aeabi_uidivmod                
0000318d  atoi                            
000031cd  vsnprintf                       
0000320d  DL_Timer_setCaptureCompareCtl   
00003249  __aeabi_i2f                     
00003249  __floatsisf                     
00003285  __TI_auto_init_nobinit_nopinit  
000032c1  __muldsi3                       
00003335  __aeabi_f2iz                    
00003335  __fixsfsi                       
0000336d  DL_I2C_setClockConfig           
000033a1  DL_Timer_setCaptCompUpdateMethod
000033d5  DL_Timer_setCaptureCompareAction
00003409  DL_Timer_setCaptureCompareInput 
0000343d  DL_Timer_setClockConfig         
000034d1  status_wheels_drive             
00003501  DL_Timer_setCaptureCompareValue 
0000352d  UART0_IRQHandler                
00003559  UART1_IRQHandler                
00003585  UART2_IRQHandler                
000035b1  __aeabi_i2d                     
000035b1  __floatsidf                     
0000367d  __aeabi_ui2f                    
0000367d  __floatunsisf                   
000036a5  enable_all_uart_it              
000036cd  _c_int00_noargs                 
000036f5  DL_UART_setClockConfig          
00003719  M1_CH1_INT                      
0000373d  M2_CH1_INT                      
00003761  M3_CH1_INT                      
00003785  M4_CH1_INT                      
000037a9  TIMG0_IRQHandler                
000037cd  __aeabi_lmul                    
000037cd  __muldi3                        
000037f1  memccpy                         
00003835  UART3_IRQHandler                
00003855  __aeabi_llsl                    
00003855  __ashldi3                       
00003875  enable_timer_it                 
00003891  main                            
000038ad  motor_get_speed                 
000038e1  SYSCFG_DL_DMA_CH1_init          
000038f9  SYSCFG_DL_DMA_CH2_init          
00003911  SYSCFG_DL_DMA_CH3_init          
00003929  SYSCFG_DL_DMA_CH4_init          
00003959  motor_init                      
00003987  status_init                     
0000399d  DL_Common_delayCycles           
000039b1  SYSCFG_DL_DMA_init              
000039c5  __aeabi_uldivmod                
000039ed  __TI_decompress_none            
00003a01  enable_all_gpio_it              
00003a11  status_next                     
00003a21  wcslen                          
00003a31  __TI_zero_init                  
00003a41  __aeabi_memset                  
00003a41  __aeabi_memset4                 
00003a41  __aeabi_memset8                 
00003a5d  __aeabi_memclr                  
00003a5d  __aeabi_memclr4                 
00003a5d  __aeabi_memclr8                 
00003a8f  status_drive                    
00003a99  __aeabi_errno_addr              
00003aa1  __aeabi_memcpy                  
00003aa1  __aeabi_memcpy4                 
00003aa1  __aeabi_memcpy8                 
00003aa9  Reset_Handler                   
00003aad  _system_pre_init                
00003ab1  store_short                     
00003ab4  C$$EXIT                         
00003ab5  abort                           
00003ac0  __aeabi_ctype_table_            
00003ac0  __aeabi_ctype_table_C           
00004020  __TI_Handler_Table_Base         
0000402c  __TI_Handler_Table_Limit        
0000403c  __TI_CINIT_Base                 
0000404c  __TI_CINIT_Limit                
0000404c  __TI_CINIT_Warm                 
20200000  __start___llvm_prf_bits         
20200000  __start___llvm_prf_cnts         
20200000  __stop___llvm_prf_bits          
20200000  __stop___llvm_prf_cnts          
20200000  status                          
20200608  gM_PWMBackup                    
202006c4  gSERVOBackup                    
2020073c  gUART_1Backup                   
2020076c  encounter                       
20200774  R1_BUFF                         
20200778  R2_BUFF                         
2020077c  R3_BUFF                         
20200780  R4_BUFF                         
20200784  __aeabi_errno                   
20200788  R1_flag                         
20200789  R2_flag                         
2020078a  R3_flag                         
2020078b  R4_flag                         
2020078d  r1_buf                          
2020078e  r2_buf                          
2020078f  r3_buf                          
20200790  r4_buf                          
20207e00  __stack                         
20208000  __STACK_END                     
ffffffff  __TI_pprof_out_hndl             
ffffffff  __TI_prof_data_size             
ffffffff  __TI_prof_data_start            
ffffffff  __binit__                       
ffffffff  binit                           
UNDEFED   __mpu_init                      
UNDEFED   _system_post_cinit              

[222 symbols]
