******************************************************************************
            TI ARM Clang Linker PC v3.2.1                      
******************************************************************************
>> Linked Thu Jul 11 14:29:09 2024

OUTPUT FILE NAME:   <empty_LP_MSPM0G3507_nortos_ticlang.out>
ENTRY POINT SYMBOL: "_c_int00_noargs"  address: 00003715


MEMORY CONFIGURATION

         name            origin    length      used     unused   attr    fill
----------------------  --------  ---------  --------  --------  ----  --------
  FLASH                 00000000   00020000  00004110  0001bef0  R  X
  SRAM                  20200000   00008000  00000991  0000766f  RW X
  BCR_CONFIG            41c00000   00000080  00000000  00000080  R   
  BSL_CONFIG            41c00100   00000080  00000000  00000080  R   


SEGMENT ALLOCATION MAP

run origin  load origin   length   init length attrs members
----------  ----------- ---------- ----------- ----- -------
00000000    00000000    00004110   00004110    r-x
  00000000    00000000    000000c0   000000c0    r-- .intvecs
  000000c0    000000c0    00003a40   00003a40    r-x .text
  00003b00    00003b00    000005e0   000005e0    r-- .rodata
  000040e0    000040e0    00000030   00000030    r-- .cinit
20200000    20200000    00000791   00000000    rw-
  20200000    20200000    00000774   00000000    rw- .bss
  20200774    20200774    0000001d   00000000    rw- .data
20207e00    20207e00    00000200   00000000    rw-
  20207e00    20207e00    00000200   00000000    rw- .stack


SECTION ALLOCATION MAP

 output                                  attributes/
section   page    origin      length       input sections
--------  ----  ----------  ----------   ----------------
.intvecs   0    00000000    000000c0     
                  00000000    000000c0     startup_mspm0g350x_ticlang.o (.intvecs)

.text      0    000000c0    00003a40     
                  000000c0    00000a00     libc.a : _printfi.c.obj (.text:__TI_printfi)
                  00000ac0    00000220            : _printfi.c.obj (.text._pconv_a)
                  00000ce0    000001f8     wheel.o (.text.status_wheels_init)
                  00000ed8    000001dc     libc.a : _printfi.c.obj (.text._pconv_g)
                  000010b4    00000192     libclang_rt.builtins.a : adddf3.S.obj (.text.adddf3_subdf3)
                  00001246    00000002     startup_mspm0g350x_ticlang.o (.text.Default_Handler)
                  00001248    00000150     rpc.o (.text.rpc_declare)
                  00001398    0000013c     libc.a : _printfi.c.obj (.text.fcvt)
                  000014d4    0000012c     ti_msp_dl_config.o (.text.SYSCFG_DL_GPIO_init)
                  00001600    00000120     libc.a : _printfi.c.obj (.text._pconv_e)
                  00001720    00000110     driverlib.a : dl_timer.o (.text.DL_Timer_initPWMMode)
                  00001830    0000010c     libclang_rt.builtins.a : divdf3.S.obj (.text.__divdf3)
                  0000193c    00000100     driverlib.a : dl_timer.o (.text.DL_Timer_initTimerMode)
                  00001a3c    000000fc     pid.o (.text.pid_init)
                  00001b38    000000ec     driverlib.a : dl_timer.o (.text.DL_TimerA_initPWMMode)
                  00001c24    000000e8     wheel.o (.text.status_wheels_next)
                  00001d0c    000000e4     libclang_rt.builtins.a : muldf3.S.obj (.text.__muldf3)
                  00001df0    000000d8     libc.a : s_scalbn.c.obj (.text.scalbn)
                  00001ec8    000000d8     libclang_rt.builtins.a : addsf3.S.obj (.text)
                  00001fa0    000000d0     uart.o (.text.uart_dma_send)
                  00002070    000000d0     uart_re_driver.o (.text.uart_re_driver)
                  00002140    000000c4     ti_msp_dl_config.o (.text.SYSCFG_DL_M_PWM_init)
                  00002204    000000bc     rpc.o (.text.rpc_call_id)
                  000022c0    000000ba     pid.o (.text.pid_compute)
                  0000237a    00000002     libclang_rt.builtins.a : aeabi_div0.c.obj (.text.__aeabi_idiv0)
                  0000237c    000000b0     motor.o (.text.motor_set_thrust)
                  0000242c    000000a2     libclang_rt.builtins.a : udivmoddi4.S.obj (.text)
                  000024ce    0000009a     libc.a : memcpy16.S.obj (.text:memcpy)
                  00002568    0000008c     libclang_rt.builtins.a : mulsf3.S.obj (.text.__mulsf3)
                  000025f4    00000088     ti_msp_dl_config.o (.text.SYSCFG_DL_UART_1_init)
                  0000267c    00000088     ti_msp_dl_config.o (.text.SYSCFG_DL_UART_2_init)
                  00002704    00000088     ti_msp_dl_config.o (.text.SYSCFG_DL_UART_3_init)
                  0000278c    00000088     ti_msp_dl_config.o (.text.SYSCFG_DL_initPower)
                  00002814    00000084     ti_msp_dl_config.o (.text.SYSCFG_DL_UART_4_init)
                  00002898    00000082     libclang_rt.builtins.a : divsf3.S.obj (.text.__divsf3)
                  0000291a    00000002                            : aeabi_div0.c.obj (.text.__aeabi_ldiv0)
                  0000291c    0000007c     ti_msp_dl_config.o (.text.SYSCFG_DL_SERVO_init)
                  00002998    00000078     libc.a : copy_decompress_lzss.c.obj (.text:decompress:lzss)
                  00002a10    00000070     libclang_rt.builtins.a : comparedf2.c.obj (.text.__gedf2)
                  00002a80    0000006c     gpio_it.o (.text.GROUP1_IRQHandler)
                  00002aec    0000006c     libclang_rt.builtins.a : comparedf2.c.obj (.text.__ledf2)
                  00002b58    00000066     libc.a : _printfi.c.obj (.text._mcpy)
                  00002bbe    00000002     --HOLE-- [fill = 0]
                  00002bc0    00000062     libclang_rt.builtins.a : aeabi_dcmp.S.obj (.text.__aeabi_dcmp)
                  00002c22    00000062     libc.a : memset16.S.obj (.text:memset)
                  00002c84    0000005c            : s_frexp.c.obj (.text.frexp)
                  00002ce0    00000058            : _ltoa.c.obj (.text.__TI_ltoa)
                  00002d38    00000058            : _printfi.c.obj (.text._pconv_f)
                  00002d90    00000058     rpc.o (.text.status_rpc_init)
                  00002de8    00000056     libclang_rt.builtins.a : aeabi_idivmod.S.obj (.text.__aeabi_idivmod)
                  00002e3e    00000054     driverlib.a : dl_dma.o (.text.DL_DMA_configTransfer)
                  00002e92    00000002     --HOLE-- [fill = 0]
                  00002e94    00000054     ti_msp_dl_config.o (.text.SYSCFG_DL_I2C_init)
                  00002ee8    00000054     ti_msp_dl_config.o (.text.SYSCFG_DL_init)
                  00002f3c    00000052     libc.a : _printfi.c.obj (.text._ecpy)
                  00002f8e    00000002     --HOLE-- [fill = 0]
                  00002f90    00000050     ti_msp_dl_config.o (.text.SYSCFG_DL_SYSCTL_init)
                  00002fe0    0000004c     driverlib.a : dl_uart.o (.text.DL_UART_init)
                  0000302c    0000004c     ti_msp_dl_config.o (.text.SYSCFG_DL_TIMER_INT_init)
                  00003078    0000004c     log.o (.text.log_uprintf)
                  000030c4    0000004a     libclang_rt.builtins.a : fixdfsi.S.obj (.text.__fixdfsi)
                  0000310e    00000046     driverlib.a : dl_dma.o (.text.DL_DMA_initChannel)
                  00003154    00000040                 : dl_timer.o (.text.DL_Timer_setCaptureCompareOutCtl)
                  00003194    00000040     libclang_rt.builtins.a : aeabi_uidivmod.S.obj (.text.__aeabi_uidivmod)
                  000031d4    00000040     libc.a : atoi.c.obj (.text.atoi)
                  00003214    00000040            : vsnprintf.c.obj (.text.vsnprintf)
                  00003254    0000003c     driverlib.a : dl_timer.o (.text.DL_Timer_setCaptureCompareCtl)
                  00003290    0000003c     libclang_rt.builtins.a : floatsisf.S.obj (.text.__floatsisf)
                  000032cc    0000003c     libc.a : autoinit.c.obj (.text:__TI_auto_init_nobinit_nopinit)
                  00003308    0000003a     libclang_rt.builtins.a : muldsi3.S.obj (.text.__muldsi3)
                  00003342    00000002     --HOLE-- [fill = 0]
                  00003344    00000038     driverlib.a : dl_dma.o (.text.DL_DMA_setTrigger)
                  0000337c    00000038     libclang_rt.builtins.a : fixsfsi.S.obj (.text.__fixsfsi)
                  000033b4    00000034     driverlib.a : dl_i2c.o (.text.DL_I2C_setClockConfig)
                  000033e8    00000034                 : dl_timer.o (.text.DL_Timer_setCaptCompUpdateMethod)
                  0000341c    00000034                 : dl_timer.o (.text.DL_Timer_setCaptureCompareAction)
                  00003450    00000034                 : dl_timer.o (.text.DL_Timer_setCaptureCompareInput)
                  00003484    00000034                 : dl_timer.o (.text.DL_Timer_setClockConfig)
                  000034b8    00000030     libc.a : _printfi.c.obj (.text._fcpy)
                  000034e8    00000030            : vsnprintf.c.obj (.text._outs)
                  00003518    00000030     wheel.o (.text.status_wheels_drive)
                  00003548    0000002c     driverlib.a : dl_timer.o (.text.DL_Timer_setCaptureCompareValue)
                  00003574    0000002c     uart_it.o (.text.UART0_IRQHandler)
                  000035a0    0000002c     uart_it.o (.text.UART1_IRQHandler)
                  000035cc    0000002c     uart_it.o (.text.UART2_IRQHandler)
                  000035f8    0000002c     libclang_rt.builtins.a : floatsidf.S.obj (.text.__floatsidf)
                  00003624    00000028     driverlib.a : dl_dma.o (.text.DL_Common_updateReg)
                  0000364c    00000028                 : dl_i2c.o (.text.DL_Common_updateReg)
                  00003674    00000028                 : dl_timer.o (.text.DL_Common_updateReg)
                  0000369c    00000028                 : dl_uart.o (.text.DL_Common_updateReg)
                  000036c4    00000028     libclang_rt.builtins.a : floatunsisf.S.obj (.text.__floatunsisf)
                  000036ec    00000028     uart_it.o (.text.enable_all_uart_it)
                  00003714    00000028     libc.a : boot_cortex_m.c.obj (.text:_c_int00_noargs)
                  0000373c    00000024     driverlib.a : dl_uart.o (.text.DL_UART_setClockConfig)
                  00003760    00000024     motor.o (.text.M1_CH1_INT)
                  00003784    00000024     motor.o (.text.M2_CH1_INT)
                  000037a8    00000024     motor.o (.text.M3_CH1_INT)
                  000037cc    00000024     motor.o (.text.M4_CH1_INT)
                  000037f0    00000024     timer_it.o (.text.TIMG0_IRQHandler)
                  00003814    00000024     libclang_rt.builtins.a : muldi3.S.obj (.text.__muldi3)
                  00003838    00000022     libc.a : memccpy.c.obj (.text.memccpy)
                  0000385a    00000002     --HOLE-- [fill = 0]
                  0000385c    00000020     driverlib.a : dl_timer.o (.text.DL_Timer_setCounterValueAfterEnable)
                  0000387c    00000020     uart_it.o (.text.UART3_IRQHandler)
                  0000389c    0000001e     libclang_rt.builtins.a : ashldi3.S.obj (.text.__ashldi3)
                  000038ba    00000002     --HOLE-- [fill = 0]
                  000038bc    0000001c     timer_it.o (.text.enable_timer_it)
                  000038d8    0000001c     empty.o (.text.main)
                  000038f4    0000001c     motor.o (.text.motor_get_speed)
                  00003910    00000018     driverlib.a : dl_timer.o (.text.DL_Timer_setLoadValue)
                  00003928    00000018     ti_msp_dl_config.o (.text.SYSCFG_DL_DMA_CH1_init)
                  00003940    00000018     ti_msp_dl_config.o (.text.SYSCFG_DL_DMA_CH2_init)
                  00003958    00000018     ti_msp_dl_config.o (.text.SYSCFG_DL_DMA_CH3_init)
                  00003970    00000018     ti_msp_dl_config.o (.text.SYSCFG_DL_DMA_CH4_init)
                  00003988    00000018     libc.a : vsnprintf.c.obj (.text._outc)
                  000039a0    00000018     motor.o (.text.motor_init)
                  000039b8    00000016     driverlib.a : dl_uart.o (.text.DL_UART_disable)
                  000039ce    00000016     status.o (.text.status_init)
                  000039e4    00000014     driverlib.a : dl_common.o (.text.DL_Common_delayCycles)
                  000039f8    00000014     ti_msp_dl_config.o (.text.SYSCFG_DL_DMA_init)
                  00003a0c    00000014     libclang_rt.builtins.a : aeabi_uldivmod.S.obj (.text.__aeabi_uldivmod)
                  00003a20    00000014     libc.a : _printfi.c.obj (.text.strchr)
                  00003a34    00000012            : copy_decompress_none.c.obj (.text:decompress:none)
                  00003a46    00000002     --HOLE-- [fill = 0]
                  00003a48    00000010     gpio_it.o (.text.enable_all_gpio_it)
                  00003a58    00000010     status.o (.text.status_next)
                  00003a68    00000010     libc.a : wcslen.c.obj (.text.wcslen)
                  00003a78    00000010            : copy_zero_init.c.obj (.text:decompress:ZI)
                  00003a88    0000000e     libclang_rt.builtins.a : aeabi_memset.S.obj (.text.__aeabi_memset)
                  00003a96    0000000e     libc.a : _printfi.c.obj (.text.strlen)
                  00003aa4    0000000c     libclang_rt.builtins.a : aeabi_memset.S.obj (.text.__aeabi_memclr)
                  00003ab0    0000000a     libc.a : _printfi.c.obj (.text.OUTLINED_FUNCTION_0)
                  00003aba    00000002     --HOLE-- [fill = 0]
                  00003abc    00000010     libclang_rt.builtins.a : adddf3.S.obj (.tramp.__aeabi_dsub.1)
                  00003acc    0000000a     libc.a : _printfi.c.obj (.text.OUTLINED_FUNCTION_1)
                  00003ad6    0000000a     status.o (.text.status_drive)
                  00003ae0    00000008     libc.a : aeabi_portable.c.obj (.text.__aeabi_errno_addr)
                  00003ae8    00000008     libclang_rt.builtins.a : aeabi_memcpy.S.obj (.text.__aeabi_memcpy)
                  00003af0    00000004     startup_mspm0g350x_ticlang.o (.text.Reset_Handler)
                  00003af4    00000004     libc.a : pre_init.c.obj (.text._system_pre_init)
                  00003af8    00000004     rpc.o (.text.set_short)
                  00003afc    00000004     libc.a : exit.c.obj (.text:abort)

.cinit     0    000040e0    00000030     
                  000040e0    0000000c     (__TI_handler_table)
                  000040ec    00000008     (.cinit..bss.load) [load image, compression = zero_init]
                  000040f4    00000008     (.cinit..data.load) [load image, compression = lzss]
                  000040fc    00000010     (__TI_cinit_table)
                  0000410c    00000004     --HOLE-- [fill = 0]

.rodata    0    00003b00    000005e0     
                  00003b00    00000101     libc.a : aeabi_ctype.S.obj (.rodata:__aeabi_ctype_table_)
                  00003c01    000000e0     pid.o (.rodata.str1.81133652227627099021)
                  00003ce1    000000a0     pid.o (.rodata.str1.150032657092344662841)
                  00003d81    00000085     rpc.o (.rodata.str1.85058880527315607411)
                  00003e06    0000005c     rpc.o (.rodata.str1.46743432585757836561)
                  00003e62    0000004e     rpc.o (.rodata.str1.151589606651577981391)
                  00003eb0    00000029     rpc.o (.rodata.str1.102538587983426092491)
                  00003ed9    00000025     rpc.o (.rodata.str1.8209580685649171961)
                  00003efe    00000024     rpc.o (.rodata.str1.103927641817075730111)
                  00003f22    00000022     wheel.o (.rodata.str1.72776753402584544701)
                  00003f44    0000001f     wheel.o (.rodata.str1.39202108255025893821)
                  00003f63    0000001d     rpc.o (.rodata.str1.144430676460485307021)
                  00003f80    00000018     ti_msp_dl_config.o (.rodata.gDMA_CH1Config)
                  00003f98    00000018     ti_msp_dl_config.o (.rodata.gDMA_CH2Config)
                  00003fb0    00000018     ti_msp_dl_config.o (.rodata.gDMA_CH3Config)
                  00003fc8    00000018     ti_msp_dl_config.o (.rodata.gDMA_CH4Config)
                  00003fe0    00000015     rpc.o (.rodata.str1.13097302596525121651)
                  00003ff5    00000003     ti_msp_dl_config.o (.rodata.gM_PWMClockConfig)
                  00003ff8    00000014     ti_msp_dl_config.o (.rodata.gTIMER_INTTimerConfig)
                  0000400c    00000014     pid.o (.rodata.str1.102657335334272529981)
                  00004020    00000011     libc.a : _printfi.c.obj (.rodata.str1.11645776875810915891)
                  00004031    00000011            : _printfi.c.obj (.rodata.str1.44690500295887128011)
                  00004042    0000000d     rpc.o (.rodata.str1.182076078129639790001)
                  0000404f    0000000c     rpc.o (.rodata.str1.93814105079834991821)
                  0000405b    0000000b     wheel.o (.rodata.str1.43473155290033581301)
                  00004066    0000000b     wheel.o (.rodata.str1.44018524685936321621)
                  00004071    00000001     --HOLE-- [fill = 0]
                  00004072    0000000a     ti_msp_dl_config.o (.rodata.gUART_1Config)
                  0000407c    0000000a     ti_msp_dl_config.o (.rodata.gUART_2Config)
                  00004086    0000000a     ti_msp_dl_config.o (.rodata.gUART_3Config)
                  00004090    0000000a     ti_msp_dl_config.o (.rodata.gUART_4Config)
                  0000409a    0000000a     wheel.o (.rodata.str1.168143065473744805781)
                  000040a4    0000000a     wheel.o (.rodata.str1.7759569776916354361)
                  000040ae    00000009     pid.o (.rodata.str1.167448110830143899621)
                  000040b7    00000001     --HOLE-- [fill = 0]
                  000040b8    00000008     ti_msp_dl_config.o (.rodata.gM_PWMConfig)
                  000040c0    00000008     ti_msp_dl_config.o (.rodata.gSERVOConfig)
                  000040c8    00000003     ti_msp_dl_config.o (.rodata.gSERVOClockConfig)
                  000040cb    00000003     ti_msp_dl_config.o (.rodata.gTIMER_INTClockConfig)
                  000040ce    00000002     ti_msp_dl_config.o (.rodata.gI2CClockConfig)
                  000040d0    00000002     ti_msp_dl_config.o (.rodata.gUART_1ClockConfig)
                  000040d2    00000002     ti_msp_dl_config.o (.rodata.gUART_2ClockConfig)
                  000040d4    00000002     ti_msp_dl_config.o (.rodata.gUART_3ClockConfig)
                  000040d6    00000002     ti_msp_dl_config.o (.rodata.gUART_4ClockConfig)
                  000040d8    00000008     --HOLE-- [fill = 0]

.init_array 
*          0    00000000    00000000     UNINITIALIZED

.binit     0    00000000    00000000     

.bss       0    20200000    00000774     UNINITIALIZED
                  20200000    00000408     (.common:status)
                  20200408    00000200     log.o (.bss.log_uprintf.buf)
                  20200608    000000bc     (.common:gM_PWMBackup)
                  202006c4    00000078     (.common:gSERVOBackup)
                  2020073c    00000030     (.common:gUART_1Backup)
                  2020076c    00000008     (.common:encounter)

.data      0    20200774    0000001d     UNINITIALIZED
                  20200774    00000004     uart_re_driver.o (.data.R1_BUFF)
                  20200778    00000004     uart_re_driver.o (.data.R2_BUFF)
                  2020077c    00000004     uart_re_driver.o (.data.R3_BUFF)
                  20200780    00000004     uart_re_driver.o (.data.R4_BUFF)
                  20200784    00000004     libc.a : aeabi_portable.c.obj (.data.__aeabi_errno)
                  20200788    00000001     uart_re_driver.o (.data.R1_flag)
                  20200789    00000001     uart_re_driver.o (.data.R2_flag)
                  2020078a    00000001     uart_re_driver.o (.data.R3_flag)
                  2020078b    00000001     uart_re_driver.o (.data.R4_flag)
                  2020078c    00000001     log.o (.data.log_uprintf.abbuf)
                  2020078d    00000001     uart_it.o (.data.r1_buf)
                  2020078e    00000001     uart_it.o (.data.r2_buf)
                  2020078f    00000001     uart_it.o (.data.r3_buf)
                  20200790    00000001     uart_it.o (.data.r4_buf)

.stack     0    20207e00    00000200     UNINITIALIZED
                  20207e00    00000004     libc.a : boot_cortex_m.c.obj (.stack)
                  20207e04    000001fc     --HOLE--

__llvm_prf_cnts 
*          0    20200000    00000000     UNINITIALIZED

__llvm_prf_bits 
*          0    20200000    00000000     UNINITIALIZED

MODULE SUMMARY

       Module                         code    ro data   rw data
       ------                         ----    -------   -------
    .\
       ti_msp_dl_config.o             1736    191       356    
       startup_mspm0g350x_ticlang.o   6       192       0      
       empty.o                        28      0         0      
    +--+------------------------------+-------+---------+---------+
       Total:                         1770    383       356    
                                                               
    .\User\
       uart_re_driver.o               208     0         20     
    +--+------------------------------+-------+---------+---------+
       Total:                         208     0         20     
                                                               
    .\User\device\
       motor.o                        372     0         8      
       uart.o                         208     0         0      
    +--+------------------------------+-------+---------+---------+
       Total:                         580     0         8      
                                                               
    .\User\it\
       uart_it.o                      204     0         4      
       gpio_it.o                      124     0         0      
       timer_it.o                     64      0         0      
    +--+------------------------------+-------+---------+---------+
       Total:                         392     0         4      
                                                               
    .\User\status\
       rpc.o                          616     492       0      
       status.o                       48      0         1032   
       wheel.o                        784     107       0      
    +--+------------------------------+-------+---------+---------+
       Total:                         1448    599       1032   
                                                               
    .\User\utils\
       pid.o                          438     413       0      
       log.o                          76      0         513    
    +--+------------------------------+-------+---------+---------+
       Total:                         514     413       513    
                                                               
    C:/ti/mspm0_sdk_2_01_00_03/source/ti/driverlib/lib/ticlang/m0p/mspm0g1x0x_g3x0x/driverlib.a
       dl_timer.o                     1236    0         0      
       dl_dma.o                       250     0         0      
       dl_uart.o                      174     0         0      
       dl_i2c.o                       92      0         0      
       dl_common.o                    20      0         0      
    +--+------------------------------+-------+---------+---------+
       Total:                         1772    0         0      
                                                               
    D:\program\CCS\ccs_blue\ccs\tools\compiler\ti-cgt-armllvm_3.2.1.LTS\lib\armv6m-ti-none-eabi/c/libc.a
       _printfi.c.obj                 4558    34        0      
       aeabi_ctype.S.obj              0       257       0      
       s_scalbn.c.obj                 216     0         0      
       memcpy16.S.obj                 154     0         0      
       vsnprintf.c.obj                136     0         0      
       copy_decompress_lzss.c.obj     120     0         0      
       memset16.S.obj                 98      0         0      
       s_frexp.c.obj                  92      0         0      
       _ltoa.c.obj                    88      0         0      
       atoi.c.obj                     64      0         0      
       autoinit.c.obj                 60      0         0      
       boot_cortex_m.c.obj            40      0         0      
       memccpy.c.obj                  34      0         0      
       copy_decompress_none.c.obj     18      0         0      
       copy_zero_init.c.obj           16      0         0      
       wcslen.c.obj                   16      0         0      
       aeabi_portable.c.obj           8       0         4      
       exit.c.obj                     4       0         0      
       pre_init.c.obj                 4       0         0      
    +--+------------------------------+-------+---------+---------+
       Total:                         5726    291       4      
                                                               
    D:\program\CCS\ccs_blue\ccs\tools\compiler\ti-cgt-armllvm_3.2.1.LTS\lib\clang/15.0.7/lib/armv6m-ti-none-eabi/libclang_rt.builtins.a
       adddf3.S.obj                   418     0         0      
       divdf3.S.obj                   268     0         0      
       muldf3.S.obj                   228     0         0      
       comparedf2.c.obj               220     0         0      
       addsf3.S.obj                   216     0         0      
       udivmoddi4.S.obj               162     0         0      
       mulsf3.S.obj                   140     0         0      
       divsf3.S.obj                   130     0         0      
       aeabi_dcmp.S.obj               98      0         0      
       aeabi_idivmod.S.obj            86      0         0      
       fixdfsi.S.obj                  74      0         0      
       aeabi_uidivmod.S.obj           64      0         0      
       floatsisf.S.obj                60      0         0      
       muldsi3.S.obj                  58      0         0      
       fixsfsi.S.obj                  56      0         0      
       floatsidf.S.obj                44      0         0      
       floatunsisf.S.obj              40      0         0      
       muldi3.S.obj                   36      0         0      
       ashldi3.S.obj                  30      0         0      
       aeabi_memset.S.obj             26      0         0      
       aeabi_uldivmod.S.obj           20      0         0      
       aeabi_memcpy.S.obj             8       0         0      
       aeabi_div0.c.obj               4       0         0      
    +--+------------------------------+-------+---------+---------+
       Total:                         2486    0         0      
                                                               
       Stack:                         0       0         512    
       Linker Generated:              0       44        0      
    +--+------------------------------+-------+---------+---------+
       Grand Total:                   14896   1730      2449   


LINKER GENERATED COPY TABLES

__TI_cinit_table @ 000040fc records: 2, size/record: 8, table size: 16
	.bss: load addr=000040ec, load size=00000008 bytes, run addr=20200000, run size=00000774 bytes, compression=zero_init
	.data: load addr=000040f4, load size=00000008 bytes, run addr=20200774, run size=0000001d bytes, compression=lzss


LINKER GENERATED HANDLER TABLE

__TI_handler_table @ 000040e0 records: 3, size/record: 4, table size: 12
	index: 0, handler: __TI_decompress_lzss
	index: 1, handler: __TI_decompress_none
	index: 2, handler: __TI_zero_init


FAR CALL TRAMPOLINES

callee name               trampoline name
   callee addr  tramp addr   call addr  call info
--------------  -----------  ---------  ----------------
__aeabi_dsub              $Tramp$TT$L$PI$$__aeabi_dsub
   000010b5     00003abc     00003ab8   libc.a : _printfi.c.obj (.text.OUTLINED_FUNCTION_0)

[1 trampolines]
[1 trampoline calls]


GLOBAL SYMBOLS: SORTED ALPHABETICALLY BY Name 

address   name                            
-------   ----                            
00001247  ADC0_IRQHandler                 
00001247  ADC1_IRQHandler                 
00001247  AES_IRQHandler                  
00003afc  C$$EXIT                         
00001247  CANFD0_IRQHandler               
00001247  DAC0_IRQHandler                 
000039e5  DL_Common_delayCycles           
0000310f  DL_DMA_initChannel              
000033b5  DL_I2C_setClockConfig           
00001b39  DL_TimerA_initPWMMode           
00001721  DL_Timer_initPWMMode            
0000193d  DL_Timer_initTimerMode          
000033e9  DL_Timer_setCaptCompUpdateMethod
0000341d  DL_Timer_setCaptureCompareAction
00003255  DL_Timer_setCaptureCompareCtl   
00003451  DL_Timer_setCaptureCompareInput 
00003155  DL_Timer_setCaptureCompareOutCtl
00003549  DL_Timer_setCaptureCompareValue 
00003485  DL_Timer_setClockConfig         
00002fe1  DL_UART_init                    
0000373d  DL_UART_setClockConfig          
00001247  DMA_IRQHandler                  
00001247  Default_Handler                 
00001247  GROUP0_IRQHandler               
00002a81  GROUP1_IRQHandler               
00001247  HardFault_Handler               
00001247  I2C0_IRQHandler                 
00001247  I2C1_IRQHandler                 
00003761  M1_CH1_INT                      
00003785  M2_CH1_INT                      
000037a9  M3_CH1_INT                      
000037cd  M4_CH1_INT                      
00001247  NMI_Handler                     
00001247  PendSV_Handler                  
20200774  R1_BUFF                         
20200788  R1_flag                         
20200778  R2_BUFF                         
20200789  R2_flag                         
2020077c  R3_BUFF                         
2020078a  R3_flag                         
20200780  R4_BUFF                         
2020078b  R4_flag                         
00001247  RTC_IRQHandler                  
00003af1  Reset_Handler                   
00001247  SPI0_IRQHandler                 
00001247  SPI1_IRQHandler                 
00001247  SVC_Handler                     
00003929  SYSCFG_DL_DMA_CH1_init          
00003941  SYSCFG_DL_DMA_CH2_init          
00003959  SYSCFG_DL_DMA_CH3_init          
00003971  SYSCFG_DL_DMA_CH4_init          
000039f9  SYSCFG_DL_DMA_init              
000014d5  SYSCFG_DL_GPIO_init             
00002e95  SYSCFG_DL_I2C_init              
00002141  SYSCFG_DL_M_PWM_init            
0000291d  SYSCFG_DL_SERVO_init            
00002f91  SYSCFG_DL_SYSCTL_init           
0000302d  SYSCFG_DL_TIMER_INT_init        
000025f5  SYSCFG_DL_UART_1_init           
0000267d  SYSCFG_DL_UART_2_init           
00002705  SYSCFG_DL_UART_3_init           
00002815  SYSCFG_DL_UART_4_init           
00002ee9  SYSCFG_DL_init                  
0000278d  SYSCFG_DL_initPower             
00001247  SysTick_Handler                 
00001247  TIMA0_IRQHandler                
00001247  TIMA1_IRQHandler                
000037f1  TIMG0_IRQHandler                
00001247  TIMG12_IRQHandler               
00001247  TIMG6_IRQHandler                
00001247  TIMG7_IRQHandler                
00001247  TIMG8_IRQHandler                
00003575  UART0_IRQHandler                
000035a1  UART1_IRQHandler                
000035cd  UART2_IRQHandler                
0000387d  UART3_IRQHandler                
20208000  __STACK_END                     
00000200  __STACK_SIZE                    
00000000  __TI_ATRegion0_region_sz        
00000000  __TI_ATRegion0_src_addr         
00000000  __TI_ATRegion0_trg_addr         
00000000  __TI_ATRegion1_region_sz        
00000000  __TI_ATRegion1_src_addr         
00000000  __TI_ATRegion1_trg_addr         
00000000  __TI_ATRegion2_region_sz        
00000000  __TI_ATRegion2_src_addr         
00000000  __TI_ATRegion2_trg_addr         
000040fc  __TI_CINIT_Base                 
0000410c  __TI_CINIT_Limit                
0000410c  __TI_CINIT_Warm                 
000040e0  __TI_Handler_Table_Base         
000040ec  __TI_Handler_Table_Limit        
000032cd  __TI_auto_init_nobinit_nopinit  
00002999  __TI_decompress_lzss            
00003a35  __TI_decompress_none            
00002ce1  __TI_ltoa                       
ffffffff  __TI_pprof_out_hndl             
000000c1  __TI_printfi                    
ffffffff  __TI_prof_data_size             
ffffffff  __TI_prof_data_start            
00000000  __TI_static_base__              
00003a79  __TI_zero_init                  
000010bf  __adddf3                        
00001ed3  __addsf3                        
00003b00  __aeabi_ctype_table_            
00003b00  __aeabi_ctype_table_C           
000030c5  __aeabi_d2iz                    
000010bf  __aeabi_dadd                    
00002bc1  __aeabi_dcmpeq                  
00002bfd  __aeabi_dcmpge                  
00002c11  __aeabi_dcmpgt                  
00002be9  __aeabi_dcmple                  
00002bd5  __aeabi_dcmplt                  
00001831  __aeabi_ddiv                    
00001d0d  __aeabi_dmul                    
000010b5  __aeabi_dsub                    
20200784  __aeabi_errno                   
00003ae1  __aeabi_errno_addr              
0000337d  __aeabi_f2iz                    
00001ed3  __aeabi_fadd                    
00002899  __aeabi_fdiv                    
00002569  __aeabi_fmul                    
00001ec9  __aeabi_fsub                    
000035f9  __aeabi_i2d                     
00003291  __aeabi_i2f                     
00002de9  __aeabi_idiv                    
0000237b  __aeabi_idiv0                   
00002de9  __aeabi_idivmod                 
0000291b  __aeabi_ldiv0                   
0000389d  __aeabi_llsl                    
00003815  __aeabi_lmul                    
00003aa5  __aeabi_memclr                  
00003aa5  __aeabi_memclr4                 
00003aa5  __aeabi_memclr8                 
00003ae9  __aeabi_memcpy                  
00003ae9  __aeabi_memcpy4                 
00003ae9  __aeabi_memcpy8                 
00003a89  __aeabi_memset                  
00003a89  __aeabi_memset4                 
00003a89  __aeabi_memset8                 
000036c5  __aeabi_ui2f                    
00003195  __aeabi_uidiv                   
00003195  __aeabi_uidivmod                
00003a0d  __aeabi_uldivmod                
0000389d  __ashldi3                       
ffffffff  __binit__                       
00002aed  __cmpdf2                        
00001831  __divdf3                        
00002899  __divsf3                        
00002aed  __eqdf2                         
000030c5  __fixdfsi                       
0000337d  __fixsfsi                       
000035f9  __floatsidf                     
00003291  __floatsisf                     
000036c5  __floatunsisf                   
00002a11  __gedf2                         
00002a11  __gtdf2                         
00002aed  __ledf2                         
00002aed  __ltdf2                         
UNDEFED   __mpu_init                      
00001d0d  __muldf3                        
00003815  __muldi3                        
00003309  __muldsi3                       
00002569  __mulsf3                        
00002aed  __nedf2                         
20207e00  __stack                         
20200000  __start___llvm_prf_bits         
20200000  __start___llvm_prf_cnts         
20200000  __stop___llvm_prf_bits          
20200000  __stop___llvm_prf_cnts          
000010b5  __subdf3                        
00001ec9  __subsf3                        
0000242d  __udivmoddi4                    
00003715  _c_int00_noargs                 
UNDEFED   _system_post_cinit              
00003af5  _system_pre_init                
00003afd  abort                           
000031d5  atoi                            
ffffffff  binit                           
00003a49  enable_all_gpio_it              
000036ed  enable_all_uart_it              
000038bd  enable_timer_it                 
2020076c  encounter                       
00002c85  frexp                           
00002c85  frexpl                          
20200608  gM_PWMBackup                    
202006c4  gSERVOBackup                    
2020073c  gUART_1Backup                   
00000000  interruptVectors                
00001df1  ldexp                           
00001df1  ldexpl                          
00003079  log_uprintf                     
000038d9  main                            
00003839  memccpy                         
000024cf  memcpy                          
00002c23  memset                          
000038f5  motor_get_speed                 
000039a1  motor_init                      
0000237d  motor_set_thrust                
000022c1  pid_compute                     
00001a3d  pid_init                        
2020078d  r1_buf                          
2020078e  r2_buf                          
2020078f  r3_buf                          
20200790  r4_buf                          
00002205  rpc_call_id                     
00001249  rpc_declare                     
00001df1  scalbn                          
00001df1  scalbnl                         
00003af9  set_short                       
20200000  status                          
00003ad7  status_drive                    
000039cf  status_init                     
00003a59  status_next                     
00002d91  status_rpc_init                 
00003519  status_wheels_drive             
00000ce1  status_wheels_init              
00001c25  status_wheels_next              
00001fa1  uart_dma_send                   
00002071  uart_re_driver                  
00003215  vsnprintf                       
00003a69  wcslen                          


GLOBAL SYMBOLS: SORTED BY Symbol Address 

address   name                            
-------   ----                            
00000000  __TI_ATRegion0_region_sz        
00000000  __TI_ATRegion0_src_addr         
00000000  __TI_ATRegion0_trg_addr         
00000000  __TI_ATRegion1_region_sz        
00000000  __TI_ATRegion1_src_addr         
00000000  __TI_ATRegion1_trg_addr         
00000000  __TI_ATRegion2_region_sz        
00000000  __TI_ATRegion2_src_addr         
00000000  __TI_ATRegion2_trg_addr         
00000000  __TI_static_base__              
00000000  interruptVectors                
000000c1  __TI_printfi                    
00000200  __STACK_SIZE                    
00000ce1  status_wheels_init              
000010b5  __aeabi_dsub                    
000010b5  __subdf3                        
000010bf  __adddf3                        
000010bf  __aeabi_dadd                    
00001247  ADC0_IRQHandler                 
00001247  ADC1_IRQHandler                 
00001247  AES_IRQHandler                  
00001247  CANFD0_IRQHandler               
00001247  DAC0_IRQHandler                 
00001247  DMA_IRQHandler                  
00001247  Default_Handler                 
00001247  GROUP0_IRQHandler               
00001247  HardFault_Handler               
00001247  I2C0_IRQHandler                 
00001247  I2C1_IRQHandler                 
00001247  NMI_Handler                     
00001247  PendSV_Handler                  
00001247  RTC_IRQHandler                  
00001247  SPI0_IRQHandler                 
00001247  SPI1_IRQHandler                 
00001247  SVC_Handler                     
00001247  SysTick_Handler                 
00001247  TIMA0_IRQHandler                
00001247  TIMA1_IRQHandler                
00001247  TIMG12_IRQHandler               
00001247  TIMG6_IRQHandler                
00001247  TIMG7_IRQHandler                
00001247  TIMG8_IRQHandler                
00001249  rpc_declare                     
000014d5  SYSCFG_DL_GPIO_init             
00001721  DL_Timer_initPWMMode            
00001831  __aeabi_ddiv                    
00001831  __divdf3                        
0000193d  DL_Timer_initTimerMode          
00001a3d  pid_init                        
00001b39  DL_TimerA_initPWMMode           
00001c25  status_wheels_next              
00001d0d  __aeabi_dmul                    
00001d0d  __muldf3                        
00001df1  ldexp                           
00001df1  ldexpl                          
00001df1  scalbn                          
00001df1  scalbnl                         
00001ec9  __aeabi_fsub                    
00001ec9  __subsf3                        
00001ed3  __addsf3                        
00001ed3  __aeabi_fadd                    
00001fa1  uart_dma_send                   
00002071  uart_re_driver                  
00002141  SYSCFG_DL_M_PWM_init            
00002205  rpc_call_id                     
000022c1  pid_compute                     
0000237b  __aeabi_idiv0                   
0000237d  motor_set_thrust                
0000242d  __udivmoddi4                    
000024cf  memcpy                          
00002569  __aeabi_fmul                    
00002569  __mulsf3                        
000025f5  SYSCFG_DL_UART_1_init           
0000267d  SYSCFG_DL_UART_2_init           
00002705  SYSCFG_DL_UART_3_init           
0000278d  SYSCFG_DL_initPower             
00002815  SYSCFG_DL_UART_4_init           
00002899  __aeabi_fdiv                    
00002899  __divsf3                        
0000291b  __aeabi_ldiv0                   
0000291d  SYSCFG_DL_SERVO_init            
00002999  __TI_decompress_lzss            
00002a11  __gedf2                         
00002a11  __gtdf2                         
00002a81  GROUP1_IRQHandler               
00002aed  __cmpdf2                        
00002aed  __eqdf2                         
00002aed  __ledf2                         
00002aed  __ltdf2                         
00002aed  __nedf2                         
00002bc1  __aeabi_dcmpeq                  
00002bd5  __aeabi_dcmplt                  
00002be9  __aeabi_dcmple                  
00002bfd  __aeabi_dcmpge                  
00002c11  __aeabi_dcmpgt                  
00002c23  memset                          
00002c85  frexp                           
00002c85  frexpl                          
00002ce1  __TI_ltoa                       
00002d91  status_rpc_init                 
00002de9  __aeabi_idiv                    
00002de9  __aeabi_idivmod                 
00002e95  SYSCFG_DL_I2C_init              
00002ee9  SYSCFG_DL_init                  
00002f91  SYSCFG_DL_SYSCTL_init           
00002fe1  DL_UART_init                    
0000302d  SYSCFG_DL_TIMER_INT_init        
00003079  log_uprintf                     
000030c5  __aeabi_d2iz                    
000030c5  __fixdfsi                       
0000310f  DL_DMA_initChannel              
00003155  DL_Timer_setCaptureCompareOutCtl
00003195  __aeabi_uidiv                   
00003195  __aeabi_uidivmod                
000031d5  atoi                            
00003215  vsnprintf                       
00003255  DL_Timer_setCaptureCompareCtl   
00003291  __aeabi_i2f                     
00003291  __floatsisf                     
000032cd  __TI_auto_init_nobinit_nopinit  
00003309  __muldsi3                       
0000337d  __aeabi_f2iz                    
0000337d  __fixsfsi                       
000033b5  DL_I2C_setClockConfig           
000033e9  DL_Timer_setCaptCompUpdateMethod
0000341d  DL_Timer_setCaptureCompareAction
00003451  DL_Timer_setCaptureCompareInput 
00003485  DL_Timer_setClockConfig         
00003519  status_wheels_drive             
00003549  DL_Timer_setCaptureCompareValue 
00003575  UART0_IRQHandler                
000035a1  UART1_IRQHandler                
000035cd  UART2_IRQHandler                
000035f9  __aeabi_i2d                     
000035f9  __floatsidf                     
000036c5  __aeabi_ui2f                    
000036c5  __floatunsisf                   
000036ed  enable_all_uart_it              
00003715  _c_int00_noargs                 
0000373d  DL_UART_setClockConfig          
00003761  M1_CH1_INT                      
00003785  M2_CH1_INT                      
000037a9  M3_CH1_INT                      
000037cd  M4_CH1_INT                      
000037f1  TIMG0_IRQHandler                
00003815  __aeabi_lmul                    
00003815  __muldi3                        
00003839  memccpy                         
0000387d  UART3_IRQHandler                
0000389d  __aeabi_llsl                    
0000389d  __ashldi3                       
000038bd  enable_timer_it                 
000038d9  main                            
000038f5  motor_get_speed                 
00003929  SYSCFG_DL_DMA_CH1_init          
00003941  SYSCFG_DL_DMA_CH2_init          
00003959  SYSCFG_DL_DMA_CH3_init          
00003971  SYSCFG_DL_DMA_CH4_init          
000039a1  motor_init                      
000039cf  status_init                     
000039e5  DL_Common_delayCycles           
000039f9  SYSCFG_DL_DMA_init              
00003a0d  __aeabi_uldivmod                
00003a35  __TI_decompress_none            
00003a49  enable_all_gpio_it              
00003a59  status_next                     
00003a69  wcslen                          
00003a79  __TI_zero_init                  
00003a89  __aeabi_memset                  
00003a89  __aeabi_memset4                 
00003a89  __aeabi_memset8                 
00003aa5  __aeabi_memclr                  
00003aa5  __aeabi_memclr4                 
00003aa5  __aeabi_memclr8                 
00003ad7  status_drive                    
00003ae1  __aeabi_errno_addr              
00003ae9  __aeabi_memcpy                  
00003ae9  __aeabi_memcpy4                 
00003ae9  __aeabi_memcpy8                 
00003af1  Reset_Handler                   
00003af5  _system_pre_init                
00003af9  set_short                       
00003afc  C$$EXIT                         
00003afd  abort                           
00003b00  __aeabi_ctype_table_            
00003b00  __aeabi_ctype_table_C           
000040e0  __TI_Handler_Table_Base         
000040ec  __TI_Handler_Table_Limit        
000040fc  __TI_CINIT_Base                 
0000410c  __TI_CINIT_Limit                
0000410c  __TI_CINIT_Warm                 
20200000  __start___llvm_prf_bits         
20200000  __start___llvm_prf_cnts         
20200000  __stop___llvm_prf_bits          
20200000  __stop___llvm_prf_cnts          
20200000  status                          
20200608  gM_PWMBackup                    
202006c4  gSERVOBackup                    
2020073c  gUART_1Backup                   
2020076c  encounter                       
20200774  R1_BUFF                         
20200778  R2_BUFF                         
2020077c  R3_BUFF                         
20200780  R4_BUFF                         
20200784  __aeabi_errno                   
20200788  R1_flag                         
20200789  R2_flag                         
2020078a  R3_flag                         
2020078b  R4_flag                         
2020078d  r1_buf                          
2020078e  r2_buf                          
2020078f  r3_buf                          
20200790  r4_buf                          
20207e00  __stack                         
20208000  __STACK_END                     
ffffffff  __TI_pprof_out_hndl             
ffffffff  __TI_prof_data_size             
ffffffff  __TI_prof_data_start            
ffffffff  __binit__                       
ffffffff  binit                           
UNDEFED   __mpu_init                      
UNDEFED   _system_post_cinit              

[222 symbols]
