Component: Arm Compiler for Embedded 6.19 Tool: armlink [5e73cb00]

==============================================================================

Section Cross References

    empty.o(.text.main) refers to ti_msp_dl_config.o(.text.SYSCFG_DL_init) for SYSCFG_DL_init
    empty.o(.text.main) refers to encounter.o(.text.init_encounter) for init_encounter
    empty.o(.text.main) refers to dl_common.o(.text.DL_Common_delayCycles) for DL_Common_delayCycles
    empty.o(.text.main) refers to control-center.o(.bss.M_F_R_tar) for M_F_R_tar
    empty.o(.text.main) refers to control-center.o(.bss.M_F_L_tar) for M_F_L_tar
    empty.o(.ARM.exidx.text.main) refers to empty.o(.text.main) for [Anonymous Symbol]
    empty.o(.text.GROUP1_IRQHandler) refers to encounter.o(.text.M1_CH1_INT) for M1_CH1_INT
    empty.o(.text.GROUP1_IRQHandler) refers to encounter.o(.text.M2_CH1_INT) for M2_CH1_INT
    empty.o(.text.GROUP1_IRQHandler) refers to encounter.o(.text.M3_CH1_INT) for M3_CH1_INT
    empty.o(.text.GROUP1_IRQHandler) refers to encounter.o(.text.M4_CH1_INT) for M4_CH1_INT
    empty.o(.ARM.exidx.text.GROUP1_IRQHandler) refers to empty.o(.text.GROUP1_IRQHandler) for [Anonymous Symbol]
    empty.o(.text.TIMG0_IRQHandler) refers to printto.o(.text.printTo) for printTo
    empty.o(.text.TIMG0_IRQHandler) refers to empty.o(.rodata.str1.1) for [Anonymous Symbol]
    empty.o(.ARM.exidx.text.TIMG0_IRQHandler) refers to empty.o(.text.TIMG0_IRQHandler) for [Anonymous Symbol]
    startup_mspm0g350x_uvision.o(RESET) refers to startup_mspm0g350x_uvision.o(STACK) for __initial_sp
    startup_mspm0g350x_uvision.o(RESET) refers to startup_mspm0g350x_uvision.o(.text) for Reset_Handler
    startup_mspm0g350x_uvision.o(RESET) refers to empty.o(.text.GROUP1_IRQHandler) for GROUP1_IRQHandler
    startup_mspm0g350x_uvision.o(RESET) refers to empty.o(.text.TIMG0_IRQHandler) for TIMG0_IRQHandler
    startup_mspm0g350x_uvision.o(.text) refers to entry.o(.ARM.Collect$$$$00000000) for __main
    ti_msp_dl_config.o(.text.SYSCFG_DL_init) refers to ti_msp_dl_config.o(.text.SYSCFG_DL_initPower) for SYSCFG_DL_initPower
    ti_msp_dl_config.o(.text.SYSCFG_DL_init) refers to ti_msp_dl_config.o(.text.SYSCFG_DL_GPIO_init) for SYSCFG_DL_GPIO_init
    ti_msp_dl_config.o(.text.SYSCFG_DL_init) refers to ti_msp_dl_config.o(.text.SYSCFG_DL_SYSCTL_init) for SYSCFG_DL_SYSCTL_init
    ti_msp_dl_config.o(.text.SYSCFG_DL_init) refers to ti_msp_dl_config.o(.text.SYSCFG_DL_M_PWM_init) for SYSCFG_DL_M_PWM_init
    ti_msp_dl_config.o(.text.SYSCFG_DL_init) refers to ti_msp_dl_config.o(.text.SYSCFG_DL_SERVO_init) for SYSCFG_DL_SERVO_init
    ti_msp_dl_config.o(.text.SYSCFG_DL_init) refers to ti_msp_dl_config.o(.text.SYSCFG_DL_TIMER_INT_init) for SYSCFG_DL_TIMER_INT_init
    ti_msp_dl_config.o(.text.SYSCFG_DL_init) refers to ti_msp_dl_config.o(.text.SYSCFG_DL_I2C_1_init) for SYSCFG_DL_I2C_1_init
    ti_msp_dl_config.o(.text.SYSCFG_DL_init) refers to ti_msp_dl_config.o(.text.SYSCFG_DL_UART_2_init) for SYSCFG_DL_UART_2_init
    ti_msp_dl_config.o(.text.SYSCFG_DL_init) refers to ti_msp_dl_config.o(.text.SYSCFG_DL_UART_1_init) for SYSCFG_DL_UART_1_init
    ti_msp_dl_config.o(.text.SYSCFG_DL_init) refers to ti_msp_dl_config.o(.text.SYSCFG_DL_UART_4_init) for SYSCFG_DL_UART_4_init
    ti_msp_dl_config.o(.text.SYSCFG_DL_init) refers to ti_msp_dl_config.o(.text.SYSCFG_DL_UART_3_init) for SYSCFG_DL_UART_3_init
    ti_msp_dl_config.o(.text.SYSCFG_DL_init) refers to ti_msp_dl_config.o(.text.SYSCFG_DL_DMA_init) for SYSCFG_DL_DMA_init
    ti_msp_dl_config.o(.text.SYSCFG_DL_init) refers to ti_msp_dl_config.o(.bss.gSERVOBackup) for gSERVOBackup
    ti_msp_dl_config.o(.text.SYSCFG_DL_init) refers to ti_msp_dl_config.o(.bss.gM_PWMBackup) for gM_PWMBackup
    ti_msp_dl_config.o(.text.SYSCFG_DL_init) refers to ti_msp_dl_config.o(.bss.gUART_1Backup) for gUART_1Backup
    ti_msp_dl_config.o(.ARM.exidx.text.SYSCFG_DL_init) refers to ti_msp_dl_config.o(.text.SYSCFG_DL_init) for [Anonymous Symbol]
    ti_msp_dl_config.o(.text.SYSCFG_DL_initPower) refers to dl_common.o(.text.DL_Common_delayCycles) for DL_Common_delayCycles
    ti_msp_dl_config.o(.ARM.exidx.text.SYSCFG_DL_initPower) refers to ti_msp_dl_config.o(.text.SYSCFG_DL_initPower) for [Anonymous Symbol]
    ti_msp_dl_config.o(.ARM.exidx.text.SYSCFG_DL_GPIO_init) refers to ti_msp_dl_config.o(.text.SYSCFG_DL_GPIO_init) for [Anonymous Symbol]
    ti_msp_dl_config.o(.ARM.exidx.text.SYSCFG_DL_SYSCTL_init) refers to ti_msp_dl_config.o(.text.SYSCFG_DL_SYSCTL_init) for [Anonymous Symbol]
    ti_msp_dl_config.o(.text.SYSCFG_DL_M_PWM_init) refers to dl_timer.o(.text.DL_Timer_setClockConfig) for DL_Timer_setClockConfig
    ti_msp_dl_config.o(.text.SYSCFG_DL_M_PWM_init) refers to dl_timer.o(.text.DL_TimerA_initPWMMode) for DL_TimerA_initPWMMode
    ti_msp_dl_config.o(.text.SYSCFG_DL_M_PWM_init) refers to dl_timer.o(.text.DL_Timer_setCaptureCompareOutCtl) for DL_Timer_setCaptureCompareOutCtl
[...]
    fadd.o(.text) refers (Special) to iusefp.o(.text) for __I$use$fp
    fadd.o(.text) refers to fepilogue.o(.text) for _float_epilogue
    fmul.o(.text) refers (Special) to iusefp.o(.text) for __I$use$fp
    fdiv.o(.text) refers (Special) to iusefp.o(.text) for __I$use$fp
    fdiv.o(.text) refers to fepilogue.o(.text) for _float_round
    dadd.o(.text) refers (Special) to iusefp.o(.text) for __I$use$fp
    dadd.o(.text) refers to llshl.o(.text) for __aeabi_llsl
    dadd.o(.text) refers to llsshr.o(.text) for __aeabi_lasr
    dadd.o(.text) refers to depilogue.o(.text) for _double_epilogue
    dmul.o(.text) refers (Special) to iusefp.o(.text) for __I$use$fp
    dmul.o(.text) refers to depilogue.o(.text) for _double_epilogue
    fflti.o(.text) refers (Special) to iusefp.o(.text) for __I$use$fp
    fflti.o(.text) refers to fepilogue.o(.text) for _float_epilogue
    ffltui.o(.text) refers (Special) to iusefp.o(.text) for __I$use$fp
    ffltui.o(.text) refers to fepilogue.o(.text) for _float_epilogue
    ffixi.o(.text) refers (Special) to iusefp.o(.text) for __I$use$fp
    dfixi.o(.text) refers (Special) to iusefp.o(.text) for __I$use$fp
    dfixi.o(.text) refers to llushr.o(.text) for __aeabi_llsr
    f2d.o(.text) refers (Special) to iusefp.o(.text) for __I$use$fp
    entry2.o(.ARM.Collect$$$$00000001) refers to entry2.o(.ARM.Collect$$$$00002712) for __lit__00000000
    entry2.o(.ARM.Collect$$$$00002712) refers to startup_mspm0g350x_uvision.o(STACK) for __initial_sp
    entry2.o(__vectab_stack_and_reset_area) refers to startup_mspm0g350x_uvision.o(STACK) for __initial_sp
    entry2.o(__vectab_stack_and_reset_area) refers to entry.o(.ARM.Collect$$$$00000000) for __main
    entry5.o(.ARM.Collect$$$$00000004) refers to init.o(.text) for __scatterload
    entry9a.o(.ARM.Collect$$$$0000000B) refers to empty.o(.text.main) for main
    entry9b.o(.ARM.Collect$$$$0000000C) refers to empty.o(.text.main) for main
    fputc.o(i.fputc) refers (Special) to iusesemip.o(.text) for __I$use$semihosting$fputc
    fputc.o(i.fputc) refers (Special) to semi.o(.text) for __semihosting_library_function
    fputc_h.o(i._fputc$hlt) refers (Special) to iusesemip.o(.text) for __I$use$semihosting$fputc
    fputc_h.o(i._fputc$hlt) refers (Special) to semi.o(.text) for __semihosting_library_function
    idiv_div0.o(.text) refers to uidiv_div0.o(.text) for __aeabi_uidivmod
    uldiv.o(.text) refers to llushr.o(.text) for __aeabi_llsr
    uldiv.o(.text) refers to llshl.o(.text) for __aeabi_llsl
    fepilogue.o(.text) refers (Special) to iusefp.o(.text) for __I$use$fp
    depilogue.o(.text) refers (Special) to iusefp.o(.text) for __I$use$fp
    depilogue.o(.text) refers to depilogue.o(i.__ARM_clz) for __ARM_clz
    depilogue.o(.text) refers to llshl.o(.text) for __aeabi_llsl
    depilogue.o(.text) refers to llushr.o(.text) for __aeabi_llsr
    ddiv.o(.text) refers (Special) to iusefp.o(.text) for __I$use$fp
    ddiv.o(.text) refers to depilogue.o(.text) for _double_round
    dfixul.o(.text) refers (Special) to iusefp.o(.text) for __I$use$fp
    dfixul.o(.text) refers to llushr.o(.text) for __aeabi_llsr
    dfixul.o(.text) refers to llshl.o(.text) for __aeabi_llsl
    cdrcmple.o(.text) refers (Special) to iusefp.o(.text) for __I$use$fp
    init.o(.text) refers to entry5.o(.ARM.Collect$$$$00000004) for __main_after_scatterload
    depilogue.o(i.__ARM_clz) refers (Special) to iusefp.o(.text) for __I$use$fp


==============================================================================

Removing Unused input sections from the image.

    Removing empty.o(.text), (0 bytes).
    Removing empty.o(.ARM.exidx.text.main), (8 bytes).
    Removing empty.o(.ARM.exidx.text.GROUP1_IRQHandler), (8 bytes).
    Removing empty.o(.ARM.exidx.text.TIMG0_IRQHandler), (8 bytes).
    Removing empty.o(.ARM.use_no_argv), (4 bytes).
    Removing startup_mspm0g350x_uvision.o(HEAP), (0 bytes).
    Removing ti_msp_dl_config.o(.text), (0 bytes).
    Removing ti_msp_dl_config.o(.ARM.exidx.text.SYSCFG_DL_init), (8 bytes).
    Removing ti_msp_dl_config.o(.ARM.exidx.text.SYSCFG_DL_initPower), (8 bytes).
    Removing ti_msp_dl_config.o(.ARM.exidx.text.SYSCFG_DL_GPIO_init), (8 bytes).
    Removing ti_msp_dl_config.o(.ARM.exidx.text.SYSCFG_DL_SYSCTL_init), (8 bytes).
    Removing ti_msp_dl_config.o(.ARM.exidx.text.SYSCFG_DL_M_PWM_init), (8 bytes).
    Removing ti_msp_dl_config.o(.ARM.exidx.text.SYSCFG_DL_SERVO_init), (8 bytes).
    Removing ti_msp_dl_config.o(.ARM.exidx.text.SYSCFG_DL_TIMER_INT_init), (8 bytes).
    Removing ti_msp_dl_config.o(.ARM.exidx.text.SYSCFG_DL_I2C_1_init), (8 bytes).
    Removing ti_msp_dl_config.o(.ARM.exidx.text.SYSCFG_DL_UART_2_init), (8 bytes).
    Removing ti_msp_dl_config.o(.ARM.exidx.text.SYSCFG_DL_UART_1_init), (8 bytes).
    Removing ti_msp_dl_config.o(.ARM.exidx.text.SYSCFG_DL_UART_4_init), (8 bytes).
    Removing ti_msp_dl_config.o(.ARM.exidx.text.SYSCFG_DL_UART_3_init), (8 bytes).
    Removing ti_msp_dl_config.o(.ARM.exidx.text.SYSCFG_DL_DMA_init), (8 bytes).
    Removing ti_msp_dl_config.o(.text.SYSCFG_DL_saveConfiguration), (60 bytes).
    Removing ti_msp_dl_config.o(.ARM.exidx.text.SYSCFG_DL_saveConfiguration), (8 bytes).
    Removing ti_msp_dl_config.o(.text.SYSCFG_DL_restoreConfiguration), (68 bytes).
    Removing ti_msp_dl_config.o(.ARM.exidx.text.SYSCFG_DL_restoreConfiguration), (8 bytes).
    Removing ti_msp_dl_config.o(.ARM.exidx.text.SYSCFG_DL_DMA_CH2_init), (8 bytes).
    Removing ti_msp_dl_config.o(.ARM.exidx.text.SYSCFG_DL_DMA_CH1_init), (8 bytes).
    Removing ti_msp_dl_config.o(.ARM.exidx.text.SYSCFG_DL_DMA_CH4_init), (8 bytes).
    Removing ti_msp_dl_config.o(.ARM.exidx.text.SYSCFG_DL_DMA_CH3_init), (8 bytes).
    Removing printto.o(.text), (0 bytes).
    Removing printto.o(.ARM.exidx.text.printTo), (8 bytes).
    Removing encounter.o(.text), (0 bytes).
    Removing encounter.o(.ARM.exidx.text.init_encounter), (8 bytes).
    Removing encounter.o(.text.M1_CH2_getValue), (16 bytes).
    Removing encounter.o(.ARM.exidx.text.M1_CH2_getValue), (8 bytes).
    Removing encounter.o(.text.M2_CH2_getValue), (16 bytes).
    Removing encounter.o(.ARM.exidx.text.M2_CH2_getValue), (8 bytes).
    Removing encounter.o(.text.M3_CH2_getValue), (16 bytes).
    Removing encounter.o(.ARM.exidx.text.M3_CH2_getValue), (8 bytes).
    Removing encounter.o(.text.M4_CH2_getValue), (16 bytes).
    Removing encounter.o(.ARM.exidx.text.M4_CH2_getValue), (8 bytes).
    Removing encounter.o(.ARM.exidx.text.M1_CH1_INT), (8 bytes).
    Removing encounter.o(.ARM.exidx.text.M2_CH1_INT), (8 bytes).
    Removing encounter.o(.ARM.exidx.text.M3_CH1_INT), (8 bytes).
    Removing encounter.o(.ARM.exidx.text.M4_CH1_INT), (8 bytes).
    Removing motor.o(.text), (0 bytes).
    Removing motor.o(.text.init_PID), (104 bytes).
    Removing motor.o(.ARM.exidx.text.init_PID), (8 bytes).
    Removing motor.o(.text.get_speed), (56 bytes).
    Removing motor.o(.ARM.exidx.text.get_speed), (8 bytes).
    Removing motor.o(.text.set_direction), (188 bytes).
    Removing motor.o(.ARM.exidx.text.set_direction), (8 bytes).
    Removing motor.o(.text.abs), (8 bytes).
    Removing motor.o(.ARM.exidx.text.abs), (8 bytes).
    Removing motor.o(.text.set_confine), (28 bytes).
    Removing motor.o(.ARM.exidx.text.set_confine), (8 bytes).
    Removing motor.o(.text.pid_keep_speed), (504 bytes).
    Removing motor.o(.ARM.exidx.text.pid_keep_speed), (8 bytes).
    Removing motor.o(.bss.M_F_L_PID), (184 bytes).
    Removing motor.o(.bss.M_F_R_PID), (184 bytes).
    Removing motor.o(.bss.M_B_L_PID), (184 bytes).
    Removing motor.o(.bss.M_B_R_PID), (184 bytes).
    Removing motor.o(.bss.M_F_L_P), (4 bytes).
    Removing motor.o(.bss.M_F_R_P), (4 bytes).
    Removing motor.o(.bss.M_B_L_P), (4 bytes).
    Removing motor.o(.bss.M_B_R_P), (4 bytes).
    Removing control-center.o(.text), (0 bytes).
    Removing control-center.o(.bss.M_F_L_cur), (4 bytes).
    Removing control-center.o(.bss.M_F_R_cur), (4 bytes).
    Removing control-center.o(.bss.M_B_L_cur), (4 bytes).
    Removing control-center.o(.bss.M_B_R_cur), (4 bytes).
    Removing control-center.o(.bss.M_B_L_tar), (4 bytes).
    Removing control-center.o(.bss.M_B_R_tar), (4 bytes).
    Removing pid.o(.text), (0 bytes).
    Removing pid.o(.text.pid_init), (40 bytes).
    Removing pid.o(.ARM.exidx.text.pid_init), (8 bytes).
    Removing pid.o(.text.pid_compute), (176 bytes).
    Removing pid.o(.ARM.exidx.text.pid_compute), (8 bytes).
    Removing servo.o(.text), (0 bytes).
    Removing servo.o(.text.servo_set_angle), (144 bytes).
    Removing servo.o(.ARM.exidx.text.servo_set_angle), (8 bytes).
    Removing dl_common.o(.text), (0 bytes).
    Removing dl_common.o(.ARM.exidx.text.DL_Common_delayCycles), (8 bytes).
    Removing dl_dma.o(.text), (0 bytes).
    Removing dl_dma.o(.ARM.exidx.text.DL_DMA_initChannel), (8 bytes).
    Removing dl_dma.o(.ARM.exidx.text.DL_DMA_configTransfer), (8 bytes).
    Removing dl_dma.o(.ARM.exidx.text.DL_DMA_setTrigger), (8 bytes).
    Removing dl_dma.o(.ARM.exidx.text.DL_Common_updateReg), (8 bytes).
    Removing dl_i2c.o(.text), (0 bytes).
    Removing dl_i2c.o(.ARM.exidx.text.DL_I2C_setClockConfig), (8 bytes).
    Removing dl_i2c.o(.ARM.exidx.text.DL_Common_updateReg), (8 bytes).
    Removing dl_i2c.o(.text.DL_I2C_getClockConfig), (52 bytes).
    Removing dl_i2c.o(.ARM.exidx.text.DL_I2C_getClockConfig), (8 bytes).
    Removing dl_i2c.o(.text.DL_I2C_fillControllerTXFIFO), (86 bytes).
    Removing dl_i2c.o(.ARM.exidx.text.DL_I2C_fillControllerTXFIFO), (8 bytes).
    Removing dl_i2c.o(.text.DL_I2C_isControllerTXFIFOFull), (28 bytes).
    Removing dl_i2c.o(.ARM.exidx.text.DL_I2C_isControllerTXFIFOFull), (8 bytes).
    Removing dl_i2c.o(.text.DL_I2C_transmitControllerData), (24 bytes).
    Removing dl_i2c.o(.ARM.exidx.text.DL_I2C_transmitControllerData), (8 bytes).
    Removing dl_i2c.o(.text.DL_I2C_flushControllerTXFIFO), (38 bytes).
    Removing dl_i2c.o(.ARM.exidx.text.DL_I2C_flushControllerTXFIFO), (8 bytes).
    Removing dl_i2c.o(.text.DL_I2C_startFlushControllerTXFIFO), (24 bytes).
    Removing dl_i2c.o(.ARM.exidx.text.DL_I2C_startFlushControllerTXFIFO), (8 bytes).
    Removing dl_i2c.o(.text.DL_I2C_isControllerTXFIFOEmpty), (36 bytes).
    Removing dl_i2c.o(.ARM.exidx.text.DL_I2C_isControllerTXFIFOEmpty), (8 bytes).
    Removing dl_i2c.o(.text.DL_I2C_stopFlushControllerTXFIFO), (24 bytes).
    Removing dl_i2c.o(.ARM.exidx.text.DL_I2C_stopFlushControllerTXFIFO), (8 bytes).
    Removing dl_i2c.o(.text.DL_I2C_flushControllerRXFIFO), (38 bytes).
    Removing dl_i2c.o(.ARM.exidx.text.DL_I2C_flushControllerRXFIFO), (8 bytes).
    Removing dl_i2c.o(.text.DL_I2C_startFlushControllerRXFIFO), (28 bytes).
    Removing dl_i2c.o(.ARM.exidx.text.DL_I2C_startFlushControllerRXFIFO), (8 bytes).
    Removing dl_i2c.o(.text.DL_I2C_isControllerRXFIFOEmpty), (28 bytes).
    Removing dl_i2c.o(.ARM.exidx.text.DL_I2C_isControllerRXFIFOEmpty), (8 bytes).
    Removing dl_i2c.o(.text.DL_I2C_stopFlushControllerRXFIFO), (28 bytes).
    Removing dl_i2c.o(.ARM.exidx.text.DL_I2C_stopFlushControllerRXFIFO), (8 bytes).
    Removing dl_i2c.o(.text.DL_I2C_fillTargetTXFIFO), (86 bytes).
    Removing dl_i2c.o(.ARM.exidx.text.DL_I2C_fillTargetTXFIFO), (8 bytes).
    Removing dl_i2c.o(.text.DL_I2C_isTargetTXFIFOFull), (28 bytes).
    Removing dl_i2c.o(.ARM.exidx.text.DL_I2C_isTargetTXFIFOFull), (8 bytes).
    Removing dl_i2c.o(.text.DL_I2C_transmitTargetData), (28 bytes).
    Removing dl_i2c.o(.ARM.exidx.text.DL_I2C_transmitTargetData), (8 bytes).
    Removing dl_i2c.o(.text.DL_I2C_flushTargetTXFIFO), (38 bytes).
    Removing dl_i2c.o(.ARM.exidx.text.DL_I2C_flushTargetTXFIFO), (8 bytes).
    Removing dl_i2c.o(.text.DL_I2C_startFlushTargetTXFIFO), (24 bytes).
    Removing dl_i2c.o(.ARM.exidx.text.DL_I2C_startFlushTargetTXFIFO), (8 bytes).
    Removing dl_i2c.o(.text.DL_I2C_isTargetTXFIFOEmpty), (36 bytes).
    Removing dl_i2c.o(.ARM.exidx.text.DL_I2C_isTargetTXFIFOEmpty), (8 bytes).
    Removing dl_i2c.o(.text.DL_I2C_stopFlushTargetTXFIFO), (24 bytes).
    Removing dl_i2c.o(.ARM.exidx.text.DL_I2C_stopFlushTargetTXFIFO), (8 bytes).
    Removing dl_i2c.o(.text.DL_I2C_flushTargetRXFIFO), (38 bytes).
    Removing dl_i2c.o(.ARM.exidx.text.DL_I2C_flushTargetRXFIFO), (8 bytes).
    Removing dl_i2c.o(.text.DL_I2C_startFlushTargetRXFIFO), (28 bytes).
    Removing dl_i2c.o(.ARM.exidx.text.DL_I2C_startFlushTargetRXFIFO), (8 bytes).
    Removing dl_i2c.o(.text.DL_I2C_isTargetRXFIFOEmpty), (28 bytes).
    Removing dl_i2c.o(.ARM.exidx.text.DL_I2C_isTargetRXFIFOEmpty), (8 bytes).
    Removing dl_i2c.o(.text.DL_I2C_stopFlushTargetRXFIFO), (28 bytes).
    Removing dl_i2c.o(.ARM.exidx.text.DL_I2C_stopFlushTargetRXFIFO), (8 bytes).
    Removing dl_i2c.o(.text.DL_I2C_transmitTargetDataBlocking), (46 bytes).
    Removing dl_i2c.o(.ARM.exidx.text.DL_I2C_transmitTargetDataBlocking), (8 bytes).
    Removing dl_i2c.o(.text.DL_I2C_getTargetStatus), (20 bytes).
    Removing dl_i2c.o(.ARM.exidx.text.DL_I2C_getTargetStatus), (8 bytes).
    Removing dl_i2c.o(.text.DL_I2C_transmitTargetDataCheck), (64 bytes).
    Removing dl_i2c.o(.ARM.exidx.text.DL_I2C_transmitTargetDataCheck), (8 bytes).
    Removing dl_i2c.o(.text.DL_I2C_receiveTargetDataBlocking), (34 bytes).
    Removing dl_i2c.o(.ARM.exidx.text.DL_I2C_receiveTargetDataBlocking), (8 bytes).
    Removing dl_i2c.o(.text.DL_I2C_receiveTargetData), (18 bytes).
    Removing dl_i2c.o(.ARM.exidx.text.DL_I2C_receiveTargetData), (8 bytes).
    Removing dl_i2c.o(.text.DL_I2C_receiveTargetDataCheck), (58 bytes).
    Removing dl_i2c.o(.ARM.exidx.text.DL_I2C_receiveTargetDataCheck), (8 bytes).
    Removing dl_timer.o(.text), (0 bytes).
    Removing dl_timer.o(.ARM.exidx.text.DL_Timer_setClockConfig), (8 bytes).
    Removing dl_timer.o(.text.DL_Timer_getClockConfig), (52 bytes).
    Removing dl_timer.o(.ARM.exidx.text.DL_Timer_getClockConfig), (8 bytes).
    Removing dl_timer.o(.ARM.exidx.text.DL_Timer_initTimerMode), (8 bytes).
    Removing dl_timer.o(.ARM.exidx.text.DL_Timer_setLoadValue), (8 bytes).
    Removing dl_timer.o(.ARM.exidx.text.DL_Timer_setCounterValueAfterEnable), (8 bytes).
    Removing dl_timer.o(.ARM.exidx.text.DL_Timer_setCaptureCompareValue), (8 bytes).
    Removing dl_timer.o(.ARM.exidx.text.DL_Timer_setCaptureCompareCtl), (8 bytes).
    Removing dl_timer.o(.text.DL_Timer_initCaptureMode), (316 bytes).
    Removing dl_timer.o(.ARM.exidx.text.DL_Timer_initCaptureMode), (8 bytes).
    Removing dl_timer.o(.text.DL_Timer_getInChanConfig), (138 bytes).
    Removing dl_timer.o(.ARM.exidx.text.DL_Timer_getInChanConfig), (8 bytes).
    Removing dl_timer.o(.ARM.exidx.text.DL_Timer_setCaptureCompareInput), (8 bytes).
    Removing dl_timer.o(.text.DL_Timer_setCCPDirection), (20 bytes).
    Removing dl_timer.o(.ARM.exidx.text.DL_Timer_setCCPDirection), (8 bytes).
    Removing dl_timer.o(.ARM.exidx.text.DL_Common_updateReg), (8 bytes).
    Removing dl_timer.o(.text.DL_Timer_initCaptureTriggerMode), (188 bytes).
    Removing dl_timer.o(.ARM.exidx.text.DL_Timer_initCaptureTriggerMode), (8 bytes).
    Removing dl_timer.o(.text.DL_Timer_initCaptureCombinedMode), (180 bytes).
    Removing dl_timer.o(.ARM.exidx.text.DL_Timer_initCaptureCombinedMode), (8 bytes).
    Removing dl_timer.o(.text.DL_Timer_getInChanPairConfig), (70 bytes).
    Removing dl_timer.o(.ARM.exidx.text.DL_Timer_getInChanPairConfig), (8 bytes).
    Removing dl_timer.o(.text.DL_Timer_initCompareMode), (184 bytes).
    Removing dl_timer.o(.ARM.exidx.text.DL_Timer_initCompareMode), (8 bytes).
    Removing dl_timer.o(.text.DL_Timer_initCompareTriggerMode), (156 bytes).
    Removing dl_timer.o(.ARM.exidx.text.DL_Timer_initCompareTriggerMode), (8 bytes).
    Removing dl_timer.o(.ARM.exidx.text.DL_Timer_initPWMMode), (8 bytes).
    Removing dl_timer.o(.ARM.exidx.text.DL_Timer_setCaptureCompareAction), (8 bytes).
    Removing dl_timer.o(.ARM.exidx.text.DL_Timer_setCaptureCompareOutCtl), (8 bytes).
    Removing dl_timer.o(.text.DL_Timer_getCaptureCompareValue), (40 bytes).
    Removing dl_timer.o(.ARM.exidx.text.DL_Timer_getCaptureCompareValue), (8 bytes).
    Removing dl_timer.o(.text.DL_Timer_getCaptureCompareCtl), (48 bytes).
    Removing dl_timer.o(.ARM.exidx.text.DL_Timer_getCaptureCompareCtl), (8 bytes).
    Removing dl_timer.o(.text.DL_Timer_setSecondCompSrcDn), (56 bytes).
    Removing dl_timer.o(.ARM.exidx.text.DL_Timer_setSecondCompSrcDn), (8 bytes).
    Removing dl_timer.o(.text.DL_Timer_getSecondCompSrcDn), (52 bytes).
    Removing dl_timer.o(.ARM.exidx.text.DL_Timer_getSecondCompSrcDn), (8 bytes).
    Removing dl_timer.o(.text.DL_Timer_setSecondCompSrcUp), (56 bytes).
    Removing dl_timer.o(.ARM.exidx.text.DL_Timer_setSecondCompSrcUp), (8 bytes).
    Removing dl_timer.o(.text.DL_Timer_getSecondCompSrcUp), (52 bytes).
    Removing dl_timer.o(.ARM.exidx.text.DL_Timer_getSecondCompSrcUp), (8 bytes).
    Removing dl_timer.o(.text.DL_Timer_setSecondCompActionDn), (68 bytes).
    Removing dl_timer.o(.ARM.exidx.text.DL_Timer_setSecondCompActionDn), (8 bytes).
    Removing dl_timer.o(.text.DL_Timer_getSecondCompActionDn), (52 bytes).
    Removing dl_timer.o(.ARM.exidx.text.DL_Timer_getSecondCompActionDn), (8 bytes).
    Removing dl_timer.o(.text.DL_Timer_setSecondCompActionUp), (56 bytes).
    Removing dl_timer.o(.ARM.exidx.text.DL_Timer_setSecondCompActionUp), (8 bytes).
    Removing dl_timer.o(.text.DL_Timer_getSecondCompActionUp), (52 bytes).
    Removing dl_timer.o(.ARM.exidx.text.DL_Timer_getSecondCompActionUp), (8 bytes).
    Removing dl_timer.o(.text.DL_Timer_enableSuppressionOfCompEvent), (48 bytes).
    Removing dl_timer.o(.ARM.exidx.text.DL_Timer_enableSuppressionOfCompEvent), (8 bytes).
    Removing dl_timer.o(.text.DL_Timer_disableSuppressionOfCompEvent), (48 bytes).
    Removing dl_timer.o(.ARM.exidx.text.DL_Timer_disableSuppressionOfCompEvent), (8 bytes).
    Removing dl_timer.o(.ARM.exidx.text.DL_Timer_setCaptCompUpdateMethod), (8 bytes).
    Removing dl_timer.o(.text.DL_Timer_getCaptCompUpdateMethod), (52 bytes).
    Removing dl_timer.o(.ARM.exidx.text.DL_Timer_getCaptCompUpdateMethod), (8 bytes).
    Removing dl_timer.o(.text.DL_Timer_getCaptureCompareOutCtl), (40 bytes).
    Removing dl_timer.o(.ARM.exidx.text.DL_Timer_getCaptureCompareOutCtl), (8 bytes).
    Removing dl_timer.o(.text.DL_Timer_getCaptureCompareAction), (48 bytes).
    Removing dl_timer.o(.ARM.exidx.text.DL_Timer_getCaptureCompareAction), (8 bytes).
    Removing dl_timer.o(.text.DL_Timer_overrideCCPOut), (60 bytes).
    Removing dl_timer.o(.ARM.exidx.text.DL_Timer_overrideCCPOut), (8 bytes).
    Removing dl_timer.o(.text.DL_Timer_getCaptureCompareInput), (42 bytes).
    Removing dl_timer.o(.ARM.exidx.text.DL_Timer_getCaptureCompareInput), (8 bytes).
    Removing dl_timer.o(.text.DL_Timer_setCaptureCompareInputFilter), (58 bytes).
    Removing dl_timer.o(.ARM.exidx.text.DL_Timer_setCaptureCompareInputFilter), (8 bytes).
    Removing dl_timer.o(.text.DL_Timer_getCaptureCompareInputFilter), (44 bytes).
    Removing dl_timer.o(.ARM.exidx.text.DL_Timer_getCaptureCompareInputFilter), (8 bytes).
    Removing dl_timer.o(.text.DL_Timer_enableCaptureCompareInputFilter), (46 bytes).
    Removing dl_timer.o(.ARM.exidx.text.DL_Timer_enableCaptureCompareInputFilter), (8 bytes).
    Removing dl_timer.o(.text.DL_Timer_disableCaptureCompareInputFilter), (46 bytes).
    Removing dl_timer.o(.ARM.exidx.text.DL_Timer_disableCaptureCompareInputFilter), (8 bytes).
    Removing dl_timer.o(.text.DL_Timer_isCaptureCompareInputFilterEnabled), (46 bytes).
    Removing dl_timer.o(.ARM.exidx.text.DL_Timer_isCaptureCompareInputFilterEnabled), (8 bytes).
    Removing dl_timer.o(.text.DL_Timer_saveConfiguration), (444 bytes).
    Removing dl_timer.o(.ARM.exidx.text.DL_Timer_saveConfiguration), (8 bytes).
    Removing dl_timer.o(.text.DL_Timer_restoreConfiguration), (484 bytes).
    Removing dl_timer.o(.ARM.exidx.text.DL_Timer_restoreConfiguration), (8 bytes).
    Removing dl_timer.o(.ARM.exidx.text.DL_TimerA_initPWMMode), (8 bytes).
    Removing dl_timer.o(.text.DL_Timer_setFaultSourceConfig), (52 bytes).
    Removing dl_timer.o(.ARM.exidx.text.DL_Timer_setFaultSourceConfig), (8 bytes).
    Removing dl_timer.o(.text.DL_Timer_getFaultSourceConfig), (48 bytes).
    Removing dl_timer.o(.ARM.exidx.text.DL_Timer_getFaultSourceConfig), (8 bytes).
    Removing dl_timer.o(.text.DL_TimerA_saveConfiguration), (676 bytes).
    Removing dl_timer.o(.ARM.exidx.text.DL_TimerA_saveConfiguration), (8 bytes).
    Removing dl_timer.o(.text.DL_TimerA_restoreConfiguration), (700 bytes).
    Removing dl_timer.o(.ARM.exidx.text.DL_TimerA_restoreConfiguration), (8 bytes).
    Removing dl_timer.o(.text.DL_Timer_configQEIHallInputMode), (64 bytes).
    Removing dl_timer.o(.ARM.exidx.text.DL_Timer_configQEIHallInputMode), (8 bytes).
    Removing dl_uart.o(.text), (0 bytes).
    Removing dl_uart.o(.ARM.exidx.text.DL_UART_init), (8 bytes).
    Removing dl_uart.o(.ARM.exidx.text.DL_UART_disable), (8 bytes).
    Removing dl_uart.o(.ARM.exidx.text.DL_Common_updateReg), (8 bytes).
    Removing dl_uart.o(.ARM.exidx.text.DL_UART_setClockConfig), (8 bytes).
    Removing dl_uart.o(.text.DL_UART_getClockConfig), (36 bytes).
    Removing dl_uart.o(.ARM.exidx.text.DL_UART_getClockConfig), (8 bytes).
    Removing dl_uart.o(.text.DL_UART_configBaudRate), (150 bytes).
    Removing dl_uart.o(.ARM.exidx.text.DL_UART_configBaudRate), (8 bytes).
    Removing dl_uart.o(.text.DL_UART_setOversampling), (30 bytes).
    Removing dl_uart.o(.ARM.exidx.text.DL_UART_setOversampling), (8 bytes).
    Removing dl_uart.o(.text.DL_UART_setBaudRateDivisor), (88 bytes).
    Removing dl_uart.o(.ARM.exidx.text.DL_UART_setBaudRateDivisor), (8 bytes).
    Removing dl_uart.o(.text.DL_UART_configIrDAMode), (76 bytes).
    Removing dl_uart.o(.ARM.exidx.text.DL_UART_configIrDAMode), (8 bytes).
    Removing dl_uart.o(.text.DL_UART_setIrDAPulseLength), (76 bytes).
    Removing dl_uart.o(.ARM.exidx.text.DL_UART_setIrDAPulseLength), (8 bytes).
    Removing dl_uart.o(.text.DL_UART_receiveDataBlocking), (32 bytes).
    Removing dl_uart.o(.ARM.exidx.text.DL_UART_receiveDataBlocking), (8 bytes).
    Removing dl_uart.o(.text.DL_UART_isRXFIFOEmpty), (24 bytes).
    Removing dl_uart.o(.ARM.exidx.text.DL_UART_isRXFIFOEmpty), (8 bytes).
    Removing dl_uart.o(.text.DL_UART_receiveData), (20 bytes).
    Removing dl_uart.o(.ARM.exidx.text.DL_UART_receiveData), (8 bytes).
    Removing dl_uart.o(.text.DL_UART_transmitDataBlocking), (42 bytes).
    Removing dl_uart.o(.ARM.exidx.text.DL_UART_transmitDataBlocking), (8 bytes).
    Removing dl_uart.o(.text.DL_UART_isTXFIFOFull), (24 bytes).
    Removing dl_uart.o(.ARM.exidx.text.DL_UART_isTXFIFOFull), (8 bytes).
    Removing dl_uart.o(.text.DL_UART_transmitData), (24 bytes).
    Removing dl_uart.o(.ARM.exidx.text.DL_UART_transmitData), (8 bytes).
    Removing dl_uart.o(.text.DL_UART_receiveDataCheck), (58 bytes).
    Removing dl_uart.o(.ARM.exidx.text.DL_UART_receiveDataCheck), (8 bytes).
    Removing dl_uart.o(.text.DL_UART_transmitDataCheck), (64 bytes).
    Removing dl_uart.o(.ARM.exidx.text.DL_UART_transmitDataCheck), (8 bytes).
    Removing dl_uart.o(.text.DL_UART_drainRXFIFO), (70 bytes).
    Removing dl_uart.o(.ARM.exidx.text.DL_UART_drainRXFIFO), (8 bytes).
    Removing dl_uart.o(.text.DL_UART_fillTXFIFO), (70 bytes).
    Removing dl_uart.o(.ARM.exidx.text.DL_UART_fillTXFIFO), (8 bytes).
    Removing dl_uart.o(.text.DL_UART_Main_saveConfiguration), (200 bytes).
    Removing dl_uart.o(.ARM.exidx.text.DL_UART_Main_saveConfiguration), (8 bytes).
    Removing dl_uart.o(.text.DL_UART_Main_restoreConfiguration), (228 bytes).
    Removing dl_uart.o(.ARM.exidx.text.DL_UART_Main_restoreConfiguration), (8 bytes).
    Removing dl_uart.o(.text.DL_UART_enable), (22 bytes).
    Removing dl_uart.o(.ARM.exidx.text.DL_UART_enable), (8 bytes).
    Removing dl_uart.o(.text.DL_UART_Extend_saveConfiguration), (256 bytes).
    Removing dl_uart.o(.ARM.exidx.text.DL_UART_Extend_saveConfiguration), (8 bytes).
    Removing dl_uart.o(.text.DL_UART_Extend_restoreConfiguration), (276 bytes).
    Removing dl_uart.o(.ARM.exidx.text.DL_UART_Extend_restoreConfiguration), (8 bytes).
    Removing fadd.o(.text), (178 bytes).
    Removing fmul.o(.text), (122 bytes).
    Removing fdiv.o(.text), (124 bytes).
    Removing fflti.o(.text), (22 bytes).
    Removing ffltui.o(.text), (14 bytes).
    Removing ffixi.o(.text), (50 bytes).
    Removing dfixi.o(.text), (72 bytes).
    Removing f2d.o(.text), (40 bytes).
    Removing fepilogue.o(.text), (130 bytes).

294 unused section(s) (total 12004 bytes) removed from the image.

==============================================================================

Image Symbol Table

    Local Symbols

    Symbol Name                              Value     Ov Type        Size  Object(Section)

    ../clib/division.s                       0x00000000   Number         0  aeabi_sdivfast.o ABSOLUTE
    ../clib/division.s                       0x00000000   Number         0  aeabi_sdivfast_div0.o ABSOLUTE
    ../clib/microlib/division.c              0x00000000   Number         0  uidiv.o ABSOLUTE
    ../clib/microlib/division.c              0x00000000   Number         0  uidiv_div0.o ABSOLUTE
    ../clib/microlib/division.c              0x00000000   Number         0  idiv_div0.o ABSOLUTE
    ../clib/microlib/division.c              0x00000000   Number         0  idiv0.o ABSOLUTE
    ../clib/microlib/division.c              0x00000000   Number         0  uldiv.o ABSOLUTE
    ../clib/microlib/init/entry.s            0x00000000   Number         0  entry.o ABSOLUTE
    ../clib/microlib/init/entry.s            0x00000000   Number         0  entry2.o ABSOLUTE
    ../clib/microlib/init/entry.s            0x00000000   Number         0  entry5.o ABSOLUTE
    ../clib/microlib/init/entry.s            0x00000000   Number         0  entry7a.o ABSOLUTE
    ../clib/microlib/init/entry.s            0x00000000   Number         0  entry7b.o ABSOLUTE
    ../clib/microlib/init/entry.s            0x00000000   Number         0  entry8a.o ABSOLUTE
    ../clib/microlib/init/entry.s            0x00000000   Number         0  entry8b.o ABSOLUTE
    ../clib/microlib/init/entry.s            0x00000000   Number         0  entry9a.o ABSOLUTE
    ../clib/microlib/init/entry.s            0x00000000   Number         0  entry9b.o ABSOLUTE
    ../clib/microlib/init/entry.s            0x00000000   Number         0  entry10a.o ABSOLUTE
    ../clib/microlib/init/entry.s            0x00000000   Number         0  entry10b.o ABSOLUTE
    ../clib/microlib/init/entry.s            0x00000000   Number         0  entry11a.o ABSOLUTE
    ../clib/microlib/init/entry.s            0x00000000   Number         0  entry11b.o ABSOLUTE
    ../clib/microlib/longlong.c              0x00000000   Number         0  llshl.o ABSOLUTE
    ../clib/microlib/longlong.c              0x00000000   Number         0  llushr.o ABSOLUTE
    ../clib/microlib/longlong.c              0x00000000   Number         0  llsshr.o ABSOLUTE
    ../clib/microlib/printf/printf.c         0x00000000   Number         0  printfa.o ABSOLUTE
    ../clib/microlib/stdio/fputc.c           0x00000000   Number         0  fputc.o ABSOLUTE
    ../clib/microlib/stdio/fputc.c           0x00000000   Number         0  fputc_h.o ABSOLUTE
    ../clib/microlib/stdio/semi.s            0x00000000   Number         0  semi.o ABSOLUTE
    ../clib/microlib/stdio/streams.c         0x00000000   Number         0  stdout.o ABSOLUTE
    ../clib/microlib/string/memset.c         0x00000000   Number         0  memseta.o ABSOLUTE
    ../clib/microlib/stubs.s                 0x00000000   Number         0  iusefp.o ABSOLUTE
    ../clib/microlib/stubs.s                 0x00000000   Number         0  iusesemip.o ABSOLUTE
    ../fplib/microlib/f2d.c                  0x00000000   Number         0  f2d.o ABSOLUTE
    ../fplib/microlib/fpadd.c                0x00000000   Number         0  fadd.o ABSOLUTE
    ../fplib/microlib/fpadd.c                0x00000000   Number         0  dadd.o ABSOLUTE
    ../fplib/microlib/fpdiv.c                0x00000000   Number         0  fdiv.o ABSOLUTE
    ../fplib/microlib/fpdiv.c                0x00000000   Number         0  ddiv.o ABSOLUTE
    ../fplib/microlib/fpepilogue.c           0x00000000   Number         0  fepilogue.o ABSOLUTE
    ../fplib/microlib/fpepilogue.c           0x00000000   Number         0  depilogue.o ABSOLUTE
    ../fplib/microlib/fpfix.c                0x00000000   Number         0  ffixi.o ABSOLUTE
    ../fplib/microlib/fpfix.c                0x00000000   Number         0  dfixi.o ABSOLUTE
    ../fplib/microlib/fpfix.c                0x00000000   Number         0  dfixul.o ABSOLUTE
    ../fplib/microlib/fpflt.c                0x00000000   Number         0  fflti.o ABSOLUTE
    ../fplib/microlib/fpflt.c                0x00000000   Number         0  ffltui.o ABSOLUTE
    ../fplib/microlib/fpmul.c                0x00000000   Number         0  fmul.o ABSOLUTE
    ../fplib/microlib/fpmul.c                0x00000000   Number         0  dmul.o ABSOLUTE
    cdrcmple.s                               0x00000000   Number         0  cdrcmple.o ABSOLUTE
    control-center.c                         0x00000000   Number         0  control-center.o ABSOLUTE
    dc.s                                     0x00000000   Number         0  dc.o ABSOLUTE
    dl_common.c                              0x00000000   Number         0  dl_common.o ABSOLUTE
    dl_dma.c                                 0x00000000   Number         0  dl_dma.o ABSOLUTE
    dl_i2c.c                                 0x00000000   Number         0  dl_i2c.o ABSOLUTE
    dl_timer.c                               0x00000000   Number         0  dl_timer.o ABSOLUTE
    dl_uart.c                                0x00000000   Number         0  dl_uart.o ABSOLUTE
    empty.c                                  0x00000000   Number         0  empty.o ABSOLUTE
    encounter.c                              0x00000000   Number         0  encounter.o ABSOLUTE
    handlers.s                               0x00000000   Number         0  handlers.o ABSOLUTE
    init.s                                   0x00000000   Number         0  init.o ABSOLUTE
    motor.c                                  0x00000000   Number         0  motor.o ABSOLUTE
    pid.c                                    0x00000000   Number         0  pid.o ABSOLUTE
    printTo.c                                0x00000000   Number         0  printto.o ABSOLUTE
    servo.c                                  0x00000000   Number         0  servo.o ABSOLUTE
    startup_mspm0g350x_uvision.s             0x00000000   Number         0  startup_mspm0g350x_uvision.o ABSOLUTE
    ti_msp_dl_config.c                       0x00000000   Number         0  ti_msp_dl_config.o ABSOLUTE
    RESET                                    0x00000000   Section      192  startup_mspm0g350x_uvision.o(RESET)
    .ARM.Collect$$$$00000000                 0x000000c0   Section        0  entry.o(.ARM.Collect$$$$00000000)
    .ARM.Collect$$$$00000001                 0x000000c0   Section        4  entry2.o(.ARM.Collect$$$$00000001)
    .ARM.Collect$$$$00000004                 0x000000c4   Section        4  entry5.o(.ARM.Collect$$$$00000004)
    .ARM.Collect$$$$00000008                 0x000000c8   Section        0  entry7b.o(.ARM.Collect$$$$00000008)
    .ARM.Collect$$$$0000000A                 0x000000c8   Section        0  entry8b.o(.ARM.Collect$$$$0000000A)
    .ARM.Collect$$$$0000000B                 0x000000c8   Section        8  entry9a.o(.ARM.Collect$$$$0000000B)
    __lit__00000000                          0x000000d0   Data           4  entry2.o(.ARM.Collect$$$$00002712)
    .ARM.Collect$$$$0000000D                 0x000000d0   Section        0  entry10a.o(.ARM.Collect$$$$0000000D)
    .ARM.Collect$$$$0000000F                 0x000000d0   Section        0  entry11a.o(.ARM.Collect$$$$0000000F)
    .ARM.Collect$$$$00002712                 0x000000d0   Section        4  entry2.o(.ARM.Collect$$$$00002712)
    .text                                    0x000000d4   Section       20  startup_mspm0g350x_uvision.o(.text)
    .text                                    0x000000e8   Section        0  dadd.o(.text)
    .text                                    0x0000024c   Section        0  dmul.o(.text)
    .text                                    0x0000031c   Section        0  uidiv_div0.o(.text)
    .text                                    0x0000035a   Section        0  uldiv.o(.text)
    .text                                    0x000003ba   Section        0  llshl.o(.text)
    .text                                    0x000003da   Section        0  llushr.o(.text)
    .text                                    0x000003fc   Section        0  llsshr.o(.text)
    .text                                    0x00000422   Section        0  iusefp.o(.text)
    .text                                    0x00000422   Section        0  depilogue.o(.text)
    .text                                    0x000004e0   Section        0  ddiv.o(.text)
    .text                                    0x000005d0   Section        0  dfixul.o(.text)
    .text                                    0x00000610   Section       40  cdrcmple.o(.text)
    .text                                    0x00000638   Section       36  init.o(.text)
    [Anonymous Symbol]                       0x0000065c   Section        0  dl_common.o(.text.DL_Common_delayCycles)
    DL_Common_updateReg                      0x00000671   Thumb Code    40  dl_dma.o(.text.DL_Common_updateReg)
    [Anonymous Symbol]                       0x00000670   Section        0  dl_dma.o(.text.DL_Common_updateReg)
    DL_Common_updateReg                      0x00000699   Thumb Code    40  dl_i2c.o(.text.DL_Common_updateReg)
    [Anonymous Symbol]                       0x00000698   Section        0  dl_i2c.o(.text.DL_Common_updateReg)
    DL_Common_updateReg                      0x000006c1   Thumb Code    40  dl_timer.o(.text.DL_Common_updateReg)
    [Anonymous Symbol]                       0x000006c0   Section        0  dl_timer.o(.text.DL_Common_updateReg)
    DL_Common_updateReg                      0x000006e9   Thumb Code    40  dl_uart.o(.text.DL_Common_updateReg)
    [Anonymous Symbol]                       0x000006e8   Section        0  dl_uart.o(.text.DL_Common_updateReg)
    DL_DMA_configTransfer                    0x00000711   Thumb Code    84  dl_dma.o(.text.DL_DMA_configTransfer)
    [Anonymous Symbol]                       0x00000710   Section        0  dl_dma.o(.text.DL_DMA_configTransfer)
    [Anonymous Symbol]                       0x00000764   Section        0  dl_dma.o(.text.DL_DMA_initChannel)
    DL_DMA_setTrigger                        0x000007bd   Thumb Code    64  dl_dma.o(.text.DL_DMA_setTrigger)
    [Anonymous Symbol]                       0x000007bc   Section        0  dl_dma.o(.text.DL_DMA_setTrigger)
    __arm_cp.2_0                             0x000007f8   Number         4  dl_dma.o(.text.DL_DMA_setTrigger)
    [Anonymous Symbol]                       0x000007fc   Section        0  dl_i2c.o(.text.DL_I2C_setClockConfig)
    __arm_cp.0_0                             0x0000082c   Number         4  dl_i2c.o(.text.DL_I2C_setClockConfig)
    [Anonymous Symbol]                       0x00000830   Section        0  dl_timer.o(.text.DL_TimerA_initPWMMode)
    [Anonymous Symbol]                       0x00000920   Section        0  dl_timer.o(.text.DL_Timer_initPWMMode)
    __arm_cp.17_0                            0x00000a30   Number         4  dl_timer.o(.text.DL_Timer_initPWMMode)
    __arm_cp.17_2                            0x00000a34   Number         4  dl_timer.o(.text.DL_Timer_initPWMMode)
    [Anonymous Symbol]                       0x00000a38   Section        0  dl_timer.o(.text.DL_Timer_initTimerMode)
    [Anonymous Symbol]                       0x00000acc   Section        0  dl_timer.o(.text.DL_Timer_setCaptCompUpdateMethod)
    [Anonymous Symbol]                       0x00000b00   Section        0  dl_timer.o(.text.DL_Timer_setCaptureCompareAction)
    __arm_cp.18_0                            0x00000b30   Number         4  dl_timer.o(.text.DL_Timer_setCaptureCompareAction)
    __arm_cp.18_1                            0x00000b34   Number         4  dl_timer.o(.text.DL_Timer_setCaptureCompareAction)
    [Anonymous Symbol]                       0x00000b38   Section        0  dl_timer.o(.text.DL_Timer_setCaptureCompareCtl)
    __arm_cp.6_0                             0x00000b70   Number         4  dl_timer.o(.text.DL_Timer_setCaptureCompareCtl)
    __arm_cp.6_1                             0x00000b74   Number         4  dl_timer.o(.text.DL_Timer_setCaptureCompareCtl)
    [Anonymous Symbol]                       0x00000b78   Section        0  dl_timer.o(.text.DL_Timer_setCaptureCompareInput)
    [Anonymous Symbol]                       0x00000bb0   Section        0  dl_timer.o(.text.DL_Timer_setCaptureCompareOutCtl)
    __arm_cp.19_0                            0x00000be8   Number         4  dl_timer.o(.text.DL_Timer_setCaptureCompareOutCtl)
    [Anonymous Symbol]                       0x00000bec   Section        0  dl_timer.o(.text.DL_Timer_setCaptureCompareValue)
    __arm_cp.5_0                             0x00000c14   Number         4  dl_timer.o(.text.DL_Timer_setCaptureCompareValue)
    [Anonymous Symbol]                       0x00000c18   Section        0  dl_timer.o(.text.DL_Timer_setClockConfig)
    __arm_cp.0_1                             0x00000c44   Number         4  dl_timer.o(.text.DL_Timer_setClockConfig)
    DL_Timer_setCounterValueAfterEnable      0x00000c49   Thumb Code    32  dl_timer.o(.text.DL_Timer_setCounterValueAfterEnable)
    [Anonymous Symbol]                       0x00000c48   Section        0  dl_timer.o(.text.DL_Timer_setCounterValueAfterEnable)
    __arm_cp.4_0                             0x00000c64   Number         4  dl_timer.o(.text.DL_Timer_setCounterValueAfterEnable)
    DL_Timer_setLoadValue                    0x00000c69   Thumb Code    24  dl_timer.o(.text.DL_Timer_setLoadValue)
    [Anonymous Symbol]                       0x00000c68   Section        0  dl_timer.o(.text.DL_Timer_setLoadValue)
    __arm_cp.3_0                             0x00000c7c   Number         4  dl_timer.o(.text.DL_Timer_setLoadValue)
    DL_UART_disable                          0x00000c81   Thumb Code    22  dl_uart.o(.text.DL_UART_disable)
    [Anonymous Symbol]                       0x00000c80   Section        0  dl_uart.o(.text.DL_UART_disable)
    [Anonymous Symbol]                       0x00000c98   Section        0  dl_uart.o(.text.DL_UART_init)
    __arm_cp.0_0                             0x00000ce8   Number         4  dl_uart.o(.text.DL_UART_init)
    __arm_cp.0_1                             0x00000cec   Number         4  dl_uart.o(.text.DL_UART_init)
    [Anonymous Symbol]                       0x00000cf0   Section        0  dl_uart.o(.text.DL_UART_setClockConfig)
    __arm_cp.3_0                             0x00000d10   Number         4  dl_uart.o(.text.DL_UART_setClockConfig)
    [Anonymous Symbol]                       0x00000d14   Section        0  empty.o(.text.GROUP1_IRQHandler)
    __arm_cp.1_0                             0x00000d80   Number         4  empty.o(.text.GROUP1_IRQHandler)
    __arm_cp.1_1                             0x00000d84   Number         4  empty.o(.text.GROUP1_IRQHandler)
    [Anonymous Symbol]                       0x00000d88   Section        0  encounter.o(.text.M1_CH1_INT)
    __arm_cp.5_0                             0x00000da4   Number         4  encounter.o(.text.M1_CH1_INT)
    __arm_cp.5_1                             0x00000da8   Number         4  encounter.o(.text.M1_CH1_INT)
    [Anonymous Symbol]                       0x00000dac   Section        0  encounter.o(.text.M2_CH1_INT)
    __arm_cp.6_1                             0x00000dc8   Number         4  encounter.o(.text.M2_CH1_INT)
    [Anonymous Symbol]                       0x00000dcc   Section        0  encounter.o(.text.M3_CH1_INT)
    __arm_cp.7_1                             0x00000de8   Number         4  encounter.o(.text.M3_CH1_INT)
    [Anonymous Symbol]                       0x00000dec   Section        0  encounter.o(.text.M4_CH1_INT)
    __arm_cp.8_0                             0x00000e08   Number         4  encounter.o(.text.M4_CH1_INT)
    __arm_cp.8_1                             0x00000e0c   Number         4  encounter.o(.text.M4_CH1_INT)
    [Anonymous Symbol]                       0x00000e10   Section        0  ti_msp_dl_config.o(.text.SYSCFG_DL_DMA_CH1_init)
    __arm_cp.16_1                            0x00000e20   Number         4  ti_msp_dl_config.o(.text.SYSCFG_DL_DMA_CH1_init)
    [Anonymous Symbol]                       0x00000e24   Section        0  ti_msp_dl_config.o(.text.SYSCFG_DL_DMA_CH2_init)
    __arm_cp.15_1                            0x00000e34   Number         4  ti_msp_dl_config.o(.text.SYSCFG_DL_DMA_CH2_init)
    [Anonymous Symbol]                       0x00000e38   Section        0  ti_msp_dl_config.o(.text.SYSCFG_DL_DMA_CH3_init)
    __arm_cp.18_1                            0x00000e48   Number         4  ti_msp_dl_config.o(.text.SYSCFG_DL_DMA_CH3_init)
    [Anonymous Symbol]                       0x00000e4c   Section        0  ti_msp_dl_config.o(.text.SYSCFG_DL_DMA_CH4_init)
    __arm_cp.17_0                            0x00000e5c   Number         4  ti_msp_dl_config.o(.text.SYSCFG_DL_DMA_CH4_init)
    __arm_cp.17_1                            0x00000e60   Number         4  ti_msp_dl_config.o(.text.SYSCFG_DL_DMA_CH4_init)
    [Anonymous Symbol]                       0x00000e64   Section        0  ti_msp_dl_config.o(.text.SYSCFG_DL_DMA_init)
    [Anonymous Symbol]                       0x00000e78   Section        0  ti_msp_dl_config.o(.text.SYSCFG_DL_GPIO_init)
    __arm_cp.2_0                             0x00000f70   Number         4  ti_msp_dl_config.o(.text.SYSCFG_DL_GPIO_init)
    __arm_cp.2_1                             0x00000f74   Number         4  ti_msp_dl_config.o(.text.SYSCFG_DL_GPIO_init)
    __arm_cp.2_2                             0x00000f78   Number         4  ti_msp_dl_config.o(.text.SYSCFG_DL_GPIO_init)
    __arm_cp.2_3                             0x00000f7c   Number         4  ti_msp_dl_config.o(.text.SYSCFG_DL_GPIO_init)
    __arm_cp.2_4                             0x00000f80   Number         4  ti_msp_dl_config.o(.text.SYSCFG_DL_GPIO_init)
    __arm_cp.2_5                             0x00000f84   Number         4  ti_msp_dl_config.o(.text.SYSCFG_DL_GPIO_init)
    __arm_cp.2_6                             0x00000f88   Number         4  ti_msp_dl_config.o(.text.SYSCFG_DL_GPIO_init)
    __arm_cp.2_7                             0x00000f8c   Number         4  ti_msp_dl_config.o(.text.SYSCFG_DL_GPIO_init)
    __arm_cp.2_8                             0x00000f90   Number         4  ti_msp_dl_config.o(.text.SYSCFG_DL_GPIO_init)
    __arm_cp.2_9                             0x00000f94   Number         4  ti_msp_dl_config.o(.text.SYSCFG_DL_GPIO_init)
    __arm_cp.2_10                            0x00000f98   Number         4  ti_msp_dl_config.o(.text.SYSCFG_DL_GPIO_init)
    __arm_cp.2_11                            0x00000f9c   Number         4  ti_msp_dl_config.o(.text.SYSCFG_DL_GPIO_init)
    __arm_cp.2_12                            0x00000fa0   Number         4  ti_msp_dl_config.o(.text.SYSCFG_DL_GPIO_init)
    [Anonymous Symbol]                       0x00000fa4   Section        0  ti_msp_dl_config.o(.text.SYSCFG_DL_I2C_1_init)
    __arm_cp.7_0                             0x00000fc8   Number         4  ti_msp_dl_config.o(.text.SYSCFG_DL_I2C_1_init)
    __arm_cp.7_1                             0x00000fcc   Number         4  ti_msp_dl_config.o(.text.SYSCFG_DL_I2C_1_init)
    __arm_cp.7_2                             0x00000fd0   Number         4  ti_msp_dl_config.o(.text.SYSCFG_DL_I2C_1_init)
    [Anonymous Symbol]                       0x00000fd4   Section        0  ti_msp_dl_config.o(.text.SYSCFG_DL_M_PWM_init)
    __arm_cp.4_0                             0x00001088   Number         4  ti_msp_dl_config.o(.text.SYSCFG_DL_M_PWM_init)
    __arm_cp.4_1                             0x0000108c   Number         4  ti_msp_dl_config.o(.text.SYSCFG_DL_M_PWM_init)
    __arm_cp.4_2                             0x00001090   Number         4  ti_msp_dl_config.o(.text.SYSCFG_DL_M_PWM_init)
    __arm_cp.4_3                             0x00001094   Number         4  ti_msp_dl_config.o(.text.SYSCFG_DL_M_PWM_init)
    [Anonymous Symbol]                       0x00001098   Section        0  ti_msp_dl_config.o(.text.SYSCFG_DL_SERVO_init)
    __arm_cp.5_0                             0x00001104   Number         4  ti_msp_dl_config.o(.text.SYSCFG_DL_SERVO_init)
    __arm_cp.5_1                             0x00001108   Number         4  ti_msp_dl_config.o(.text.SYSCFG_DL_SERVO_init)
    __arm_cp.5_2                             0x0000110c   Number         4  ti_msp_dl_config.o(.text.SYSCFG_DL_SERVO_init)
    __arm_cp.5_3                             0x00001110   Number         4  ti_msp_dl_config.o(.text.SYSCFG_DL_SERVO_init)
    [Anonymous Symbol]                       0x00001114   Section        0  ti_msp_dl_config.o(.text.SYSCFG_DL_SYSCTL_init)
    __arm_cp.3_0                             0x00001158   Number         4  ti_msp_dl_config.o(.text.SYSCFG_DL_SYSCTL_init)
    __arm_cp.3_1                             0x0000115c   Number         4  ti_msp_dl_config.o(.text.SYSCFG_DL_SYSCTL_init)
    __arm_cp.3_2                             0x00001160   Number         4  ti_msp_dl_config.o(.text.SYSCFG_DL_SYSCTL_init)
    [Anonymous Symbol]                       0x00001164   Section        0  ti_msp_dl_config.o(.text.SYSCFG_DL_TIMER_INT_init)
    __arm_cp.6_0                             0x00001198   Number         4  ti_msp_dl_config.o(.text.SYSCFG_DL_TIMER_INT_init)
    __arm_cp.6_1                             0x0000119c   Number         4  ti_msp_dl_config.o(.text.SYSCFG_DL_TIMER_INT_init)
    __arm_cp.6_2                             0x000011a0   Number         4  ti_msp_dl_config.o(.text.SYSCFG_DL_TIMER_INT_init)
    __arm_cp.6_3                             0x000011a4   Number         4  ti_msp_dl_config.o(.text.SYSCFG_DL_TIMER_INT_init)
    __arm_cp.6_4                             0x000011a8   Number         4  ti_msp_dl_config.o(.text.SYSCFG_DL_TIMER_INT_init)
    __arm_cp.6_5                             0x000011ac   Number         4  ti_msp_dl_config.o(.text.SYSCFG_DL_TIMER_INT_init)
    [Anonymous Symbol]                       0x000011b0   Section        0  ti_msp_dl_config.o(.text.SYSCFG_DL_UART_1_init)
    __arm_cp.9_0                             0x00001208   Number         4  ti_msp_dl_config.o(.text.SYSCFG_DL_UART_1_init)
    __arm_cp.9_1                             0x0000120c   Number         4  ti_msp_dl_config.o(.text.SYSCFG_DL_UART_1_init)
    __arm_cp.9_2                             0x00001210   Number         4  ti_msp_dl_config.o(.text.SYSCFG_DL_UART_1_init)
    __arm_cp.9_3                             0x00001214   Number         4  ti_msp_dl_config.o(.text.SYSCFG_DL_UART_1_init)
    __arm_cp.9_4                             0x00001218   Number         4  ti_msp_dl_config.o(.text.SYSCFG_DL_UART_1_init)
    [Anonymous Symbol]                       0x0000121c   Section        0  ti_msp_dl_config.o(.text.SYSCFG_DL_UART_2_init)
    __arm_cp.8_0                             0x00001274   Number         4  ti_msp_dl_config.o(.text.SYSCFG_DL_UART_2_init)
    __arm_cp.8_1                             0x00001278   Number         4  ti_msp_dl_config.o(.text.SYSCFG_DL_UART_2_init)
    __arm_cp.8_2                             0x0000127c   Number         4  ti_msp_dl_config.o(.text.SYSCFG_DL_UART_2_init)
    __arm_cp.8_3                             0x00001280   Number         4  ti_msp_dl_config.o(.text.SYSCFG_DL_UART_2_init)
    __arm_cp.8_4                             0x00001284   Number         4  ti_msp_dl_config.o(.text.SYSCFG_DL_UART_2_init)
    [Anonymous Symbol]                       0x00001288   Section        0  ti_msp_dl_config.o(.text.SYSCFG_DL_UART_3_init)
    __arm_cp.11_0                            0x000012e0   Number         4  ti_msp_dl_config.o(.text.SYSCFG_DL_UART_3_init)
    __arm_cp.11_1                            0x000012e4   Number         4  ti_msp_dl_config.o(.text.SYSCFG_DL_UART_3_init)
    __arm_cp.11_2                            0x000012e8   Number         4  ti_msp_dl_config.o(.text.SYSCFG_DL_UART_3_init)
    __arm_cp.11_3                            0x000012ec   Number         4  ti_msp_dl_config.o(.text.SYSCFG_DL_UART_3_init)
    __arm_cp.11_4                            0x000012f0   Number         4  ti_msp_dl_config.o(.text.SYSCFG_DL_UART_3_init)
    [Anonymous Symbol]                       0x000012f4   Section        0  ti_msp_dl_config.o(.text.SYSCFG_DL_UART_4_init)
    __arm_cp.10_0                            0x0000134c   Number         4  ti_msp_dl_config.o(.text.SYSCFG_DL_UART_4_init)
    __arm_cp.10_1                            0x00001350   Number         4  ti_msp_dl_config.o(.text.SYSCFG_DL_UART_4_init)
    __arm_cp.10_2                            0x00001354   Number         4  ti_msp_dl_config.o(.text.SYSCFG_DL_UART_4_init)
    __arm_cp.10_3                            0x00001358   Number         4  ti_msp_dl_config.o(.text.SYSCFG_DL_UART_4_init)
    __arm_cp.10_4                            0x0000135c   Number         4  ti_msp_dl_config.o(.text.SYSCFG_DL_UART_4_init)
    __arm_cp.10_5                            0x00001360   Number         4  ti_msp_dl_config.o(.text.SYSCFG_DL_UART_4_init)
    [Anonymous Symbol]                       0x00001364   Section        0  ti_msp_dl_config.o(.text.SYSCFG_DL_init)
    __arm_cp.0_0                             0x000013ac   Number         4  ti_msp_dl_config.o(.text.SYSCFG_DL_init)
    __arm_cp.0_1                             0x000013b0   Number         4  ti_msp_dl_config.o(.text.SYSCFG_DL_init)
    __arm_cp.0_2                             0x000013b4   Number         4  ti_msp_dl_config.o(.text.SYSCFG_DL_init)
    [Anonymous Symbol]                       0x000013b8   Section        0  ti_msp_dl_config.o(.text.SYSCFG_DL_initPower)
    __arm_cp.1_0                             0x00001410   Number         4  ti_msp_dl_config.o(.text.SYSCFG_DL_initPower)
    __arm_cp.1_1                             0x00001414   Number         4  ti_msp_dl_config.o(.text.SYSCFG_DL_initPower)
    __arm_cp.1_2                             0x00001418   Number         4  ti_msp_dl_config.o(.text.SYSCFG_DL_initPower)
    __arm_cp.1_3                             0x0000141c   Number         4  ti_msp_dl_config.o(.text.SYSCFG_DL_initPower)
    __arm_cp.1_4                             0x00001420   Number         4  ti_msp_dl_config.o(.text.SYSCFG_DL_initPower)
    __arm_cp.1_5                             0x00001424   Number         4  ti_msp_dl_config.o(.text.SYSCFG_DL_initPower)
    __arm_cp.1_6                             0x00001428   Number         4  ti_msp_dl_config.o(.text.SYSCFG_DL_initPower)
    __arm_cp.1_7                             0x0000142c   Number         4  ti_msp_dl_config.o(.text.SYSCFG_DL_initPower)
    __arm_cp.1_8                             0x00001430   Number         4  ti_msp_dl_config.o(.text.SYSCFG_DL_initPower)
    __arm_cp.1_9                             0x00001434   Number         4  ti_msp_dl_config.o(.text.SYSCFG_DL_initPower)
    __arm_cp.1_10                            0x00001438   Number         4  ti_msp_dl_config.o(.text.SYSCFG_DL_initPower)
    __arm_cp.1_11                            0x0000143c   Number         4  ti_msp_dl_config.o(.text.SYSCFG_DL_initPower)
    [Anonymous Symbol]                       0x00001440   Section        0  empty.o(.text.TIMG0_IRQHandler)
    __arm_cp.2_0                             0x00001478   Number         4  empty.o(.text.TIMG0_IRQHandler)
    __arm_cp.2_1                             0x0000147c   Number         4  empty.o(.text.TIMG0_IRQHandler)
    __arm_cp.2_2                             0x00001480   Number         4  empty.o(.text.TIMG0_IRQHandler)
    [Anonymous Symbol]                       0x000014c0   Section        0  encounter.o(.text.init_encounter)
    __arm_cp.0_0                             0x000014dc   Number         4  encounter.o(.text.init_encounter)
    __arm_cp.0_1                             0x000014e0   Number         4  encounter.o(.text.init_encounter)
    __arm_cp.0_2                             0x000014e4   Number         4  encounter.o(.text.init_encounter)
    __arm_cp.0_3                             0x000014e8   Number         4  encounter.o(.text.init_encounter)
    __arm_cp.0_4                             0x000014ec   Number         4  encounter.o(.text.init_encounter)
    [Anonymous Symbol]                       0x000014f0   Section        0  empty.o(.text.main)
    __arm_cp.0_0                             0x0000151c   Number         4  empty.o(.text.main)
    __arm_cp.0_1                             0x00001520   Number         4  empty.o(.text.main)
    __arm_cp.0_2                             0x00001524   Number         4  empty.o(.text.main)
    __arm_cp.0_3                             0x00001528   Number         4  empty.o(.text.main)
    __arm_cp.0_4                             0x0000152c   Number         4  empty.o(.text.main)
    [Anonymous Symbol]                       0x00001530   Section        0  printto.o(.text.printTo)
    __arm_cp.0_0                             0x000015c8   Number         4  printto.o(.text.printTo)
    __arm_cp.0_1                             0x000015cc   Number         4  printto.o(.text.printTo)
    __arm_cp.0_2                             0x000015d0   Number         4  printto.o(.text.printTo)
    __arm_cp.0_3                             0x000015d4   Number         4  printto.o(.text.printTo)
    __arm_cp.0_4                             0x000015d8   Number         4  printto.o(.text.printTo)
    __arm_cp.0_5                             0x000015dc   Number         4  printto.o(.text.printTo)
    __arm_cp.0_6                             0x000015e0   Number         4  printto.o(.text.printTo)
    __arm_cp.0_7                             0x000015e4   Number         4  printto.o(.text.printTo)
    i.__0vsnprintf                           0x000015e8   Section        0  printfa.o(i.__0vsnprintf)
    i.__ARM_clz                              0x00001618   Section        0  depilogue.o(i.__ARM_clz)
    i.__scatterload_copy                     0x00001648   Section       14  handlers.o(i.__scatterload_copy)
    i.__scatterload_null                     0x00001658   Section        2  handlers.o(i.__scatterload_null)
    i.__scatterload_zeroinit                 0x00001660   Section       14  handlers.o(i.__scatterload_zeroinit)
    _fp_digits                               0x00001671   Thumb Code   344  printfa.o(i._fp_digits)
    i._fp_digits                             0x00001670   Section        0  printfa.o(i._fp_digits)
    _printf_core                             0x000017e5   Thumb Code  1754  printfa.o(i._printf_core)
    i._printf_core                           0x000017e4   Section        0  printfa.o(i._printf_core)
    _printf_post_padding                     0x00001ed1   Thumb Code    32  printfa.o(i._printf_post_padding)
    i._printf_post_padding                   0x00001ed0   Section        0  printfa.o(i._printf_post_padding)
    _printf_pre_padding                      0x00001ef1   Thumb Code    44  printfa.o(i._printf_pre_padding)
    i._printf_pre_padding                    0x00001ef0   Section        0  printfa.o(i._printf_pre_padding)
    _snputc                                  0x00001f1d   Thumb Code    22  printfa.o(i._snputc)
    i._snputc                                0x00001f1c   Section        0  printfa.o(i._snputc)
    gDMA_CH1Config                           0x00001f34   Data          24  ti_msp_dl_config.o(.rodata.gDMA_CH1Config)
    [Anonymous Symbol]                       0x00001f34   Section        0  ti_msp_dl_config.o(.rodata.gDMA_CH1Config)
    gDMA_CH2Config                           0x00001f4c   Data          24  ti_msp_dl_config.o(.rodata.gDMA_CH2Config)
    [Anonymous Symbol]                       0x00001f4c   Section        0  ti_msp_dl_config.o(.rodata.gDMA_CH2Config)
    gDMA_CH3Config                           0x00001f64   Data          24  ti_msp_dl_config.o(.rodata.gDMA_CH3Config)
    [Anonymous Symbol]                       0x00001f64   Section        0  ti_msp_dl_config.o(.rodata.gDMA_CH3Config)
    gDMA_CH4Config                           0x00001f7c   Data          24  ti_msp_dl_config.o(.rodata.gDMA_CH4Config)
    [Anonymous Symbol]                       0x00001f7c   Section        0  ti_msp_dl_config.o(.rodata.gDMA_CH4Config)
    gI2C_1ClockConfig                        0x00001f94   Data           2  ti_msp_dl_config.o(.rodata.gI2C_1ClockConfig)
    [Anonymous Symbol]                       0x00001f94   Section        0  ti_msp_dl_config.o(.rodata.gI2C_1ClockConfig)
    gM_PWMClockConfig                        0x00001f96   Data           3  ti_msp_dl_config.o(.rodata.gM_PWMClockConfig)
    [Anonymous Symbol]                       0x00001f96   Section        0  ti_msp_dl_config.o(.rodata.gM_PWMClockConfig)
    gM_PWMConfig                             0x00001f9c   Data           8  ti_msp_dl_config.o(.rodata.gM_PWMConfig)
    [Anonymous Symbol]                       0x00001f9c   Section        0  ti_msp_dl_config.o(.rodata.gM_PWMConfig)
    gSERVOClockConfig                        0x00001fa4   Data           3  ti_msp_dl_config.o(.rodata.gSERVOClockConfig)
    [Anonymous Symbol]                       0x00001fa4   Section        0  ti_msp_dl_config.o(.rodata.gSERVOClockConfig)
    gSERVOConfig                             0x00001fa8   Data           8  ti_msp_dl_config.o(.rodata.gSERVOConfig)
    [Anonymous Symbol]                       0x00001fa8   Section        0  ti_msp_dl_config.o(.rodata.gSERVOConfig)
    gTIMER_INTClockConfig                    0x00001fb0   Data           3  ti_msp_dl_config.o(.rodata.gTIMER_INTClockConfig)
    [Anonymous Symbol]                       0x00001fb0   Section        0  ti_msp_dl_config.o(.rodata.gTIMER_INTClockConfig)
    gTIMER_INTTimerConfig                    0x00001fb4   Data          20  ti_msp_dl_config.o(.rodata.gTIMER_INTTimerConfig)
    [Anonymous Symbol]                       0x00001fb4   Section        0  ti_msp_dl_config.o(.rodata.gTIMER_INTTimerConfig)
    gUART_1ClockConfig                       0x00001fc8   Data           2  ti_msp_dl_config.o(.rodata.gUART_1ClockConfig)
    [Anonymous Symbol]                       0x00001fc8   Section        0  ti_msp_dl_config.o(.rodata.gUART_1ClockConfig)
    gUART_1Config                            0x00001fca   Data          10  ti_msp_dl_config.o(.rodata.gUART_1Config)
    [Anonymous Symbol]                       0x00001fca   Section        0  ti_msp_dl_config.o(.rodata.gUART_1Config)
    gUART_2ClockConfig                       0x00001fd4   Data           2  ti_msp_dl_config.o(.rodata.gUART_2ClockConfig)
    [Anonymous Symbol]                       0x00001fd4   Section        0  ti_msp_dl_config.o(.rodata.gUART_2ClockConfig)
    gUART_2Config                            0x00001fd6   Data          10  ti_msp_dl_config.o(.rodata.gUART_2Config)
    [Anonymous Symbol]                       0x00001fd6   Section        0  ti_msp_dl_config.o(.rodata.gUART_2Config)
    gUART_3ClockConfig                       0x00001fe0   Data           2  ti_msp_dl_config.o(.rodata.gUART_3ClockConfig)
    [Anonymous Symbol]                       0x00001fe0   Section        0  ti_msp_dl_config.o(.rodata.gUART_3ClockConfig)
    gUART_3Config                            0x00001fe2   Data          10  ti_msp_dl_config.o(.rodata.gUART_3Config)
    [Anonymous Symbol]                       0x00001fe2   Section        0  ti_msp_dl_config.o(.rodata.gUART_3Config)
    gUART_4ClockConfig                       0x00001fec   Data           2  ti_msp_dl_config.o(.rodata.gUART_4ClockConfig)
    [Anonymous Symbol]                       0x00001fec   Section        0  ti_msp_dl_config.o(.rodata.gUART_4ClockConfig)
    gUART_4Config                            0x00001fee   Data          10  ti_msp_dl_config.o(.rodata.gUART_4Config)
    [Anonymous Symbol]                       0x00001fee   Section        0  ti_msp_dl_config.o(.rodata.gUART_4Config)
    [Anonymous Symbol]                       0x00001ff8   Section        0  empty.o(.rodata.str1.1)
    printTo.str_buf                          0x2020017c   Data         512  printto.o(.bss.printTo.str_buf)
    [Anonymous Symbol]                       0x2020017c   Section        0  printto.o(.bss.printTo.str_buf)
    STACK                                    0x20200380   Section      256  startup_mspm0g350x_uvision.o(STACK)

    Global Symbols

    Symbol Name                              Value     Ov Type        Size  Object(Section)

    BuildAttributes$$THM_ISAv3M$S$PE$A:L22$X:L11$S22$IEEE1$IW$~IW$USESV6$~STKCKD$USESV7$~SHL$OTIME$ROPI$EBA8$MICROLIB$REQ8$PRES8$EABIv2 0x00000000   Number         0  anon$$obj.o ABSOLUTE
    __Vectors                                0x00000000   Data           4  startup_mspm0g350x_uvision.o(RESET)
    __cpp_initialize__aeabi_                  - Undefined Weak Reference
    __cxa_finalize                            - Undefined Weak Reference
    __decompress                              - Undefined Weak Reference
    _clock_init                               - Undefined Weak Reference
    _microlib_exit                            - Undefined Weak Reference
    __Vectors_End                            0x000000c0   Data           0  startup_mspm0g350x_uvision.o(RESET)
    __Vectors_Size                           0x000000c0   Number         0  startup_mspm0g350x_uvision.o ABSOLUTE
    __main                                   0x000000c1   Thumb Code     0  entry.o(.ARM.Collect$$$$00000000)
    _main_stk                                0x000000c1   Thumb Code     0  entry2.o(.ARM.Collect$$$$00000001)
    _main_scatterload                        0x000000c5   Thumb Code     0  entry5.o(.ARM.Collect$$$$00000004)
    __main_after_scatterload                 0x000000c9   Thumb Code     0  entry5.o(.ARM.Collect$$$$00000004)
    _main_clock                              0x000000c9   Thumb Code     0  entry7b.o(.ARM.Collect$$$$00000008)
    _main_cpp_init                           0x000000c9   Thumb Code     0  entry8b.o(.ARM.Collect$$$$0000000A)
    _main_init                               0x000000c9   Thumb Code     0  entry9a.o(.ARM.Collect$$$$0000000B)
    __rt_final_cpp                           0x000000d1   Thumb Code     0  entry10a.o(.ARM.Collect$$$$0000000D)
    __rt_final_exit                          0x000000d1   Thumb Code     0  entry11a.o(.ARM.Collect$$$$0000000F)
    Reset_Handler                            0x000000d5   Thumb Code     4  startup_mspm0g350x_uvision.o(.text)
    HardFault_Handler                        0x000000d9   Thumb Code     2  startup_mspm0g350x_uvision.o(.text)
    NMI_Handler                              0x000000d9   Thumb Code     0  startup_mspm0g350x_uvision.o(.text)
    SVC_Handler                              0x000000db   Thumb Code     2  startup_mspm0g350x_uvision.o(.text)
    PendSV_Handler                           0x000000dd   Thumb Code     2  startup_mspm0g350x_uvision.o(.text)
    SysTick_Handler                          0x000000df   Thumb Code     2  startup_mspm0g350x_uvision.o(.text)
    ADC0_IRQHandler                          0x000000e1   Thumb Code     0  startup_mspm0g350x_uvision.o(.text)
    ADC1_IRQHandler                          0x000000e1   Thumb Code     0  startup_mspm0g350x_uvision.o(.text)
    AES_IRQHandler                           0x000000e1   Thumb Code     0  startup_mspm0g350x_uvision.o(.text)
    CANFD0_IRQHandler                        0x000000e1   Thumb Code     0  startup_mspm0g350x_uvision.o(.text)
    DAC0_IRQHandler                          0x000000e1   Thumb Code     0  startup_mspm0g350x_uvision.o(.text)
    DMA_IRQHandler                           0x000000e1   Thumb Code     0  startup_mspm0g350x_uvision.o(.text)
    Default_Handler                          0x000000e1   Thumb Code     2  startup_mspm0g350x_uvision.o(.text)
    GROUP0_IRQHandler                        0x000000e1   Thumb Code     0  startup_mspm0g350x_uvision.o(.text)
    I2C0_IRQHandler                          0x000000e1   Thumb Code     0  startup_mspm0g350x_uvision.o(.text)
    I2C1_IRQHandler                          0x000000e1   Thumb Code     0  startup_mspm0g350x_uvision.o(.text)
    RTC_IRQHandler                           0x000000e1   Thumb Code     0  startup_mspm0g350x_uvision.o(.text)
    SPI0_IRQHandler                          0x000000e1   Thumb Code     0  startup_mspm0g350x_uvision.o(.text)
    SPI1_IRQHandler                          0x000000e1   Thumb Code     0  startup_mspm0g350x_uvision.o(.text)
    TIMA0_IRQHandler                         0x000000e1   Thumb Code     0  startup_mspm0g350x_uvision.o(.text)
    TIMA1_IRQHandler                         0x000000e1   Thumb Code     0  startup_mspm0g350x_uvision.o(.text)
    TIMG12_IRQHandler                        0x000000e1   Thumb Code     0  startup_mspm0g350x_uvision.o(.text)
    TIMG6_IRQHandler                         0x000000e1   Thumb Code     0  startup_mspm0g350x_uvision.o(.text)
    TIMG7_IRQHandler                         0x000000e1   Thumb Code     0  startup_mspm0g350x_uvision.o(.text)
    TIMG8_IRQHandler                         0x000000e1   Thumb Code     0  startup_mspm0g350x_uvision.o(.text)
    UART0_IRQHandler                         0x000000e1   Thumb Code     0  startup_mspm0g350x_uvision.o(.text)
    UART1_IRQHandler                         0x000000e1   Thumb Code     0  startup_mspm0g350x_uvision.o(.text)
    UART2_IRQHandler                         0x000000e1   Thumb Code     0  startup_mspm0g350x_uvision.o(.text)
    UART3_IRQHandler                         0x000000e1   Thumb Code     0  startup_mspm0g350x_uvision.o(.text)
    __aeabi_dadd                             0x000000e9   Thumb Code   328  dadd.o(.text)
    __aeabi_dsub                             0x00000231   Thumb Code    12  dadd.o(.text)
    __aeabi_drsub                            0x0000023d   Thumb Code    12  dadd.o(.text)
    __aeabi_dmul                             0x0000024d   Thumb Code   202  dmul.o(.text)
    __aeabi_uidiv                            0x0000031d   Thumb Code     0  uidiv_div0.o(.text)
    __aeabi_uidivmod                         0x0000031d   Thumb Code    62  uidiv_div0.o(.text)
    __aeabi_uldivmod                         0x0000035b   Thumb Code    96  uldiv.o(.text)
    __aeabi_llsl                             0x000003bb   Thumb Code    32  llshl.o(.text)
    _ll_shift_l                              0x000003bb   Thumb Code     0  llshl.o(.text)
    __aeabi_llsr                             0x000003db   Thumb Code    34  llushr.o(.text)
    _ll_ushift_r                             0x000003db   Thumb Code     0  llushr.o(.text)
    __aeabi_lasr                             0x000003fd   Thumb Code    38  llsshr.o(.text)
    _ll_sshift_r                             0x000003fd   Thumb Code     0  llsshr.o(.text)
    __I$use$fp                               0x00000423   Thumb Code     0  iusefp.o(.text)
    _double_round                            0x00000423   Thumb Code    26  depilogue.o(.text)
    _double_epilogue                         0x0000043d   Thumb Code   164  depilogue.o(.text)
    __aeabi_ddiv                             0x000004e1   Thumb Code   234  ddiv.o(.text)
    __aeabi_d2ulz                            0x000005d1   Thumb Code    54  dfixul.o(.text)
    __aeabi_cdrcmple                         0x00000611   Thumb Code    38  cdrcmple.o(.text)
    __scatterload                            0x00000639   Thumb Code    28  init.o(.text)
    __scatterload_rt2                        0x00000639   Thumb Code     0  init.o(.text)
    DL_Common_delayCycles                    0x0000065d   Thumb Code    20  dl_common.o(.text.DL_Common_delayCycles)
    DL_DMA_initChannel                       0x00000765   Thumb Code    86  dl_dma.o(.text.DL_DMA_initChannel)
    DL_I2C_setClockConfig                    0x000007fd   Thumb Code    52  dl_i2c.o(.text.DL_I2C_setClockConfig)
    DL_TimerA_initPWMMode                    0x00000831   Thumb Code   240  dl_timer.o(.text.DL_TimerA_initPWMMode)
    DL_Timer_initPWMMode                     0x00000921   Thumb Code   280  dl_timer.o(.text.DL_Timer_initPWMMode)
    DL_Timer_initTimerMode                   0x00000a39   Thumb Code   148  dl_timer.o(.text.DL_Timer_initTimerMode)
    DL_Timer_setCaptCompUpdateMethod         0x00000acd   Thumb Code    52  dl_timer.o(.text.DL_Timer_setCaptCompUpdateMethod)
    DL_Timer_setCaptureCompareAction         0x00000b01   Thumb Code    56  dl_timer.o(.text.DL_Timer_setCaptureCompareAction)
    DL_Timer_setCaptureCompareCtl            0x00000b39   Thumb Code    64  dl_timer.o(.text.DL_Timer_setCaptureCompareCtl)
    DL_Timer_setCaptureCompareInput          0x00000b79   Thumb Code    56  dl_timer.o(.text.DL_Timer_setCaptureCompareInput)
    DL_Timer_setCaptureCompareOutCtl         0x00000bb1   Thumb Code    60  dl_timer.o(.text.DL_Timer_setCaptureCompareOutCtl)
    DL_Timer_setCaptureCompareValue          0x00000bed   Thumb Code    44  dl_timer.o(.text.DL_Timer_setCaptureCompareValue)
    DL_Timer_setClockConfig                  0x00000c19   Thumb Code    48  dl_timer.o(.text.DL_Timer_setClockConfig)
    DL_UART_init                             0x00000c99   Thumb Code    88  dl_uart.o(.text.DL_UART_init)
    DL_UART_setClockConfig                   0x00000cf1   Thumb Code    36  dl_uart.o(.text.DL_UART_setClockConfig)
    GROUP1_IRQHandler                        0x00000d15   Thumb Code   108  empty.o(.text.GROUP1_IRQHandler)
    M1_CH1_INT                               0x00000d89   Thumb Code    28  encounter.o(.text.M1_CH1_INT)
    M2_CH1_INT                               0x00000dad   Thumb Code    28  encounter.o(.text.M2_CH1_INT)
    M3_CH1_INT                               0x00000dcd   Thumb Code    28  encounter.o(.text.M3_CH1_INT)
    M4_CH1_INT                               0x00000ded   Thumb Code    28  encounter.o(.text.M4_CH1_INT)
    SYSCFG_DL_DMA_CH1_init                   0x00000e11   Thumb Code    16  ti_msp_dl_config.o(.text.SYSCFG_DL_DMA_CH1_init)
    SYSCFG_DL_DMA_CH2_init                   0x00000e25   Thumb Code    16  ti_msp_dl_config.o(.text.SYSCFG_DL_DMA_CH2_init)
    SYSCFG_DL_DMA_CH3_init                   0x00000e39   Thumb Code    16  ti_msp_dl_config.o(.text.SYSCFG_DL_DMA_CH3_init)
    SYSCFG_DL_DMA_CH4_init                   0x00000e4d   Thumb Code    16  ti_msp_dl_config.o(.text.SYSCFG_DL_DMA_CH4_init)
    SYSCFG_DL_DMA_init                       0x00000e65   Thumb Code    20  ti_msp_dl_config.o(.text.SYSCFG_DL_DMA_init)
    SYSCFG_DL_GPIO_init                      0x00000e79   Thumb Code   248  ti_msp_dl_config.o(.text.SYSCFG_DL_GPIO_init)
    SYSCFG_DL_I2C_1_init                     0x00000fa5   Thumb Code    36  ti_msp_dl_config.o(.text.SYSCFG_DL_I2C_1_init)
    SYSCFG_DL_M_PWM_init                     0x00000fd5   Thumb Code   180  ti_msp_dl_config.o(.text.SYSCFG_DL_M_PWM_init)
    SYSCFG_DL_SERVO_init                     0x00001099   Thumb Code   108  ti_msp_dl_config.o(.text.SYSCFG_DL_SERVO_init)
    SYSCFG_DL_SYSCTL_init                    0x00001115   Thumb Code    68  ti_msp_dl_config.o(.text.SYSCFG_DL_SYSCTL_init)
    SYSCFG_DL_TIMER_INT_init                 0x00001165   Thumb Code    52  ti_msp_dl_config.o(.text.SYSCFG_DL_TIMER_INT_init)
    SYSCFG_DL_UART_1_init                    0x000011b1   Thumb Code    88  ti_msp_dl_config.o(.text.SYSCFG_DL_UART_1_init)
    SYSCFG_DL_UART_2_init                    0x0000121d   Thumb Code    88  ti_msp_dl_config.o(.text.SYSCFG_DL_UART_2_init)
    SYSCFG_DL_UART_3_init                    0x00001289   Thumb Code    88  ti_msp_dl_config.o(.text.SYSCFG_DL_UART_3_init)
    SYSCFG_DL_UART_4_init                    0x000012f5   Thumb Code    88  ti_msp_dl_config.o(.text.SYSCFG_DL_UART_4_init)
    SYSCFG_DL_init                           0x00001365   Thumb Code    72  ti_msp_dl_config.o(.text.SYSCFG_DL_init)
    SYSCFG_DL_initPower                      0x000013b9   Thumb Code    88  ti_msp_dl_config.o(.text.SYSCFG_DL_initPower)
    TIMG0_IRQHandler                         0x00001441   Thumb Code    56  empty.o(.text.TIMG0_IRQHandler)
    init_encounter                           0x000014c1   Thumb Code    28  encounter.o(.text.init_encounter)
    main                                     0x000014f1   Thumb Code    44  empty.o(.text.main)
    printTo                                  0x00001531   Thumb Code   152  printto.o(.text.printTo)
    __0vsnprintf                             0x000015e9   Thumb Code    44  printfa.o(i.__0vsnprintf)
    __1vsnprintf                             0x000015e9   Thumb Code     0  printfa.o(i.__0vsnprintf)
    __2vsnprintf                             0x000015e9   Thumb Code     0  printfa.o(i.__0vsnprintf)
    __c89vsnprintf                           0x000015e9   Thumb Code     0  printfa.o(i.__0vsnprintf)
    vsnprintf                                0x000015e9   Thumb Code     0  printfa.o(i.__0vsnprintf)
    __ARM_clz                                0x00001619   Thumb Code    46  depilogue.o(i.__ARM_clz)
    __scatterload_copy                       0x00001649   Thumb Code    14  handlers.o(i.__scatterload_copy)
    __scatterload_null                       0x00001659   Thumb Code     2  handlers.o(i.__scatterload_null)
    __scatterload_zeroinit                   0x00001661   Thumb Code    14  handlers.o(i.__scatterload_zeroinit)
    Region$$Table$$Base                      0x00002000   Number         0  anon$$obj.o(Region$$Table)
    Region$$Table$$Limit                     0x00002020   Number         0  anon$$obj.o(Region$$Table)
    L_1                                      0x20200000   Data           4  encounter.o(.data.L_1)
    L_2                                      0x20200004   Data           4  encounter.o(.data.L_2)
    L_3                                      0x20200008   Data           4  encounter.o(.data.L_3)
    L_4                                      0x2020000c   Data           4  encounter.o(.data.L_4)
    M_F_L_tar                                0x20200010   Data           4  control-center.o(.bss.M_F_L_tar)
    M_F_R_tar                                0x20200014   Data           4  control-center.o(.bss.M_F_R_tar)
    gM_PWMBackup                             0x20200018   Data         188  ti_msp_dl_config.o(.bss.gM_PWMBackup)
    gSERVOBackup                             0x202000d4   Data         120  ti_msp_dl_config.o(.bss.gSERVOBackup)
    gUART_1Backup                            0x2020014c   Data          48  ti_msp_dl_config.o(.bss.gUART_1Backup)
    __initial_sp                             0x20200480   Data           0  startup_mspm0g350x_uvision.o(STACK)



==============================================================================

Memory Map of the image

  Image Entry point : 0x000000c1

  Load Region LR_IROM1 (Base: 0x00000000, Size: 0x00002030, Max: 0x00020000, ABSOLUTE)

    Execution Region ER_IROM1 (Exec base: 0x00000000, Load base: 0x00000000, Size: 0x00002020, Max: 0x00020000, ABSOLUTE)

    Exec Addr    Load Addr    Size         Type   Attr      Idx    E Section Name        Object

    0x00000000   0x00000000   0x000000c0   Data   RO           19    RESET               startup_mspm0g350x_uvision.o
    0x000000c0   0x000000c0   0x00000000   Code   RO          430  * .ARM.Collect$$$$00000000  mc_p.l(entry.o)
    0x000000c0   0x000000c0   0x00000004   Code   RO          489    .ARM.Collect$$$$00000001  mc_p.l(entry2.o)
    0x000000c4   0x000000c4   0x00000004   Code   RO          492    .ARM.Collect$$$$00000004  mc_p.l(entry5.o)
    0x000000c8   0x000000c8   0x00000000   Code   RO          494    .ARM.Collect$$$$00000008  mc_p.l(entry7b.o)
    0x000000c8   0x000000c8   0x00000000   Code   RO          496    .ARM.Collect$$$$0000000A  mc_p.l(entry8b.o)
    0x000000c8   0x000000c8   0x00000008   Code   RO          497    .ARM.Collect$$$$0000000B  mc_p.l(entry9a.o)
    0x000000d0   0x000000d0   0x00000000   Code   RO          499    .ARM.Collect$$$$0000000D  mc_p.l(entry10a.o)
    0x000000d0   0x000000d0   0x00000000   Code   RO          501    .ARM.Collect$$$$0000000F  mc_p.l(entry11a.o)
    0x000000d0   0x000000d0   0x00000004   Code   RO          490    .ARM.Collect$$$$00002712  mc_p.l(entry2.o)
    0x000000d4   0x000000d4   0x00000014   Code   RO           20    .text               startup_mspm0g350x_uvision.o
    0x000000e8   0x000000e8   0x00000164   Code   RO          475    .text               mf_p.l(dadd.o)
    0x0000024c   0x0000024c   0x000000d0   Code   RO          477    .text               mf_p.l(dmul.o)
    0x0000031c   0x0000031c   0x0000003e   Code   RO          512    .text               mc_p.l(uidiv_div0.o)
    0x0000035a   0x0000035a   0x00000060   Code   RO          518    .text               mc_p.l(uldiv.o)
    0x000003ba   0x000003ba   0x00000020   Code   RO          520    .text               mc_p.l(llshl.o)
    0x000003da   0x000003da   0x00000022   Code   RO          522    .text               mc_p.l(llushr.o)
    0x000003fc   0x000003fc   0x00000026   Code   RO          524    .text               mc_p.l(llsshr.o)
    0x00000422   0x00000422   0x00000000   Code   RO          526    .text               mc_p.l(iusefp.o)
    0x00000422   0x00000422   0x000000be   Code   RO          529    .text               mf_p.l(depilogue.o)
    0x000004e0   0x000004e0   0x000000f0   Code   RO          533    .text               mf_p.l(ddiv.o)
    0x000005d0   0x000005d0   0x00000040   Code   RO          535    .text               mf_p.l(dfixul.o)
    0x00000610   0x00000610   0x00000028   Code   RO          537    .text               mf_p.l(cdrcmple.o)
    0x00000638   0x00000638   0x00000024   Code   RO          539    .text               mc_p.l(init.o)
    0x0000065c   0x0000065c   0x00000014   Code   RO          197    .text.DL_Common_delayCycles  driverlib.a(dl_common.o)
    0x00000670   0x00000670   0x00000028   Code   RO          207    .text.DL_Common_updateReg  driverlib.a(dl_dma.o)
    0x00000698   0x00000698   0x00000028   Code   RO          213    .text.DL_Common_updateReg  driverlib.a(dl_i2c.o)
    0x000006c0   0x000006c0   0x00000028   Code   RO          297    .text.DL_Common_updateReg  driverlib.a(dl_timer.o)
    0x000006e8   0x000006e8   0x00000028   Code   RO          383    .text.DL_Common_updateReg  driverlib.a(dl_uart.o)
    0x00000710   0x00000710   0x00000054   Code   RO          203    .text.DL_DMA_configTransfer  driverlib.a(dl_dma.o)
    0x00000764   0x00000764   0x00000056   Code   RO          201    .text.DL_DMA_initChannel  driverlib.a(dl_dma.o)
    0x000007ba   0x000007ba   0x00000002   PAD
    0x000007bc   0x000007bc   0x00000040   Code   RO          205    .text.DL_DMA_setTrigger  driverlib.a(dl_dma.o)
    0x000007fc   0x000007fc   0x00000034   Code   RO          211    .text.DL_I2C_setClockConfig  driverlib.a(dl_i2c.o)
    0x00000830   0x00000830   0x000000f0   Code   RO          365    .text.DL_TimerA_initPWMMode  driverlib.a(dl_timer.o)
    0x00000920   0x00000920   0x00000118   Code   RO          309    .text.DL_Timer_initPWMMode  driverlib.a(dl_timer.o)
    0x00000a38   0x00000a38   0x00000094   Code   RO          279    .text.DL_Timer_initTimerMode  driverlib.a(dl_timer.o)
    0x00000acc   0x00000acc   0x00000034   Code   RO          339    .text.DL_Timer_setCaptCompUpdateMethod  driverlib.a(dl_timer.o)
    0x00000b00   0x00000b00   0x00000038   Code   RO          311    .text.DL_Timer_setCaptureCompareAction  driverlib.a(dl_timer.o)
    0x00000b38   0x00000b38   0x00000040   Code   RO          287    .text.DL_Timer_setCaptureCompareCtl  driverlib.a(dl_timer.o)
    0x00000b78   0x00000b78   0x00000038   Code   RO          293    .text.DL_Timer_setCaptureCompareInput  driverlib.a(dl_timer.o)
    0x00000bb0   0x00000bb0   0x0000003c   Code   RO          313    .text.DL_Timer_setCaptureCompareOutCtl  driverlib.a(dl_timer.o)
    0x00000bec   0x00000bec   0x0000002c   Code   RO          285    .text.DL_Timer_setCaptureCompareValue  driverlib.a(dl_timer.o)
    0x00000c18   0x00000c18   0x00000030   Code   RO          275    .text.DL_Timer_setClockConfig  driverlib.a(dl_timer.o)
    0x00000c48   0x00000c48   0x00000020   Code   RO          283    .text.DL_Timer_setCounterValueAfterEnable  driverlib.a(dl_timer.o)
    0x00000c68   0x00000c68   0x00000018   Code   RO          281    .text.DL_Timer_setLoadValue  driverlib.a(dl_timer.o)
    0x00000c80   0x00000c80   0x00000016   Code   RO          381    .text.DL_UART_disable  driverlib.a(dl_uart.o)
    0x00000c96   0x00000c96   0x00000002   PAD
    0x00000c98   0x00000c98   0x00000058   Code   RO          379    .text.DL_UART_init  driverlib.a(dl_uart.o)
    0x00000cf0   0x00000cf0   0x00000024   Code   RO          385    .text.DL_UART_setClockConfig  driverlib.a(dl_uart.o)
    0x00000d14   0x00000d14   0x00000074   Code   RO            4    .text.GROUP1_IRQHandler  empty.o
    0x00000d88   0x00000d88   0x00000024   Code   RO          115    .text.M1_CH1_INT    encounter.o
    0x00000dac   0x00000dac   0x00000020   Code   RO          117    .text.M2_CH1_INT    encounter.o
    0x00000dcc   0x00000dcc   0x00000020   Code   RO          119    .text.M3_CH1_INT    encounter.o
    0x00000dec   0x00000dec   0x00000024   Code   RO          121    .text.M4_CH1_INT    encounter.o
    0x00000e10   0x00000e10   0x00000014   Code   RO           59    .text.SYSCFG_DL_DMA_CH1_init  ti_msp_dl_config.o
    0x00000e24   0x00000e24   0x00000014   Code   RO           57    .text.SYSCFG_DL_DMA_CH2_init  ti_msp_dl_config.o
    0x00000e38   0x00000e38   0x00000014   Code   RO           63    .text.SYSCFG_DL_DMA_CH3_init  ti_msp_dl_config.o
    0x00000e4c   0x00000e4c   0x00000018   Code   RO           61    .text.SYSCFG_DL_DMA_CH4_init  ti_msp_dl_config.o
    0x00000e64   0x00000e64   0x00000014   Code   RO           51    .text.SYSCFG_DL_DMA_init  ti_msp_dl_config.o
    0x00000e78   0x00000e78   0x0000012c   Code   RO           31    .text.SYSCFG_DL_GPIO_init  ti_msp_dl_config.o
    0x00000fa4   0x00000fa4   0x00000030   Code   RO           41    .text.SYSCFG_DL_I2C_1_init  ti_msp_dl_config.o
    0x00000fd4   0x00000fd4   0x000000c4   Code   RO           35    .text.SYSCFG_DL_M_PWM_init  ti_msp_dl_config.o
    0x00001098   0x00001098   0x0000007c   Code   RO           37    .text.SYSCFG_DL_SERVO_init  ti_msp_dl_config.o
    0x00001114   0x00001114   0x00000050   Code   RO           33    .text.SYSCFG_DL_SYSCTL_init  ti_msp_dl_config.o
    0x00001164   0x00001164   0x0000004c   Code   RO           39    .text.SYSCFG_DL_TIMER_INT_init  ti_msp_dl_config.o
    0x000011b0   0x000011b0   0x0000006c   Code   RO           45    .text.SYSCFG_DL_UART_1_init  ti_msp_dl_config.o
    0x0000121c   0x0000121c   0x0000006c   Code   RO           43    .text.SYSCFG_DL_UART_2_init  ti_msp_dl_config.o
    0x00001288   0x00001288   0x0000006c   Code   RO           49    .text.SYSCFG_DL_UART_3_init  ti_msp_dl_config.o
    0x000012f4   0x000012f4   0x00000070   Code   RO           47    .text.SYSCFG_DL_UART_4_init  ti_msp_dl_config.o
    0x00001364   0x00001364   0x00000054   Code   RO           27    .text.SYSCFG_DL_init  ti_msp_dl_config.o
    0x000013b8   0x000013b8   0x00000088   Code   RO           29    .text.SYSCFG_DL_initPower  ti_msp_dl_config.o
    0x00001440   0x00001440   0x00000080   Code   RO            6    .text.TIMG0_IRQHandler  empty.o
    0x000014c0   0x000014c0   0x00000030   Code   RO          105    .text.init_encounter  encounter.o
    0x000014f0   0x000014f0   0x00000040   Code   RO            2    .text.main          empty.o
    0x00001530   0x00001530   0x000000b8   Code   RO           95    .text.printTo       printto.o
    0x000015e8   0x000015e8   0x00000030   Code   RO          447    i.__0vsnprintf      mc_p.l(printfa.o)
    0x00001618   0x00001618   0x0000002e   Code   RO          531    i.__ARM_clz         mf_p.l(depilogue.o)
    0x00001646   0x00001646   0x00000002   PAD
    0x00001648   0x00001648   0x0000000e   Code   RO          545    i.__scatterload_copy  mc_p.l(handlers.o)
    0x00001656   0x00001656   0x00000002   PAD
    0x00001658   0x00001658   0x00000002   Code   RO          546    i.__scatterload_null  mc_p.l(handlers.o)
    0x0000165a   0x0000165a   0x00000006   PAD
    0x00001660   0x00001660   0x0000000e   Code   RO          547    i.__scatterload_zeroinit  mc_p.l(handlers.o)
    0x0000166e   0x0000166e   0x00000002   PAD
    0x00001670   0x00001670   0x00000174   Code   RO          449    i._fp_digits        mc_p.l(printfa.o)
    0x000017e4   0x000017e4   0x000006ec   Code   RO          450    i._printf_core      mc_p.l(printfa.o)
    0x00001ed0   0x00001ed0   0x00000020   Code   RO          451    i._printf_post_padding  mc_p.l(printfa.o)
    0x00001ef0   0x00001ef0   0x0000002c   Code   RO          452    i._printf_pre_padding  mc_p.l(printfa.o)
    0x00001f1c   0x00001f1c   0x00000016   Code   RO          453    i._snputc           mc_p.l(printfa.o)
    0x00001f32   0x00001f32   0x00000002   PAD
    0x00001f34   0x00001f34   0x00000018   Data   RO           84    .rodata.gDMA_CH1Config  ti_msp_dl_config.o
    0x00001f4c   0x00001f4c   0x00000018   Data   RO           83    .rodata.gDMA_CH2Config  ti_msp_dl_config.o
    0x00001f64   0x00001f64   0x00000018   Data   RO           86    .rodata.gDMA_CH3Config  ti_msp_dl_config.o
    0x00001f7c   0x00001f7c   0x00000018   Data   RO           85    .rodata.gDMA_CH4Config  ti_msp_dl_config.o
    0x00001f94   0x00001f94   0x00000002   Data   RO           74    .rodata.gI2C_1ClockConfig  ti_msp_dl_config.o
    0x00001f96   0x00001f96   0x00000003   Data   RO           68    .rodata.gM_PWMClockConfig  ti_msp_dl_config.o
    0x00001f99   0x00001f99   0x00000003   PAD
    0x00001f9c   0x00001f9c   0x00000008   Data   RO           69    .rodata.gM_PWMConfig  ti_msp_dl_config.o
    0x00001fa4   0x00001fa4   0x00000003   Data   RO           70    .rodata.gSERVOClockConfig  ti_msp_dl_config.o
    0x00001fa7   0x00001fa7   0x00000001   PAD
    0x00001fa8   0x00001fa8   0x00000008   Data   RO           71    .rodata.gSERVOConfig  ti_msp_dl_config.o
    0x00001fb0   0x00001fb0   0x00000003   Data   RO           72    .rodata.gTIMER_INTClockConfig  ti_msp_dl_config.o
    0x00001fb3   0x00001fb3   0x00000001   PAD
    0x00001fb4   0x00001fb4   0x00000014   Data   RO           73    .rodata.gTIMER_INTTimerConfig  ti_msp_dl_config.o
    0x00001fc8   0x00001fc8   0x00000002   Data   RO           77    .rodata.gUART_1ClockConfig  ti_msp_dl_config.o
    0x00001fca   0x00001fca   0x0000000a   Data   RO           78    .rodata.gUART_1Config  ti_msp_dl_config.o
    0x00001fd4   0x00001fd4   0x00000002   Data   RO           75    .rodata.gUART_2ClockConfig  ti_msp_dl_config.o
    0x00001fd6   0x00001fd6   0x0000000a   Data   RO           76    .rodata.gUART_2Config  ti_msp_dl_config.o
    0x00001fe0   0x00001fe0   0x00000002   Data   RO           81    .rodata.gUART_3ClockConfig  ti_msp_dl_config.o
    0x00001fe2   0x00001fe2   0x0000000a   Data   RO           82    .rodata.gUART_3Config  ti_msp_dl_config.o
    0x00001fec   0x00001fec   0x00000002   Data   RO           79    .rodata.gUART_4ClockConfig  ti_msp_dl_config.o
    0x00001fee   0x00001fee   0x0000000a   Data   RO           80    .rodata.gUART_4Config  ti_msp_dl_config.o
    0x00001ff8   0x00001ff8   0x00000007   Data   RO            8    .rodata.str1.1      empty.o
    0x00001fff   0x00001fff   0x00000001   PAD
    0x00002000   0x00002000   0x00000020   Data   RO          544    Region$$Table       anon$$obj.o


    Execution Region RW_IRAM2 (Exec base: 0x20200000, Load base: 0x00002020, Size: 0x00000480, Max: 0x00008000, ABSOLUTE)

    Exec Addr    Load Addr    Size         Type   Attr      Idx    E Section Name        Object

    0x20200000   0x00002020   0x00000004   Data   RW          123    .data.L_1           encounter.o
    0x20200004   0x00002024   0x00000004   Data   RW          124    .data.L_2           encounter.o
    0x20200008   0x00002028   0x00000004   Data   RW          125    .data.L_3           encounter.o
    0x2020000c   0x0000202c   0x00000004   Data   RW          126    .data.L_4           encounter.o
    0x20200010        -       0x00000004   Zero   RW          167    .bss.M_F_L_tar      control-center.o
    0x20200014        -       0x00000004   Zero   RW          168    .bss.M_F_R_tar      control-center.o
    0x20200018        -       0x000000bc   Zero   RW           65    .bss.gM_PWMBackup   ti_msp_dl_config.o
    0x202000d4        -       0x00000078   Zero   RW           66    .bss.gSERVOBackup   ti_msp_dl_config.o
    0x2020014c        -       0x00000030   Zero   RW           67    .bss.gUART_1Backup  ti_msp_dl_config.o
    0x2020017c        -       0x00000200   Zero   RW           97    .bss.printTo.str_buf  printto.o
    0x2020037c   0x00002030   0x00000004   PAD
    0x20200380        -       0x00000100   Zero   RW           17    STACK               startup_mspm0g350x_uvision.o



  Load Region LR_BCR (Base: 0x41c00000, Size: 0x00000000, Max: 0x00000100, ABSOLUTE)

    Execution Region BCR_CONFIG (Exec base: 0x41c00000, Load base: 0x41c00000, Size: 0x00000000, Max: 0x00000080, ABSOLUTE)

    **** No section assigned to this execution region ****



  Load Region LR_BSL (Base: 0x41c00100, Size: 0x00000000, Max: 0x00000100, ABSOLUTE)

    Execution Region BSL_CONFIG (Exec base: 0x41c00100, Load base: 0x41c00100, Size: 0x00000000, Max: 0x00000080, ABSOLUTE)

    **** No section assigned to this execution region ****


==============================================================================

Image component sizes


      Code (inc. data)   RO Data    RW Data    ZI Data      Debug   Object Name

         0          0          0          0          8        621   control-center.o
       308        100          7          0          0       9582   empty.o
       184         44          0         16          0       6686   encounter.o
       184         36          0          0        512       5311   printto.o
        20          6        192          0        256        612   startup_mspm0g350x_uvision.o
      1584        296        191          0        356      40447   ti_msp_dl_config.o

    ----------------------------------------------------------------------
      2280        482        428         16       1136      63259   Object Totals
         0          0         32          0          0          0   (incl. Generated)
         0          0          6          0          4          0   (incl. Padding)

    ----------------------------------------------------------------------

      Code (inc. data)   RO Data    RW Data    ZI Data      Debug   Library Member Name

        20          0          0          0          0         40   dl_common.o
       274          4          0          0          0        136   dl_dma.o
        92          4          0          0          0        728   dl_i2c.o
      1144         80          0          0          0       1220   dl_timer.o
       186         12          0          0          0        636   dl_uart.o
         0          0          0          0          0          0   entry.o
         0          0          0          0          0          0   entry10a.o
         0          0          0          0          0          0   entry11a.o
         8          4          0          0          0          0   entry2.o
         4          0          0          0          0          0   entry5.o
         0          0          0          0          0          0   entry7b.o
         0          0          0          0          0          0   entry8b.o
         8          4          0          0          0          0   entry9a.o
        30          0          0          0          0          0   handlers.o
        36          8          0          0          0         68   init.o
         0          0          0          0          0          0   iusefp.o
        32          0          0          0          0         68   llshl.o
        38          0          0          0          0         68   llsshr.o
        34          0          0          0          0         68   llushr.o
      2290         94          0          0          0        460   printfa.o
        62          0          0          0          0         72   uidiv_div0.o
        96          0          0          0          0         84   uldiv.o
        40          2          0          0          0         68   cdrcmple.o
       356          4          0          0          0        140   dadd.o
       240          6          0          0          0         84   ddiv.o
       236          0          0          0          0        216   depilogue.o
        64         10          0          0          0         68   dfixul.o
       208          6          0          0          0         88   dmul.o

    ----------------------------------------------------------------------
      5516        238          0          0          0       4312   Library Totals
        18          0          0          0          0          0   (incl. Padding)

    ----------------------------------------------------------------------

      Code (inc. data)   RO Data    RW Data    ZI Data      Debug   Library Name

      1716        100          0          0          0       2760   driverlib.a
      2638        110          0          0          0        888   mc_p.l
      1144         28          0          0          0        664   mf_p.l

    ----------------------------------------------------------------------
      5516        238          0          0          0       4312   Library Totals

    ----------------------------------------------------------------------

==============================================================================


      Code (inc. data)   RO Data    RW Data    ZI Data      Debug   

      7796        720        428         16       1136      66807   Grand Totals
      7796        720        428         16       1136      66807   ELF Image Totals
      7796        720        428         16          0          0   ROM Totals

==============================================================================

    Total RO  Size (Code + RO Data)                 8224 (   8.03kB)
    Total RW  Size (RW Data + ZI Data)              1152 (   1.12kB)
    Total ROM Size (Code + RO Data + RW Data)       8240 (   8.05kB)

==============================================================================

